Archive member included to satisfy reference by file (symbol)

c:/st/stm32cubeide_1.12.0/stm32cubeide/plugins/com.st.stm32cube.ide.mcu.externaltools.gnu-tools-for-stm32.10.3-2021.10.win32_1.0.200.202301161003/tools/bin/../lib/gcc/arm-none-eabi/10.3.1/../../../../arm-none-eabi/lib/thumb/v7e-m+fp/hard\libc_nano.a(lib_a-errno.o)
                              ./Core/Src/syscalls.o (__errno)
c:/st/stm32cubeide_1.12.0/stm32cubeide/plugins/com.st.stm32cube.ide.mcu.externaltools.gnu-tools-for-stm32.10.3-2021.10.win32_1.0.200.202301161003/tools/bin/../lib/gcc/arm-none-eabi/10.3.1/../../../../arm-none-eabi/lib/thumb/v7e-m+fp/hard\libc_nano.a(lib_a-exit.o)
                              c:/st/stm32cubeide_1.12.0/stm32cubeide/plugins/com.st.stm32cube.ide.mcu.externaltools.gnu-tools-for-stm32.10.3-2021.10.win32_1.0.200.202301161003/tools/bin/../lib/gcc/arm-none-eabi/10.3.1/../../../../arm-none-eabi/lib/thumb/v7e-m+fp/hard/crt0.o (exit)
c:/st/stm32cubeide_1.12.0/stm32cubeide/plugins/com.st.stm32cube.ide.mcu.externaltools.gnu-tools-for-stm32.10.3-2021.10.win32_1.0.200.202301161003/tools/bin/../lib/gcc/arm-none-eabi/10.3.1/../../../../arm-none-eabi/lib/thumb/v7e-m+fp/hard\libc_nano.a(lib_a-findfp.o)
                              ./Middlewares/Third_Party/FreeRTOS/Source/tasks.o (__sf_fake_stderr)
c:/st/stm32cubeide_1.12.0/stm32cubeide/plugins/com.st.stm32cube.ide.mcu.externaltools.gnu-tools-for-stm32.10.3-2021.10.win32_1.0.200.202301161003/tools/bin/../lib/gcc/arm-none-eabi/10.3.1/../../../../arm-none-eabi/lib/thumb/v7e-m+fp/hard\libc_nano.a(lib_a-fwalk.o)
                              c:/st/stm32cubeide_1.12.0/stm32cubeide/plugins/com.st.stm32cube.ide.mcu.externaltools.gnu-tools-for-stm32.10.3-2021.10.win32_1.0.200.202301161003/tools/bin/../lib/gcc/arm-none-eabi/10.3.1/../../../../arm-none-eabi/lib/thumb/v7e-m+fp/hard\libc_nano.a(lib_a-findfp.o) (_fwalk)
c:/st/stm32cubeide_1.12.0/stm32cubeide/plugins/com.st.stm32cube.ide.mcu.externaltools.gnu-tools-for-stm32.10.3-2021.10.win32_1.0.200.202301161003/tools/bin/../lib/gcc/arm-none-eabi/10.3.1/../../../../arm-none-eabi/lib/thumb/v7e-m+fp/hard\libc_nano.a(lib_a-impure.o)
                              c:/st/stm32cubeide_1.12.0/stm32cubeide/plugins/com.st.stm32cube.ide.mcu.externaltools.gnu-tools-for-stm32.10.3-2021.10.win32_1.0.200.202301161003/tools/bin/../lib/gcc/arm-none-eabi/10.3.1/../../../../arm-none-eabi/lib/thumb/v7e-m+fp/hard\libc_nano.a(lib_a-exit.o) (_global_impure_ptr)
c:/st/stm32cubeide_1.12.0/stm32cubeide/plugins/com.st.stm32cube.ide.mcu.externaltools.gnu-tools-for-stm32.10.3-2021.10.win32_1.0.200.202301161003/tools/bin/../lib/gcc/arm-none-eabi/10.3.1/../../../../arm-none-eabi/lib/thumb/v7e-m+fp/hard\libc_nano.a(lib_a-init.o)
                              c:/st/stm32cubeide_1.12.0/stm32cubeide/plugins/com.st.stm32cube.ide.mcu.externaltools.gnu-tools-for-stm32.10.3-2021.10.win32_1.0.200.202301161003/tools/bin/../lib/gcc/arm-none-eabi/10.3.1/../../../../arm-none-eabi/lib/thumb/v7e-m+fp/hard/crt0.o (__libc_init_array)
c:/st/stm32cubeide_1.12.0/stm32cubeide/plugins/com.st.stm32cube.ide.mcu.externaltools.gnu-tools-for-stm32.10.3-2021.10.win32_1.0.200.202301161003/tools/bin/../lib/gcc/arm-none-eabi/10.3.1/../../../../arm-none-eabi/lib/thumb/v7e-m+fp/hard\libc_nano.a(lib_a-lock.o)
                              c:/st/stm32cubeide_1.12.0/stm32cubeide/plugins/com.st.stm32cube.ide.mcu.externaltools.gnu-tools-for-stm32.10.3-2021.10.win32_1.0.200.202301161003/tools/bin/../lib/gcc/arm-none-eabi/10.3.1/../../../../arm-none-eabi/lib/thumb/v7e-m+fp/hard\libc_nano.a(lib_a-findfp.o) (__retarget_lock_init_recursive)
c:/st/stm32cubeide_1.12.0/stm32cubeide/plugins/com.st.stm32cube.ide.mcu.externaltools.gnu-tools-for-stm32.10.3-2021.10.win32_1.0.200.202301161003/tools/bin/../lib/gcc/arm-none-eabi/10.3.1/../../../../arm-none-eabi/lib/thumb/v7e-m+fp/hard\libc_nano.a(lib_a-memcpy-stub.o)
                              ./Middlewares/Third_Party/FreeRTOS/Source/queue.o (memcpy)
c:/st/stm32cubeide_1.12.0/stm32cubeide/plugins/com.st.stm32cube.ide.mcu.externaltools.gnu-tools-for-stm32.10.3-2021.10.win32_1.0.200.202301161003/tools/bin/../lib/gcc/arm-none-eabi/10.3.1/../../../../arm-none-eabi/lib/thumb/v7e-m+fp/hard\libc_nano.a(lib_a-memset.o)
                              c:/st/stm32cubeide_1.12.0/stm32cubeide/plugins/com.st.stm32cube.ide.mcu.externaltools.gnu-tools-for-stm32.10.3-2021.10.win32_1.0.200.202301161003/tools/bin/../lib/gcc/arm-none-eabi/10.3.1/../../../../arm-none-eabi/lib/thumb/v7e-m+fp/hard/crt0.o (memset)
c:/st/stm32cubeide_1.12.0/stm32cubeide/plugins/com.st.stm32cube.ide.mcu.externaltools.gnu-tools-for-stm32.10.3-2021.10.win32_1.0.200.202301161003/tools/bin/../lib/gcc/arm-none-eabi/10.3.1/../../../../arm-none-eabi/lib/thumb/v7e-m+fp/hard\libc_nano.a(lib_a-nano-mallocr.o)
[...]
Memory Configuration

Name             Origin             Length             Attributes
RAM              0x0000000020000000 0x0000000000020000 xrw
FLASH            0x0000000008000000 0x0000000000080000 xr
*default*        0x0000000000000000 0xffffffffffffffff

Linker script and memory map

LOAD c:/st/stm32cubeide_1.12.0/stm32cubeide/plugins/com.st.stm32cube.ide.mcu.externaltools.gnu-tools-for-stm32.10.3-2021.10.win32_1.0.200.202301161003/tools/bin/../lib/gcc/arm-none-eabi/10.3.1/thumb/v7e-m+fp/hard/crti.o
LOAD c:/st/stm32cubeide_1.12.0/stm32cubeide/plugins/com.st.stm32cube.ide.mcu.externaltools.gnu-tools-for-stm32.10.3-2021.10.win32_1.0.200.202301161003/tools/bin/../lib/gcc/arm-none-eabi/10.3.1/thumb/v7e-m+fp/hard/crtbegin.o
LOAD c:/st/stm32cubeide_1.12.0/stm32cubeide/plugins/com.st.stm32cube.ide.mcu.externaltools.gnu-tools-for-stm32.10.3-2021.10.win32_1.0.200.202301161003/tools/bin/../lib/gcc/arm-none-eabi/10.3.1/../../../../arm-none-eabi/lib/thumb/v7e-m+fp/hard/crt0.o
LOAD ./Core/Src/freertos.o
LOAD ./Core/Src/main.o
LOAD ./Core/Src/nrf24l01.o
LOAD ./Core/Src/stm32f4xx_hal_msp.o
LOAD ./Core/Src/stm32f4xx_it.o
LOAD ./Core/Src/syscalls.o
LOAD ./Core/Src/sysmem.o
LOAD ./Core/Src/system_stm32f4xx.o
LOAD ./Core/Startup/startup_stm32f411ceux.o
LOAD ./Drivers/STM32F4xx_HAL_Driver/Src/stm32f4xx_hal.o
LOAD ./Drivers/STM32F4xx_HAL_Driver/Src/stm32f4xx_hal_adc.o
LOAD ./Drivers/STM32F4xx_HAL_Driver/Src/stm32f4xx_hal_adc_ex.o
LOAD ./Drivers/STM32F4xx_HAL_Driver/Src/stm32f4xx_hal_cortex.o
LOAD ./Drivers/STM32F4xx_HAL_Driver/Src/stm32f4xx_hal_dma.o
LOAD ./Drivers/STM32F4xx_HAL_Driver/Src/stm32f4xx_hal_dma_ex.o
LOAD ./Drivers/STM32F4xx_HAL_Driver/Src/stm32f4xx_hal_exti.o
LOAD ./Drivers/STM32F4xx_HAL_Driver/Src/stm32f4xx_hal_flash.o
LOAD ./Drivers/STM32F4xx_HAL_Driver/Src/stm32f4xx_hal_flash_ex.o
LOAD ./Drivers/STM32F4xx_HAL_Driver/Src/stm32f4xx_hal_flash_ramfunc.o
LOAD ./Drivers/STM32F4xx_HAL_Driver/Src/stm32f4xx_hal_gpio.o
LOAD ./Drivers/STM32F4xx_HAL_Driver/Src/stm32f4xx_hal_pwr.o
LOAD ./Drivers/STM32F4xx_HAL_Driver/Src/stm32f4xx_hal_pwr_ex.o
LOAD ./Drivers/STM32F4xx_HAL_Driver/Src/stm32f4xx_hal_rcc.o
LOAD ./Drivers/STM32F4xx_HAL_Driver/Src/stm32f4xx_hal_rcc_ex.o
LOAD ./Drivers/STM32F4xx_HAL_Driver/Src/stm32f4xx_hal_spi.o
LOAD ./Drivers/STM32F4xx_HAL_Driver/Src/stm32f4xx_ll_adc.o
LOAD ./Middlewares/Third_Party/FreeRTOS/Source/CMSIS_RTOS/cmsis_os.o
LOAD ./Middlewares/Third_Party/FreeRTOS/Source/croutine.o
LOAD ./Middlewares/Third_Party/FreeRTOS/Source/event_groups.o
LOAD ./Middlewares/Third_Party/FreeRTOS/Source/list.o
LOAD ./Middlewares/Third_Party/FreeRTOS/Source/queue.o
LOAD ./Middlewares/Third_Party/FreeRTOS/Source/stream_buffer.o
LOAD ./Middlewares/Third_Party/FreeRTOS/Source/tasks.o
LOAD ./Middlewares/Third_Party/FreeRTOS/Source/timers.o
LOAD ./Middlewares/Third_Party/FreeRTOS/Source/portable/GCC/ARM_CM4F/port.o
LOAD ./Middlewares/Third_Party/FreeRTOS/Source/portable/MemMang/heap_4.o
START GROUP
LOAD c:/st/stm32cubeide_1.12.0/stm32cubeide/plugins/com.st.stm32cube.ide.mcu.externaltools.gnu-tools-for-stm32.10.3-2021.10.win32_1.0.200.202301161003/tools/bin/../lib/gcc/arm-none-eabi/10.3.1/../../../../arm-none-eabi/lib/thumb/v7e-m+fp/hard\libc_nano.a
LOAD c:/st/stm32cubeide_1.12.0/stm32cubeide/plugins/com.st.stm32cube.ide.mcu.externaltools.gnu-tools-for-stm32.10.3-2021.10.win32_1.0.200.202301161003/tools/bin/../lib/gcc/arm-none-eabi/10.3.1/../../../../arm-none-eabi/lib/thumb/v7e-m+fp/hard\libm.a
END GROUP
START GROUP
LOAD c:/st/stm32cubeide_1.12.0/stm32cubeide/plugins/com.st.stm32cube.ide.mcu.externaltools.gnu-tools-for-stm32.10.3-2021.10.win32_1.0.200.202301161003/tools/bin/../lib/gcc/arm-none-eabi/10.3.1/thumb/v7e-m+fp/hard\libgcc.a
LOAD c:/st/stm32cubeide_1.12.0/stm32cubeide/plugins/com.st.stm32cube.ide.mcu.externaltools.gnu-tools-for-stm32.10.3-2021.10.win32_1.0.200.202301161003/tools/bin/../lib/gcc/arm-none-eabi/10.3.1/../../../../arm-none-eabi/lib/thumb/v7e-m+fp/hard\libc_nano.a
END GROUP
START GROUP
LOAD c:/st/stm32cubeide_1.12.0/stm32cubeide/plugins/com.st.stm32cube.ide.mcu.externaltools.gnu-tools-for-stm32.10.3-2021.10.win32_1.0.200.202301161003/tools/bin/../lib/gcc/arm-none-eabi/10.3.1/thumb/v7e-m+fp/hard\libgcc.a
LOAD c:/st/stm32cubeide_1.12.0/stm32cubeide/plugins/com.st.stm32cube.ide.mcu.externaltools.gnu-tools-for-stm32.10.3-2021.10.win32_1.0.200.202301161003/tools/bin/../lib/gcc/arm-none-eabi/10.3.1/../../../../arm-none-eabi/lib/thumb/v7e-m+fp/hard\libc_nano.a
LOAD c:/st/stm32cubeide_1.12.0/stm32cubeide/plugins/com.st.stm32cube.ide.mcu.externaltools.gnu-tools-for-stm32.10.3-2021.10.win32_1.0.200.202301161003/tools/bin/../lib/gcc/arm-none-eabi/10.3.1/../../../../arm-none-eabi/lib/thumb/v7e-m+fp/hard\libnosys.a
END GROUP
START GROUP
LOAD c:/st/stm32cubeide_1.12.0/stm32cubeide/plugins/com.st.stm32cube.ide.mcu.externaltools.gnu-tools-for-stm32.10.3-2021.10.win32_1.0.200.202301161003/tools/bin/../lib/gcc/arm-none-eabi/10.3.1/thumb/v7e-m+fp/hard\libgcc.a
LOAD c:/st/stm32cubeide_1.12.0/stm32cubeide/plugins/com.st.stm32cube.ide.mcu.externaltools.gnu-tools-for-stm32.10.3-2021.10.win32_1.0.200.202301161003/tools/bin/../lib/gcc/arm-none-eabi/10.3.1/../../../../arm-none-eabi/lib/thumb/v7e-m+fp/hard\libc_nano.a
LOAD c:/st/stm32cubeide_1.12.0/stm32cubeide/plugins/com.st.stm32cube.ide.mcu.externaltools.gnu-tools-for-stm32.10.3-2021.10.win32_1.0.200.202301161003/tools/bin/../lib/gcc/arm-none-eabi/10.3.1/../../../../arm-none-eabi/lib/thumb/v7e-m+fp/hard\libnosys.a
END GROUP
LOAD c:/st/stm32cubeide_1.12.0/stm32cubeide/plugins/com.st.stm32cube.ide.mcu.externaltools.gnu-tools-for-stm32.10.3-2021.10.win32_1.0.200.202301161003/tools/bin/../lib/gcc/arm-none-eabi/10.3.1/thumb/v7e-m+fp/hard/crtend.o
LOAD c:/st/stm32cubeide_1.12.0/stm32cubeide/plugins/com.st.stm32cube.ide.mcu.externaltools.gnu-tools-for-stm32.10.3-2021.10.win32_1.0.200.202301161003/tools/bin/../lib/gcc/arm-none-eabi/10.3.1/thumb/v7e-m+fp/hard/crtn.o
                0x0000000020020000                _estack = (ORIGIN (RAM) + LENGTH (RAM))
                0x0000000000000200                _Min_Heap_Size = 0x200
                0x0000000000000400                _Min_Stack_Size = 0x400

.isr_vector     0x0000000008000000      0x198
                0x0000000008000000                . = ALIGN (0x4)
 *(.isr_vector)
 .isr_vector    0x0000000008000000      0x198 ./Core/Startup/startup_stm32f411ceux.o
                0x0000000008000000                g_pfnVectors
                0x0000000008000198                . = ALIGN (0x4)

.text           0x00000000080001a0     0x55c4
                0x00000000080001a0                . = ALIGN (0x4)
 *(.text)
 .text          0x00000000080001a0       0x40 c:/st/stm32cubeide_1.12.0/stm32cubeide/plugins/com.st.stm32cube.ide.mcu.externaltools.gnu-tools-for-stm32.10.3-2021.10.win32_1.0.200.202301161003/tools/bin/../lib/gcc/arm-none-eabi/10.3.1/thumb/v7e-m+fp/hard/crtbegin.o
 .text          0x00000000080001e0       0x30 c:/st/stm32cubeide_1.12.0/stm32cubeide/plugins/com.st.stm32cube.ide.mcu.externaltools.gnu-tools-for-stm32.10.3-2021.10.win32_1.0.200.202301161003/tools/bin/../lib/gcc/arm-none-eabi/10.3.1/thumb/v7e-m+fp/hard\libgcc.a(_aeabi_uldivmod.o)
                0x00000000080001e0                __aeabi_uldivmod
 .text          0x0000000008000210      0x2d0 c:/st/stm32cubeide_1.12.0/stm32cubeide/plugins/com.st.stm32cube.ide.mcu.externaltools.gnu-tools-for-stm32.10.3-2021.10.win32_1.0.200.202301161003/tools/bin/../lib/gcc/arm-none-eabi/10.3.1/thumb/v7e-m+fp/hard\libgcc.a(_udivmoddi4.o)
                0x0000000008000210                __udivmoddi4
 .text          0x00000000080004e0        0x4 c:/st/stm32cubeide_1.12.0/stm32cubeide/plugins/com.st.stm32cube.ide.mcu.externaltools.gnu-tools-for-stm32.10.3-2021.10.win32_1.0.200.202301161003/tools/bin/../lib/gcc/arm-none-eabi/10.3.1/thumb/v7e-m+fp/hard\libgcc.a(_dvmd_tls.o)
                0x00000000080004e0                __aeabi_idiv0
                0x00000000080004e0                __aeabi_ldiv0
 *(.text*)
 .text.vApplicationGetIdleTaskMemory
                0x00000000080004e4       0x34 ./Core/Src/freertos.o
                0x00000000080004e4                vApplicationGetIdleTaskMemory
 .text.main     0x0000000008000518       0xe0 ./Core/Src/main.o
                0x0000000008000518                main
 .text.SystemClock_Config
                0x00000000080005f8       0xbc ./Core/Src/main.o
                0x00000000080005f8                SystemClock_Config
 .text.MX_ADC1_Init
                0x00000000080006b4       0xc4 ./Core/Src/main.o
 .text.MX_SPI2_Init
                0x0000000008000778       0x6c ./Core/Src/main.o
 .text.StartDefaultTask
                0x00000000080007e4       0xbc ./Core/Src/main.o
                0x00000000080007e4                StartDefaultTask
 .text.StartTask02
                0x00000000080008a0       0x74 ./Core/Src/main.o
                0x00000000080008a0                StartTask02
 .text.HAL_ADC_ConvCpltCallback
                0x0000000008000914       0x40 ./Core/Src/main.o
                0x0000000008000914                HAL_ADC_ConvCpltCallback
 .text.MX_DMA_Init
                0x0000000008000954       0x40 ./Core/Src/main.o
 .text.MX_GPIO_Init
                0x0000000008000994       0x5c ./Core/Src/main.o
 .text.Error_Handler
                0x00000000080009f0        0xa ./Core/Src/main.o
                0x00000000080009f0                Error_Handler
 .text.nrf24_init
                0x00000000080009fa       0x74 ./Core/Src/nrf24l01.o
                0x00000000080009fa                nrf24_init
 .text.nrf24_setDataRate
                0x0000000008000a6e       0x96 ./Core/Src/nrf24l01.o
                0x0000000008000a6e                nrf24_setDataRate
 .text.nrf24_setPALevel
                0x0000000008000b04       0xb0 ./Core/Src/nrf24l01.o
                0x0000000008000b04                nrf24_setPALevel
 .text.nrf24_setChannel
                0x0000000008000bb4       0x2c ./Core/Src/nrf24l01.o
                0x0000000008000bb4                nrf24_setChannel
 .text.nrf24_setMode
                0x0000000008000be0       0xa4 ./Core/Src/nrf24l01.o
                0x0000000008000be0                nrf24_setMode
 .text.nrf24_setTxAddr
                0x0000000008000c84       0x2a ./Core/Src/nrf24l01.o
                0x0000000008000c84                nrf24_setTxAddr
 .text.nrf24_Transmit
                0x0000000008000cae       0xc6 ./Core/Src/nrf24l01.o
                0x0000000008000cae                nrf24_Transmit
 .text.nrf24_CE_enable
                0x0000000008000d74       0x20 ./Core/Src/nrf24l01.o
 .text.nrf24_CE_disable
                0x0000000008000d94       0x20 ./Core/Src/nrf24l01.o
 .text.nrf24_CSN_enable
                0x0000000008000db4       0x20 ./Core/Src/nrf24l01.o
 .text.nrf24_CSN_disable
                0x0000000008000dd4       0x20 ./Core/Src/nrf24l01.o
 .text.nrf24_writeReg
                0x0000000008000df4       0x56 ./Core/Src/nrf24l01.o
 .text.nrf24_writeRegMulti
                0x0000000008000e4a       0x78 ./Core/Src/nrf24l01.o
 .text.nrf24_readReg
                0x0000000008000ec2       0x5a ./Core/Src/nrf24l01.o
 .text.nrf_sendCmd
                0x0000000008000f1c       0x42 ./Core/Src/nrf24l01.o
 *fill*         0x0000000008000f5e        0x2 
 .text.nrf24_reset
                0x0000000008000f60      0x180 ./Core/Src/nrf24l01.o
 .text.HAL_MspInit
                0x00000000080010e0       0x58 ./Core/Src/stm32f4xx_hal_msp.o
                0x00000000080010e0                HAL_MspInit
 .text.HAL_ADC_MspInit
                0x0000000008001138      0x100 ./Core/Src/stm32f4xx_hal_msp.o
                0x0000000008001138                HAL_ADC_MspInit
 .text.HAL_SPI_MspInit
                0x0000000008001238       0x90 ./Core/Src/stm32f4xx_hal_msp.o
                0x0000000008001238                HAL_SPI_MspInit
 .text.NMI_Handler
                0x00000000080012c8        0x6 ./Core/Src/stm32f4xx_it.o
                0x00000000080012c8                NMI_Handler
 .text.HardFault_Handler
                0x00000000080012ce        0x6 ./Core/Src/stm32f4xx_it.o
                0x00000000080012ce                HardFault_Handler
 .text.MemManage_Handler
                0x00000000080012d4        0x6 ./Core/Src/stm32f4xx_it.o
                0x00000000080012d4                MemManage_Handler
 .text.BusFault_Handler
                0x00000000080012da        0x6 ./Core/Src/stm32f4xx_it.o
                0x00000000080012da                BusFault_Handler
 .text.UsageFault_Handler
                0x00000000080012e0        0x6 ./Core/Src/stm32f4xx_it.o
                0x00000000080012e0                UsageFault_Handler
 .text.DebugMon_Handler
                0x00000000080012e6        0xe ./Core/Src/stm32f4xx_it.o
                0x00000000080012e6                DebugMon_Handler
 .text.SysTick_Handler
                0x00000000080012f4       0x1a ./Core/Src/stm32f4xx_it.o
                0x00000000080012f4                SysTick_Handler
 *fill*         0x000000000800130e        0x2 
 .text.ADC_IRQHandler
                0x0000000008001310       0x14 ./Core/Src/stm32f4xx_it.o
                0x0000000008001310                ADC_IRQHandler
 .text.DMA2_Stream0_IRQHandler
                0x0000000008001324       0x14 ./Core/Src/stm32f4xx_it.o
                0x0000000008001324                DMA2_Stream0_IRQHandler
 .text.SystemInit
                0x0000000008001338       0x24 ./Core/Src/system_stm32f4xx.o
                0x0000000008001338                SystemInit
 .text.Reset_Handler
                0x000000000800135c       0x50 ./Core/Startup/startup_stm32f411ceux.o
                0x000000000800135c                Reset_Handler
 .text.Default_Handler
                0x00000000080013ac        0x2 ./Core/Startup/startup_stm32f411ceux.o
                0x00000000080013ac                RTC_Alarm_IRQHandler
                0x00000000080013ac                EXTI2_IRQHandler
                0x00000000080013ac                SPI4_IRQHandler
                0x00000000080013ac                TIM1_CC_IRQHandler
                0x00000000080013ac                DMA2_Stream5_IRQHandler
                0x00000000080013ac                DMA1_Stream5_IRQHandler
                0x00000000080013ac                PVD_IRQHandler
                0x00000000080013ac                SDIO_IRQHandler
                0x00000000080013ac                TAMP_STAMP_IRQHandler
                0x00000000080013ac                EXTI3_IRQHandler
                0x00000000080013ac                TIM1_UP_TIM10_IRQHandler
                0x00000000080013ac                I2C3_ER_IRQHandler
                0x00000000080013ac                EXTI0_IRQHandler
                0x00000000080013ac                I2C2_EV_IRQHandler
                0x00000000080013ac                DMA1_Stream2_IRQHandler
                0x00000000080013ac                FPU_IRQHandler
                0x00000000080013ac                DMA2_Stream2_IRQHandler
                0x00000000080013ac                SPI1_IRQHandler
                0x00000000080013ac                TIM1_BRK_TIM9_IRQHandler
                0x00000000080013ac                DMA2_Stream3_IRQHandler
                0x00000000080013ac                USART6_IRQHandler
                0x00000000080013ac                TIM4_IRQHandler
                0x00000000080013ac                I2C1_EV_IRQHandler
                0x00000000080013ac                DMA1_Stream6_IRQHandler
                0x00000000080013ac                DMA1_Stream1_IRQHandler
                0x00000000080013ac                TIM3_IRQHandler
                0x00000000080013ac                RCC_IRQHandler
                0x00000000080013ac                Default_Handler
                0x00000000080013ac                EXTI15_10_IRQHandler
                0x00000000080013ac                DMA1_Stream7_IRQHandler
                0x00000000080013ac                SPI5_IRQHandler
                0x00000000080013ac                TIM5_IRQHandler
                0x00000000080013ac                DMA2_Stream7_IRQHandler
                0x00000000080013ac                I2C3_EV_IRQHandler
                0x00000000080013ac                EXTI9_5_IRQHandler
                0x00000000080013ac                RTC_WKUP_IRQHandler
                0x00000000080013ac                SPI2_IRQHandler
                0x00000000080013ac                DMA1_Stream0_IRQHandler
                0x00000000080013ac                EXTI4_IRQHandler
                0x00000000080013ac                WWDG_IRQHandler
                0x00000000080013ac                TIM2_IRQHandler
                0x00000000080013ac                OTG_FS_WKUP_IRQHandler
                0x00000000080013ac                TIM1_TRG_COM_TIM11_IRQHandler
                0x00000000080013ac                EXTI1_IRQHandler
                0x00000000080013ac                USART2_IRQHandler
                0x00000000080013ac                I2C2_ER_IRQHandler
                0x00000000080013ac                DMA2_Stream1_IRQHandler
                0x00000000080013ac                FLASH_IRQHandler
                0x00000000080013ac                DMA2_Stream4_IRQHandler
                0x00000000080013ac                USART1_IRQHandler
                0x00000000080013ac                OTG_FS_IRQHandler
                0x00000000080013ac                SPI3_IRQHandler
                0x00000000080013ac                DMA1_Stream4_IRQHandler
                0x00000000080013ac                I2C1_ER_IRQHandler
                0x00000000080013ac                DMA2_Stream6_IRQHandler
                0x00000000080013ac                DMA1_Stream3_IRQHandler
 *fill*         0x00000000080013ae        0x2 
 .text.HAL_Init
                0x00000000080013b0       0x44 ./Drivers/STM32F4xx_HAL_Driver/Src/stm32f4xx_hal.o
                0x00000000080013b0                HAL_Init
 .text.HAL_InitTick
                0x00000000080013f4       0x60 ./Drivers/STM32F4xx_HAL_Driver/Src/stm32f4xx_hal.o
                0x00000000080013f4                HAL_InitTick
 .text.HAL_IncTick
                0x0000000008001454       0x28 ./Drivers/STM32F4xx_HAL_Driver/Src/stm32f4xx_hal.o
                0x0000000008001454                HAL_IncTick
 .text.HAL_GetTick
                0x000000000800147c       0x18 ./Drivers/STM32F4xx_HAL_Driver/Src/stm32f4xx_hal.o
                0x000000000800147c                HAL_GetTick
 .text.HAL_ADC_Init
                0x0000000008001494       0x86 ./Drivers/STM32F4xx_HAL_Driver/Src/stm32f4xx_hal_adc.o
                0x0000000008001494                HAL_ADC_Init
 *fill*         0x000000000800151a        0x2 
 .text.HAL_ADC_Start_IT
                0x000000000800151c      0x17c ./Drivers/STM32F4xx_HAL_Driver/Src/stm32f4xx_hal_adc.o
                0x000000000800151c                HAL_ADC_Start_IT
 .text.HAL_ADC_IRQHandler
                0x0000000008001698      0x220 ./Drivers/STM32F4xx_HAL_Driver/Src/stm32f4xx_hal_adc.o
                0x0000000008001698                HAL_ADC_IRQHandler
 .text.HAL_ADC_Start_DMA
                0x00000000080018b8      0x1e0 ./Drivers/STM32F4xx_HAL_Driver/Src/stm32f4xx_hal_adc.o
                0x00000000080018b8                HAL_ADC_Start_DMA
 .text.HAL_ADC_ConvHalfCpltCallback
                0x0000000008001a98       0x14 ./Drivers/STM32F4xx_HAL_Driver/Src/stm32f4xx_hal_adc.o
                0x0000000008001a98                HAL_ADC_ConvHalfCpltCallback
 .text.HAL_ADC_LevelOutOfWindowCallback
                0x0000000008001aac       0x14 ./Drivers/STM32F4xx_HAL_Driver/Src/stm32f4xx_hal_adc.o
                0x0000000008001aac                HAL_ADC_LevelOutOfWindowCallback
 .text.HAL_ADC_ErrorCallback
                0x0000000008001ac0       0x14 ./Drivers/STM32F4xx_HAL_Driver/Src/stm32f4xx_hal_adc.o
                0x0000000008001ac0                HAL_ADC_ErrorCallback
 .text.HAL_ADC_ConfigChannel
                0x0000000008001ad4      0x264 ./Drivers/STM32F4xx_HAL_Driver/Src/stm32f4xx_hal_adc.o
                0x0000000008001ad4                HAL_ADC_ConfigChannel
 .text.ADC_Init
                0x0000000008001d38      0x1f8 ./Drivers/STM32F4xx_HAL_Driver/Src/stm32f4xx_hal_adc.o
 .text.ADC_DMAConvCplt
                0x0000000008001f30       0xba ./Drivers/STM32F4xx_HAL_Driver/Src/stm32f4xx_hal_adc.o
 .text.ADC_DMAHalfConvCplt
                0x0000000008001fea       0x1c ./Drivers/STM32F4xx_HAL_Driver/Src/stm32f4xx_hal_adc.o
 .text.ADC_DMAError
                0x0000000008002006       0x2e ./Drivers/STM32F4xx_HAL_Driver/Src/stm32f4xx_hal_adc.o
 .text.HAL_ADCEx_InjectedConvCpltCallback
                0x0000000008002034       0x14 ./Drivers/STM32F4xx_HAL_Driver/Src/stm32f4xx_hal_adc_ex.o
                0x0000000008002034                HAL_ADCEx_InjectedConvCpltCallback
 .text.__NVIC_SetPriorityGrouping
                0x0000000008002048       0x48 ./Drivers/STM32F4xx_HAL_Driver/Src/stm32f4xx_hal_cortex.o
 .text.__NVIC_GetPriorityGrouping
                0x0000000008002090       0x1c ./Drivers/STM32F4xx_HAL_Driver/Src/stm32f4xx_hal_cortex.o
 .text.__NVIC_EnableIRQ
                0x00000000080020ac       0x3c ./Drivers/STM32F4xx_HAL_Driver/Src/stm32f4xx_hal_cortex.o
 .text.__NVIC_SetPriority
                0x00000000080020e8       0x54 ./Drivers/STM32F4xx_HAL_Driver/Src/stm32f4xx_hal_cortex.o
 .text.NVIC_EncodePriority
                0x000000000800213c       0x66 ./Drivers/STM32F4xx_HAL_Driver/Src/stm32f4xx_hal_cortex.o
 *fill*         0x00000000080021a2        0x2 
 .text.SysTick_Config
                0x00000000080021a4       0x44 ./Drivers/STM32F4xx_HAL_Driver/Src/stm32f4xx_hal_cortex.o
 .text.HAL_NVIC_SetPriorityGrouping
                0x00000000080021e8       0x16 ./Drivers/STM32F4xx_HAL_Driver/Src/stm32f4xx_hal_cortex.o
                0x00000000080021e8                HAL_NVIC_SetPriorityGrouping
 .text.HAL_NVIC_SetPriority
                0x00000000080021fe       0x38 ./Drivers/STM32F4xx_HAL_Driver/Src/stm32f4xx_hal_cortex.o
                0x00000000080021fe                HAL_NVIC_SetPriority
 .text.HAL_NVIC_EnableIRQ
                0x0000000008002236       0x1c ./Drivers/STM32F4xx_HAL_Driver/Src/stm32f4xx_hal_cortex.o
                0x0000000008002236                HAL_NVIC_EnableIRQ
 .text.HAL_SYSTICK_Config
                0x0000000008002252       0x18 ./Drivers/STM32F4xx_HAL_Driver/Src/stm32f4xx_hal_cortex.o
                0x0000000008002252                HAL_SYSTICK_Config
 *fill*         0x000000000800226a        0x2 
 .text.HAL_DMA_Init
                0x000000000800226c      0x15c ./Drivers/STM32F4xx_HAL_Driver/Src/stm32f4xx_hal_dma.o
                0x000000000800226c                HAL_DMA_Init
 .text.HAL_DMA_Start_IT
                0x00000000080023c8       0xb0 ./Drivers/STM32F4xx_HAL_Driver/Src/stm32f4xx_hal_dma.o
                0x00000000080023c8                HAL_DMA_Start_IT
 .text.HAL_DMA_IRQHandler
                0x0000000008002478      0x314 ./Drivers/STM32F4xx_HAL_Driver/Src/stm32f4xx_hal_dma.o
                0x0000000008002478                HAL_DMA_IRQHandler
 .text.DMA_SetConfig
                0x000000000800278c       0x5c ./Drivers/STM32F4xx_HAL_Driver/Src/stm32f4xx_hal_dma.o
 .text.DMA_CalcBaseAndBitshift
                0x00000000080027e8       0x6c ./Drivers/STM32F4xx_HAL_Driver/Src/stm32f4xx_hal_dma.o
 .text.DMA_CheckFifoParam
                0x0000000008002854       0xf8 ./Drivers/STM32F4xx_HAL_Driver/Src/stm32f4xx_hal_dma.o
 .text.HAL_GPIO_Init
                0x000000000800294c      0x308 ./Drivers/STM32F4xx_HAL_Driver/Src/stm32f4xx_hal_gpio.o
                0x000000000800294c                HAL_GPIO_Init
 .text.HAL_GPIO_WritePin
                0x0000000008002c54       0x32 ./Drivers/STM32F4xx_HAL_Driver/Src/stm32f4xx_hal_gpio.o
                0x0000000008002c54                HAL_GPIO_WritePin
 *fill*         0x0000000008002c86        0x2 
 .text.HAL_RCC_OscConfig
                0x0000000008002c88      0x4f0 ./Drivers/STM32F4xx_HAL_Driver/Src/stm32f4xx_hal_rcc.o
                0x0000000008002c88                HAL_RCC_OscConfig
 .text.HAL_RCC_ClockConfig
                0x0000000008003178      0x1cc ./Drivers/STM32F4xx_HAL_Driver/Src/stm32f4xx_hal_rcc.o
                0x0000000008003178                HAL_RCC_ClockConfig
 .text.HAL_RCC_GetSysClockFreq
                0x0000000008003344      0x18c ./Drivers/STM32F4xx_HAL_Driver/Src/stm32f4xx_hal_rcc.o
                0x0000000008003344                HAL_RCC_GetSysClockFreq
 .text.HAL_SPI_Init
                0x00000000080034d0      0x112 ./Drivers/STM32F4xx_HAL_Driver/Src/stm32f4xx_hal_spi.o
                0x00000000080034d0                HAL_SPI_Init
 .text.HAL_SPI_Transmit
                0x00000000080035e2      0x278 ./Drivers/STM32F4xx_HAL_Driver/Src/stm32f4xx_hal_spi.o
                0x00000000080035e2                HAL_SPI_Transmit
 .text.HAL_SPI_Receive
                0x000000000800385a      0x222 ./Drivers/STM32F4xx_HAL_Driver/Src/stm32f4xx_hal_spi.o
                0x000000000800385a                HAL_SPI_Receive
 .text.HAL_SPI_TransmitReceive
                0x0000000008003a7c      0x344 ./Drivers/STM32F4xx_HAL_Driver/Src/stm32f4xx_hal_spi.o
                0x0000000008003a7c                HAL_SPI_TransmitReceive
 .text.HAL_SPI_GetState
                0x0000000008003dc0       0x1c ./Drivers/STM32F4xx_HAL_Driver/Src/stm32f4xx_hal_spi.o
                0x0000000008003dc0                HAL_SPI_GetState
 .text.SPI_WaitFlagStateUntilTimeout
                0x0000000008003ddc      0x110 ./Drivers/STM32F4xx_HAL_Driver/Src/stm32f4xx_hal_spi.o
 .text.SPI_EndRxTransaction
                0x0000000008003eec       0xca ./Drivers/STM32F4xx_HAL_Driver/Src/stm32f4xx_hal_spi.o
 *fill*         0x0000000008003fb6        0x2 
 .text.SPI_EndRxTxTransaction
                0x0000000008003fb8       0x84 ./Drivers/STM32F4xx_HAL_Driver/Src/stm32f4xx_hal_spi.o
 .text.makeFreeRtosPriority
                0x000000000800403c       0x30 ./Middlewares/Third_Party/FreeRTOS/Source/CMSIS_RTOS/cmsis_os.o
 .text.osKernelStart
                0x000000000800406c        0xe ./Middlewares/Third_Party/FreeRTOS/Source/CMSIS_RTOS/cmsis_os.o
                0x000000000800406c                osKernelStart
 .text.osThreadCreate
                0x000000000800407a       0x98 ./Middlewares/Third_Party/FreeRTOS/Source/CMSIS_RTOS/cmsis_os.o
                0x000000000800407a                osThreadCreate
 .text.osDelay  0x0000000008004112       0x28 ./Middlewares/Third_Party/FreeRTOS/Source/CMSIS_RTOS/cmsis_os.o
                0x0000000008004112                osDelay
 .text.vListInitialise
                0x000000000800413a       0x40 ./Middlewares/Third_Party/FreeRTOS/Source/list.o
                0x000000000800413a                vListInitialise
 .text.vListInitialiseItem
                0x000000000800417a       0x1a ./Middlewares/Third_Party/FreeRTOS/Source/list.o
                0x000000000800417a                vListInitialiseItem
 .text.vListInsertEnd
                0x0000000008004194       0x48 ./Middlewares/Third_Party/FreeRTOS/Source/list.o
                0x0000000008004194                vListInsertEnd
 .text.vListInsert
                0x00000000080041dc       0x72 ./Middlewares/Third_Party/FreeRTOS/Source/list.o
                0x00000000080041dc                vListInsert
 .text.uxListRemove
                0x000000000800424e       0x54 ./Middlewares/Third_Party/FreeRTOS/Source/list.o
                0x000000000800424e                uxListRemove
 .text.xTaskCreateStatic
                0x00000000080042a2       0xba ./Middlewares/Third_Party/FreeRTOS/Source/tasks.o
                0x00000000080042a2                xTaskCreateStatic
 .text.xTaskCreate
                0x000000000800435c       0x8a ./Middlewares/Third_Party/FreeRTOS/Source/tasks.o
                0x000000000800435c                xTaskCreate
 *fill*         0x00000000080043e6        0x2 
 .text.prvInitialiseNewTask
                0x00000000080043e8      0x13c ./Middlewares/Third_Party/FreeRTOS/Source/tasks.o
 .text.prvAddNewTaskToReadyList
                0x0000000008004524       0xd4 ./Middlewares/Third_Party/FreeRTOS/Source/tasks.o
 .text.vTaskDelay
                0x00000000080045f8       0x68 ./Middlewares/Third_Party/FreeRTOS/Source/tasks.o
                0x00000000080045f8                vTaskDelay
 .text.vTaskStartScheduler
                0x0000000008004660       0xd4 ./Middlewares/Third_Party/FreeRTOS/Source/tasks.o
                0x0000000008004660                vTaskStartScheduler
 .text.vTaskSuspendAll
                0x0000000008004734       0x1c ./Middlewares/Third_Party/FreeRTOS/Source/tasks.o
                0x0000000008004734                vTaskSuspendAll
 .text.xTaskResumeAll
                0x0000000008004750      0x138 ./Middlewares/Third_Party/FreeRTOS/Source/tasks.o
                0x0000000008004750                xTaskResumeAll
 .text.xTaskIncrementTick
                0x0000000008004888      0x170 ./Middlewares/Third_Party/FreeRTOS/Source/tasks.o
                0x0000000008004888                xTaskIncrementTick
 .text.vTaskSwitchContext
                0x00000000080049f8       0xc4 ./Middlewares/Third_Party/FreeRTOS/Source/tasks.o
                0x00000000080049f8                vTaskSwitchContext
 .text.prvIdleTask
                0x0000000008004abc       0x30 ./Middlewares/Third_Party/FreeRTOS/Source/tasks.o
 .text.prvInitialiseTaskLists
                0x0000000008004aec       0x80 ./Middlewares/Third_Party/FreeRTOS/Source/tasks.o
 .text.prvCheckTasksWaitingTermination
                0x0000000008004b6c       0x5c ./Middlewares/Third_Party/FreeRTOS/Source/tasks.o
 .text.prvDeleteTCB
                0x0000000008004bc8       0x68 ./Middlewares/Third_Party/FreeRTOS/Source/tasks.o
 .text.prvResetNextTaskUnblockTime
                0x0000000008004c30       0x40 ./Middlewares/Third_Party/FreeRTOS/Source/tasks.o
 .text.xTaskGetSchedulerState
                0x0000000008004c70       0x3c ./Middlewares/Third_Party/FreeRTOS/Source/tasks.o
                0x0000000008004c70                xTaskGetSchedulerState
 .text.prvAddCurrentTaskToDelayedList
                0x0000000008004cac       0xcc ./Middlewares/Third_Party/FreeRTOS/Source/tasks.o
 .text.pxPortInitialiseStack
                0x0000000008004d78       0x68 ./Middlewares/Third_Party/FreeRTOS/Source/portable/GCC/ARM_CM4F/port.o
                0x0000000008004d78                pxPortInitialiseStack
 .text.prvTaskExitError
                0x0000000008004de0       0x58 ./Middlewares/Third_Party/FreeRTOS/Source/portable/GCC/ARM_CM4F/port.o
 *fill*         0x0000000008004e38        0x8 
 .text.SVC_Handler
                0x0000000008004e40       0x28 ./Middlewares/Third_Party/FreeRTOS/Source/portable/GCC/ARM_CM4F/port.o
                0x0000000008004e40                SVC_Handler
 .text.prvPortStartFirstTask
                0x0000000008004e68       0x28 ./Middlewares/Third_Party/FreeRTOS/Source/portable/GCC/ARM_CM4F/port.o
 .text.xPortStartScheduler
                0x0000000008004e90      0x144 ./Middlewares/Third_Party/FreeRTOS/Source/portable/GCC/ARM_CM4F/port.o
                0x0000000008004e90                xPortStartScheduler
 .text.vPortEnterCritical
                0x0000000008004fd4       0x60 ./Middlewares/Third_Party/FreeRTOS/Source/portable/GCC/ARM_CM4F/port.o
                0x0000000008004fd4                vPortEnterCritical
 .text.vPortExitCritical
                0x0000000008005034       0x54 ./Middlewares/Third_Party/FreeRTOS/Source/portable/GCC/ARM_CM4F/port.o
                0x0000000008005034                vPortExitCritical
 *fill*         0x0000000008005088        0x8 
 .text.PendSV_Handler
                0x0000000008005090       0x68 ./Middlewares/Third_Party/FreeRTOS/Source/portable/GCC/ARM_CM4F/port.o
                0x0000000008005090                PendSV_Handler
 .text.xPortSysTickHandler
                0x00000000080050f8       0x44 ./Middlewares/Third_Party/FreeRTOS/Source/portable/GCC/ARM_CM4F/port.o
                0x00000000080050f8                xPortSysTickHandler
 .text.vPortSetupTimerInterrupt
                0x000000000800513c       0x48 ./Middlewares/Third_Party/FreeRTOS/Source/portable/GCC/ARM_CM4F/port.o
                0x000000000800513c                vPortSetupTimerInterrupt
 .text.vPortEnableVFP
                0x0000000008005184       0x14 ./Middlewares/Third_Party/FreeRTOS/Source/portable/GCC/ARM_CM4F/port.o
 .text.pvPortMalloc
                0x0000000008005198      0x198 ./Middlewares/Third_Party/FreeRTOS/Source/portable/MemMang/heap_4.o
                0x0000000008005198                pvPortMalloc
 .text.vPortFree
                0x0000000008005330       0xc4 ./Middlewares/Third_Party/FreeRTOS/Source/portable/MemMang/heap_4.o
                0x0000000008005330                vPortFree
 .text.prvHeapInit
                0x00000000080053f4       0xc4 ./Middlewares/Third_Party/FreeRTOS/Source/portable/MemMang/heap_4.o
 .text.prvInsertBlockIntoFreeList
                0x00000000080054b8       0xb4 ./Middlewares/Third_Party/FreeRTOS/Source/portable/MemMang/heap_4.o
 .text.__libc_init_array
                0x000000000800556c       0x48 c:/st/stm32cubeide_1.12.0/stm32cubeide/plugins/com.st.stm32cube.ide.mcu.externaltools.gnu-tools-for-stm32.10.3-2021.10.win32_1.0.200.202301161003/tools/bin/../lib/gcc/arm-none-eabi/10.3.1/../../../../arm-none-eabi/lib/thumb/v7e-m+fp/hard\libc_nano.a(lib_a-init.o)
                0x000000000800556c                __libc_init_array
 .text.__retarget_lock_acquire_recursive
                0x00000000080055b4        0x2 c:/st/stm32cubeide_1.12.0/stm32cubeide/plugins/com.st.stm32cube.ide.mcu.externaltools.gnu-tools-for-stm32.10.3-2021.10.win32_1.0.200.202301161003/tools/bin/../lib/gcc/arm-none-eabi/10.3.1/../../../../arm-none-eabi/lib/thumb/v7e-m+fp/hard\libc_nano.a(lib_a-lock.o)
                0x00000000080055b4                __retarget_lock_acquire_recursive
 .text.__retarget_lock_release_recursive
                0x00000000080055b6        0x2 c:/st/stm32cubeide_1.12.0/stm32cubeide/plugins/com.st.stm32cube.ide.mcu.externaltools.gnu-tools-for-stm32.10.3-2021.10.win32_1.0.200.202301161003/tools/bin/../lib/gcc/arm-none-eabi/10.3.1/../../../../arm-none-eabi/lib/thumb/v7e-m+fp/hard\libc_nano.a(lib_a-lock.o)
                0x00000000080055b6                __retarget_lock_release_recursive
 .text.memset   0x00000000080055b8       0x10 c:/st/stm32cubeide_1.12.0/stm32cubeide/plugins/com.st.stm32cube.ide.mcu.externaltools.gnu-tools-for-stm32.10.3-2021.10.win32_1.0.200.202301161003/tools/bin/../lib/gcc/arm-none-eabi/10.3.1/../../../../arm-none-eabi/lib/thumb/v7e-m+fp/hard\libc_nano.a(lib_a-memset.o)
                0x00000000080055b8                memset
 .text.cleanup_glue
                0x00000000080055c8       0x1a c:/st/stm32cubeide_1.12.0/stm32cubeide/plugins/com.st.stm32cube.ide.mcu.externaltools.gnu-tools-for-stm32.10.3-2021.10.win32_1.0.200.202301161003/tools/bin/../lib/gcc/arm-none-eabi/10.3.1/../../../../arm-none-eabi/lib/thumb/v7e-m+fp/hard\libc_nano.a(lib_a-reent.o)
                0x00000000080055c8                cleanup_glue
 *fill*         0x00000000080055e2        0x2 
 .text._reclaim_reent
                0x00000000080055e4       0xb8 c:/st/stm32cubeide_1.12.0/stm32cubeide/plugins/com.st.stm32cube.ide.mcu.externaltools.gnu-tools-for-stm32.10.3-2021.10.win32_1.0.200.202301161003/tools/bin/../lib/gcc/arm-none-eabi/10.3.1/../../../../arm-none-eabi/lib/thumb/v7e-m+fp/hard\libc_nano.a(lib_a-reent.o)
                0x00000000080055e4                _reclaim_reent
 .text.__malloc_lock
                0x000000000800569c        0xc c:/st/stm32cubeide_1.12.0/stm32cubeide/plugins/com.st.stm32cube.ide.mcu.externaltools.gnu-tools-for-stm32.10.3-2021.10.win32_1.0.200.202301161003/tools/bin/../lib/gcc/arm-none-eabi/10.3.1/../../../../arm-none-eabi/lib/thumb/v7e-m+fp/hard\libc_nano.a(lib_a-mlock.o)
                0x000000000800569c                __malloc_lock
 .text.__malloc_unlock
                0x00000000080056a8        0xc c:/st/stm32cubeide_1.12.0/stm32cubeide/plugins/com.st.stm32cube.ide.mcu.externaltools.gnu-tools-for-stm32.10.3-2021.10.win32_1.0.200.202301161003/tools/bin/../lib/gcc/arm-none-eabi/10.3.1/../../../../arm-none-eabi/lib/thumb/v7e-m+fp/hard\libc_nano.a(lib_a-mlock.o)
                0x00000000080056a8                __malloc_unlock
 .text._free_r  0x00000000080056b4       0x98 c:/st/stm32cubeide_1.12.0/stm32cubeide/plugins/com.st.stm32cube.ide.mcu.externaltools.gnu-tools-for-stm32.10.3-2021.10.win32_1.0.200.202301161003/tools/bin/../lib/gcc/arm-none-eabi/10.3.1/../../../../arm-none-eabi/lib/thumb/v7e-m+fp/hard\libc_nano.a(lib_a-nano-freer.o)
                0x00000000080056b4                _free_r
 *(.glue_7)
 .glue_7        0x000000000800574c        0x0 linker stubs
 *(.glue_7t)
 .glue_7t       0x000000000800574c        0x0 linker stubs
 *(.eh_frame)
 .eh_frame      0x000000000800574c        0x0 c:/st/stm32cubeide_1.12.0/stm32cubeide/plugins/com.st.stm32cube.ide.mcu.externaltools.gnu-tools-for-stm32.10.3-2021.10.win32_1.0.200.202301161003/tools/bin/../lib/gcc/arm-none-eabi/10.3.1/thumb/v7e-m+fp/hard/crtbegin.o
 *(.init)
 .init          0x000000000800574c        0x4 c:/st/stm32cubeide_1.12.0/stm32cubeide/plugins/com.st.stm32cube.ide.mcu.externaltools.gnu-tools-for-stm32.10.3-2021.10.win32_1.0.200.202301161003/tools/bin/../lib/gcc/arm-none-eabi/10.3.1/thumb/v7e-m+fp/hard/crti.o
                0x000000000800574c                _init
 .init          0x0000000008005750        0x8 c:/st/stm32cubeide_1.12.0/stm32cubeide/plugins/com.st.stm32cube.ide.mcu.externaltools.gnu-tools-for-stm32.10.3-2021.10.win32_1.0.200.202301161003/tools/bin/../lib/gcc/arm-none-eabi/10.3.1/thumb/v7e-m+fp/hard/crtn.o
 *(.fini)
 .fini          0x0000000008005758        0x4 c:/st/stm32cubeide_1.12.0/stm32cubeide/plugins/com.st.stm32cube.ide.mcu.externaltools.gnu-tools-for-stm32.10.3-2021.10.win32_1.0.200.202301161003/tools/bin/../lib/gcc/arm-none-eabi/10.3.1/thumb/v7e-m+fp/hard/crti.o
                0x0000000008005758                _fini
 .fini          0x000000000800575c        0x8 c:/st/stm32cubeide_1.12.0/stm32cubeide/plugins/com.st.stm32cube.ide.mcu.externaltools.gnu-tools-for-stm32.10.3-2021.10.win32_1.0.200.202301161003/tools/bin/../lib/gcc/arm-none-eabi/10.3.1/thumb/v7e-m+fp/hard/crtn.o
                0x0000000008005764                . = ALIGN (0x4)
                0x0000000008005764                _etext = .

.vfp11_veneer   0x0000000008005764        0x0
 .vfp11_veneer  0x0000000008005764        0x0 linker stubs

.v4_bx          0x0000000008005764        0x0
 .v4_bx         0x0000000008005764        0x0 linker stubs

.iplt           0x0000000008005764        0x0
 .iplt          0x0000000008005764        0x0 c:/st/stm32cubeide_1.12.0/stm32cubeide/plugins/com.st.stm32cube.ide.mcu.externaltools.gnu-tools-for-stm32.10.3-2021.10.win32_1.0.200.202301161003/tools/bin/../lib/gcc/arm-none-eabi/10.3.1/thumb/v7e-m+fp/hard/crtbegin.o

.rodata         0x0000000008005764       0xe0
                0x0000000008005764                . = ALIGN (0x4)
 *(.rodata)
 .rodata        0x0000000008005764       0x50 ./Core/Src/main.o
 .rodata        0x00000000080057b4        0xd ./Core/Src/nrf24l01.o
 *fill*         0x00000000080057c1        0x3 
 .rodata        0x00000000080057c4        0x5 ./Middlewares/Third_Party/FreeRTOS/Source/tasks.o
 *(.rodata*)
 *fill*         0x00000000080057c9        0x3 
 .rodata.AHBPrescTable
                0x00000000080057cc       0x10 ./Core/Src/system_stm32f4xx.o
                0x00000000080057cc                AHBPrescTable
 .rodata.flagBitshiftOffset.0
                0x00000000080057dc        0x8 ./Drivers/STM32F4xx_HAL_Driver/Src/stm32f4xx_hal_dma.o
 .rodata.__sf_fake_stderr
                0x00000000080057e4       0x20 c:/st/stm32cubeide_1.12.0/stm32cubeide/plugins/com.st.stm32cube.ide.mcu.externaltools.gnu-tools-for-stm32.10.3-2021.10.win32_1.0.200.202301161003/tools/bin/../lib/gcc/arm-none-eabi/10.3.1/../../../../arm-none-eabi/lib/thumb/v7e-m+fp/hard\libc_nano.a(lib_a-findfp.o)
                0x00000000080057e4                __sf_fake_stderr
 .rodata.__sf_fake_stdin
                0x0000000008005804       0x20 c:/st/stm32cubeide_1.12.0/stm32cubeide/plugins/com.st.stm32cube.ide.mcu.externaltools.gnu-tools-for-stm32.10.3-2021.10.win32_1.0.200.202301161003/tools/bin/../lib/gcc/arm-none-eabi/10.3.1/../../../../arm-none-eabi/lib/thumb/v7e-m+fp/hard\libc_nano.a(lib_a-findfp.o)
                0x0000000008005804                __sf_fake_stdin
 .rodata.__sf_fake_stdout
                0x0000000008005824       0x20 c:/st/stm32cubeide_1.12.0/stm32cubeide/plugins/com.st.stm32cube.ide.mcu.externaltools.gnu-tools-for-stm32.10.3-2021.10.win32_1.0.200.202301161003/tools/bin/../lib/gcc/arm-none-eabi/10.3.1/../../../../arm-none-eabi/lib/thumb/v7e-m+fp/hard\libc_nano.a(lib_a-findfp.o)
                0x0000000008005824                __sf_fake_stdout
                0x0000000008005844                . = ALIGN (0x4)

.ARM.extab      0x0000000008005844        0x0
                0x0000000008005844                . = ALIGN (0x4)
 *(.ARM.extab* .gnu.linkonce.armextab.*)
                0x0000000008005844                . = ALIGN (0x4)

.ARM            0x0000000008005844        0x8
                0x0000000008005844                . = ALIGN (0x4)
                0x0000000008005844                __exidx_start = .
 *(.ARM.exidx*)
 .ARM.exidx     0x0000000008005844        0x8 c:/st/stm32cubeide_1.12.0/stm32cubeide/plugins/com.st.stm32cube.ide.mcu.externaltools.gnu-tools-for-stm32.10.3-2021.10.win32_1.0.200.202301161003/tools/bin/../lib/gcc/arm-none-eabi/10.3.1/thumb/v7e-m+fp/hard\libgcc.a(_udivmoddi4.o)
                0x000000000800584c                __exidx_end = .
                0x000000000800584c                . = ALIGN (0x4)

.rel.dyn        0x000000000800584c        0x0
 .rel.iplt      0x000000000800584c        0x0 c:/st/stm32cubeide_1.12.0/stm32cubeide/plugins/com.st.stm32cube.ide.mcu.externaltools.gnu-tools-for-stm32.10.3-2021.10.win32_1.0.200.202301161003/tools/bin/../lib/gcc/arm-none-eabi/10.3.1/thumb/v7e-m+fp/hard/crtbegin.o

.preinit_array  0x000000000800584c        0x0
                0x000000000800584c                . = ALIGN (0x4)
                0x000000000800584c                PROVIDE (__preinit_array_start = .)
 *(.preinit_array*)
                0x000000000800584c                PROVIDE (__preinit_array_end = .)
                0x000000000800584c                . = ALIGN (0x4)

.init_array     0x000000000800584c        0x4
                0x000000000800584c                . = ALIGN (0x4)
                0x000000000800584c                PROVIDE (__init_array_start = .)
 *(SORT_BY_NAME(.init_array.*))
 *(.init_array*)
 .init_array    0x000000000800584c        0x4 c:/st/stm32cubeide_1.12.0/stm32cubeide/plugins/com.st.stm32cube.ide.mcu.externaltools.gnu-tools-for-stm32.10.3-2021.10.win32_1.0.200.202301161003/tools/bin/../lib/gcc/arm-none-eabi/10.3.1/thumb/v7e-m+fp/hard/crtbegin.o
                0x0000000008005850                PROVIDE (__init_array_end = .)
                0x0000000008005850                . = ALIGN (0x4)

.fini_array     0x0000000008005850        0x4
                0x0000000008005850                . = ALIGN (0x4)
                [!provide]                        PROVIDE (__fini_array_start = .)
 *(SORT_BY_NAME(.fini_array.*))
 *(.fini_array*)
 .fini_array    0x0000000008005850        0x4 c:/st/stm32cubeide_1.12.0/stm32cubeide/plugins/com.st.stm32cube.ide.mcu.externaltools.gnu-tools-for-stm32.10.3-2021.10.win32_1.0.200.202301161003/tools/bin/../lib/gcc/arm-none-eabi/10.3.1/thumb/v7e-m+fp/hard/crtbegin.o
                [!provide]                        PROVIDE (__fini_array_end = .)
                0x0000000008005854                . = ALIGN (0x4)
                0x0000000008005854                _sidata = LOADADDR (.data)

.data           0x0000000020000000       0xf4 load address 0x0000000008005854
                0x0000000020000000                . = ALIGN (0x4)
                0x0000000020000000                _sdata = .
 *(.data)
 *(.data*)
 .data.txAddr   0x0000000020000000        0x5 ./Core/Src/main.o
                0x0000000020000000                txAddr
 *fill*         0x0000000020000005        0x3 
 .data.txData   0x0000000020000008       0x16 ./Core/Src/main.o
                0x0000000020000008                txData
 *fill*         0x000000002000001e        0x2 
 .data.txData1  0x0000000020000020       0x16 ./Core/Src/main.o
                0x0000000020000020                txData1
 *fill*         0x0000000020000036        0x2 
 .data.txData2  0x0000000020000038       0x16 ./Core/Src/main.o
                0x0000000020000038                txData2
 *fill*         0x000000002000004e        0x2 
 .data.txData3  0x0000000020000050       0x16 ./Core/Src/main.o
                0x0000000020000050                txData3
 *fill*         0x0000000020000066        0x2 
 .data.txData4  0x0000000020000068       0x16 ./Core/Src/main.o
                0x0000000020000068                txData4
 *fill*         0x000000002000007e        0x2 
 .data.SystemCoreClock
                0x0000000020000080        0x4 ./Core/Src/system_stm32f4xx.o
                0x0000000020000080                SystemCoreClock
 .data.uwTickPrio
                0x0000000020000084        0x4 ./Drivers/STM32F4xx_HAL_Driver/Src/stm32f4xx_hal.o
                0x0000000020000084                uwTickPrio
 .data.uwTickFreq
                0x0000000020000088        0x1 ./Drivers/STM32F4xx_HAL_Driver/Src/stm32f4xx_hal.o
                0x0000000020000088                uwTickFreq
 *fill*         0x0000000020000089        0x3 
 .data.uxCriticalNesting
                0x000000002000008c        0x4 ./Middlewares/Third_Party/FreeRTOS/Source/portable/GCC/ARM_CM4F/port.o
 .data._impure_ptr
                0x0000000020000090        0x4 c:/st/stm32cubeide_1.12.0/stm32cubeide/plugins/com.st.stm32cube.ide.mcu.externaltools.gnu-tools-for-stm32.10.3-2021.10.win32_1.0.200.202301161003/tools/bin/../lib/gcc/arm-none-eabi/10.3.1/../../../../arm-none-eabi/lib/thumb/v7e-m+fp/hard\libc_nano.a(lib_a-impure.o)
                0x0000000020000090                _impure_ptr
 .data.impure_data
                0x0000000020000094       0x60 c:/st/stm32cubeide_1.12.0/stm32cubeide/plugins/com.st.stm32cube.ide.mcu.externaltools.gnu-tools-for-stm32.10.3-2021.10.win32_1.0.200.202301161003/tools/bin/../lib/gcc/arm-none-eabi/10.3.1/../../../../arm-none-eabi/lib/thumb/v7e-m+fp/hard\libc_nano.a(lib_a-impure.o)
 *(.RamFunc)
 *(.RamFunc*)
                0x00000000200000f4                . = ALIGN (0x4)
                0x00000000200000f4                _edata = .

.igot.plt       0x00000000200000f4        0x0 load address 0x0000000008005948
 .igot.plt      0x00000000200000f4        0x0 c:/st/stm32cubeide_1.12.0/stm32cubeide/plugins/com.st.stm32cube.ide.mcu.externaltools.gnu-tools-for-stm32.10.3-2021.10.win32_1.0.200.202301161003/tools/bin/../lib/gcc/arm-none-eabi/10.3.1/thumb/v7e-m+fp/hard/crtbegin.o
                0x00000000200000f4                . = ALIGN (0x4)

.bss            0x00000000200000f4     0x4164 load address 0x0000000008005948
                0x00000000200000f4                _sbss = .
                0x00000000200000f4                __bss_start__ = _sbss
 *(.bss)
 .bss           0x00000000200000f4       0x1c c:/st/stm32cubeide_1.12.0/stm32cubeide/plugins/com.st.stm32cube.ide.mcu.externaltools.gnu-tools-for-stm32.10.3-2021.10.win32_1.0.200.202301161003/tools/bin/../lib/gcc/arm-none-eabi/10.3.1/thumb/v7e-m+fp/hard/crtbegin.o
 *(.bss*)
 .bss.xIdleTaskTCBBuffer
                0x0000000020000110       0xb4 ./Core/Src/freertos.o
 .bss.xIdleStack
                0x00000000200001c4      0x200 ./Core/Src/freertos.o
 .bss.defaultTaskHandle
                0x00000000200003c4        0x4 ./Core/Src/main.o
                0x00000000200003c4                defaultTaskHandle
 .bss.myTask02Handle
                0x00000000200003c8        0x4 ./Core/Src/main.o
                0x00000000200003c8                myTask02Handle
 .bss.hadc1     0x00000000200003cc       0x48 ./Core/Src/main.o
                0x00000000200003cc                hadc1
 .bss.hdma_adc1
                0x0000000020000414       0x60 ./Core/Src/main.o
                0x0000000020000414                hdma_adc1
 .bss.adc_buf   0x0000000020000474        0x8 ./Core/Src/main.o
                0x0000000020000474                adc_buf
 .bss.valor_adc
                0x000000002000047c        0x4 ./Core/Src/main.o
                0x000000002000047c                valor_adc
 .bss.hspi2     0x0000000020000480       0x58 ./Core/Src/main.o
                0x0000000020000480                hspi2
 .bss.nrfTx     0x00000000200004d8       0x20 ./Core/Src/main.o
                0x00000000200004d8                nrfTx
 .bss.uwTick    0x00000000200004f8        0x4 ./Drivers/STM32F4xx_HAL_Driver/Src/stm32f4xx_hal.o
                0x00000000200004f8                uwTick
 .bss.pxCurrentTCB
                0x00000000200004fc        0x4 ./Middlewares/Third_Party/FreeRTOS/Source/tasks.o
                0x00000000200004fc                pxCurrentTCB
 .bss.pxReadyTasksLists
                0x0000000020000500       0x8c ./Middlewares/Third_Party/FreeRTOS/Source/tasks.o
 .bss.xDelayedTaskList1
                0x000000002000058c       0x14 ./Middlewares/Third_Party/FreeRTOS/Source/tasks.o
 .bss.xDelayedTaskList2
                0x00000000200005a0       0x14 ./Middlewares/Third_Party/FreeRTOS/Source/tasks.o
 .bss.pxDelayedTaskList
                0x00000000200005b4        0x4 ./Middlewares/Third_Party/FreeRTOS/Source/tasks.o
 .bss.pxOverflowDelayedTaskList
                0x00000000200005b8        0x4 ./Middlewares/Third_Party/FreeRTOS/Source/tasks.o
 .bss.xPendingReadyList
                0x00000000200005bc       0x14 ./Middlewares/Third_Party/FreeRTOS/Source/tasks.o
 .bss.xTasksWaitingTermination
                0x00000000200005d0       0x14 ./Middlewares/Third_Party/FreeRTOS/Source/tasks.o
 .bss.uxDeletedTasksWaitingCleanUp
                0x00000000200005e4        0x4 ./Middlewares/Third_Party/FreeRTOS/Source/tasks.o
 .bss.xSuspendedTaskList
                0x00000000200005e8       0x14 ./Middlewares/Third_Party/FreeRTOS/Source/tasks.o
 .bss.uxCurrentNumberOfTasks
                0x00000000200005fc        0x4 ./Middlewares/Third_Party/FreeRTOS/Source/tasks.o
 .bss.xTickCount
                0x0000000020000600        0x4 ./Middlewares/Third_Party/FreeRTOS/Source/tasks.o
 .bss.uxTopReadyPriority
                0x0000000020000604        0x4 ./Middlewares/Third_Party/FreeRTOS/Source/tasks.o
 .bss.xSchedulerRunning
                0x0000000020000608        0x4 ./Middlewares/Third_Party/FreeRTOS/Source/tasks.o
 .bss.xPendedTicks
                0x000000002000060c        0x4 ./Middlewares/Third_Party/FreeRTOS/Source/tasks.o
 .bss.xYieldPending
                0x0000000020000610        0x4 ./Middlewares/Third_Party/FreeRTOS/Source/tasks.o
 .bss.xNumOfOverflows
                0x0000000020000614        0x4 ./Middlewares/Third_Party/FreeRTOS/Source/tasks.o
 .bss.uxTaskNumber
                0x0000000020000618        0x4 ./Middlewares/Third_Party/FreeRTOS/Source/tasks.o
 .bss.xNextTaskUnblockTime
                0x000000002000061c        0x4 ./Middlewares/Third_Party/FreeRTOS/Source/tasks.o
 .bss.xIdleTaskHandle
                0x0000000020000620        0x4 ./Middlewares/Third_Party/FreeRTOS/Source/tasks.o
 .bss.uxSchedulerSuspended
                0x0000000020000624        0x4 ./Middlewares/Third_Party/FreeRTOS/Source/tasks.o
 .bss.ucMaxSysCallPriority
                0x0000000020000628        0x1 ./Middlewares/Third_Party/FreeRTOS/Source/portable/GCC/ARM_CM4F/port.o
 *fill*         0x0000000020000629        0x3 
 .bss.ulMaxPRIGROUPValue
                0x000000002000062c        0x4 ./Middlewares/Third_Party/FreeRTOS/Source/portable/GCC/ARM_CM4F/port.o
 .bss.ucHeap    0x0000000020000630     0x3c00 ./Middlewares/Third_Party/FreeRTOS/Source/portable/MemMang/heap_4.o
 .bss.xStart    0x0000000020004230        0x8 ./Middlewares/Third_Party/FreeRTOS/Source/portable/MemMang/heap_4.o
 .bss.pxEnd     0x0000000020004238        0x4 ./Middlewares/Third_Party/FreeRTOS/Source/portable/MemMang/heap_4.o
 .bss.xFreeBytesRemaining
                0x000000002000423c        0x4 ./Middlewares/Third_Party/FreeRTOS/Source/portable/MemMang/heap_4.o
 .bss.xMinimumEverFreeBytesRemaining
                0x0000000020004240        0x4 ./Middlewares/Third_Party/FreeRTOS/Source/portable/MemMang/heap_4.o
 .bss.xNumberOfSuccessfulAllocations
                0x0000000020004244        0x4 ./Middlewares/Third_Party/FreeRTOS/Source/portable/MemMang/heap_4.o
 .bss.xNumberOfSuccessfulFrees
                0x0000000020004248        0x4 ./Middlewares/Third_Party/FreeRTOS/Source/portable/MemMang/heap_4.o
 .bss.xBlockAllocatedBit
                0x000000002000424c        0x4 ./Middlewares/Third_Party/FreeRTOS/Source/portable/MemMang/heap_4.o
 .bss.__lock___malloc_recursive_mutex
                0x0000000020004250        0x1 c:/st/stm32cubeide_1.12.0/stm32cubeide/plugins/com.st.stm32cube.ide.mcu.externaltools.gnu-tools-for-stm32.10.3-2021.10.win32_1.0.200.202301161003/tools/bin/../lib/gcc/arm-none-eabi/10.3.1/../../../../arm-none-eabi/lib/thumb/v7e-m+fp/hard\libc_nano.a(lib_a-lock.o)
                0x0000000020004250                __lock___malloc_recursive_mutex
 *fill*         0x0000000020004251        0x3 
 .bss.__malloc_free_list
                0x0000000020004254        0x4 c:/st/stm32cubeide_1.12.0/stm32cubeide/plugins/com.st.stm32cube.ide.mcu.externaltools.gnu-tools-for-stm32.10.3-2021.10.win32_1.0.200.202301161003/tools/bin/../lib/gcc/arm-none-eabi/10.3.1/../../../../arm-none-eabi/lib/thumb/v7e-m+fp/hard\libc_nano.a(lib_a-nano-mallocr.o)
                0x0000000020004254                __malloc_free_list
 *(COMMON)
                0x0000000020004258                . = ALIGN (0x4)
                0x0000000020004258                _ebss = .
                0x0000000020004258                __bss_end__ = _ebss

._user_heap_stack
                0x0000000020004258      0x600 load address 0x0000000008005948
                0x0000000020004258                . = ALIGN (0x8)
                [!provide]                        PROVIDE (end = .)
                0x0000000020004258                PROVIDE (_end = .)
                0x0000000020004458                . = (. + _Min_Heap_Size)
 *fill*         0x0000000020004258      0x200 
                0x0000000020004858                . = (. + _Min_Stack_Size)
 *fill*         0x0000000020004458      0x400 
                0x0000000020004858                . = ALIGN (0x8)

/DISCARD/
 libc.a(*)
 libm.a(*)
 libgcc.a(*)

.ARM.attributes
                0x0000000000000000       0x30
 *(.ARM.attributes)
 .ARM.attributes
                0x0000000000000000       0x1e c:/st/stm32cubeide_1.12.0/stm32cubeide/plugins/com.st.stm32cube.ide.mcu.externaltools.gnu-tools-for-stm32.10.3-2021.10.win32_1.0.200.202301161003/tools/bin/../lib/gcc/arm-none-eabi/10.3.1/thumb/v7e-m+fp/hard/crti.o
 .ARM.attributes
                0x000000000000001e       0x34 c:/st/stm32cubeide_1.12.0/stm32cubeide/plugins/com.st.stm32cube.ide.mcu.externaltools.gnu-tools-for-stm32.10.3-2021.10.win32_1.0.200.202301161003/tools/bin/../lib/gcc/arm-none-eabi/10.3.1/thumb/v7e-m+fp/hard/crtbegin.o
 .ARM.attributes
                0x0000000000000052       0x34 ./Core/Src/freertos.o
 .ARM.attributes
                0x0000000000000086       0x34 ./Core/Src/main.o
 .ARM.attributes
                0x00000000000000ba       0x34 ./Core/Src/nrf24l01.o
 .ARM.attributes
                0x00000000000000ee       0x34 ./Core/Src/stm32f4xx_hal_msp.o
 .ARM.attributes
                0x0000000000000122       0x34 ./Core/Src/stm32f4xx_it.o
 .ARM.attributes
                0x0000000000000156       0x34 ./Core/Src/system_stm32f4xx.o
 .ARM.attributes
                0x000000000000018a       0x21 ./Core/Startup/startup_stm32f411ceux.o
 .ARM.attributes
                0x00000000000001ab       0x34 ./Drivers/STM32F4xx_HAL_Driver/Src/stm32f4xx_hal.o
 .ARM.attributes
                0x00000000000001df       0x34 ./Drivers/STM32F4xx_HAL_Driver/Src/stm32f4xx_hal_adc.o
 .ARM.attributes
                0x0000000000000213       0x34 ./Drivers/STM32F4xx_HAL_Driver/Src/stm32f4xx_hal_adc_ex.o
 .ARM.attributes
                0x0000000000000247       0x34 ./Drivers/STM32F4xx_HAL_Driver/Src/stm32f4xx_hal_cortex.o
 .ARM.attributes
                0x000000000000027b       0x34 ./Drivers/STM32F4xx_HAL_Driver/Src/stm32f4xx_hal_dma.o
 .ARM.attributes
                0x00000000000002af       0x34 ./Drivers/STM32F4xx_HAL_Driver/Src/stm32f4xx_hal_gpio.o
 .ARM.attributes
                0x00000000000002e3       0x34 ./Drivers/STM32F4xx_HAL_Driver/Src/stm32f4xx_hal_rcc.o
 .ARM.attributes
                0x0000000000000317       0x34 ./Drivers/STM32F4xx_HAL_Driver/Src/stm32f4xx_hal_spi.o
 .ARM.attributes
                0x000000000000034b       0x34 ./Middlewares/Third_Party/FreeRTOS/Source/CMSIS_RTOS/cmsis_os.o
 .ARM.attributes
                0x000000000000037f       0x34 ./Middlewares/Third_Party/FreeRTOS/Source/list.o
 .ARM.attributes
                0x00000000000003b3       0x34 ./Middlewares/Third_Party/FreeRTOS/Source/tasks.o
 .ARM.attributes
                0x00000000000003e7       0x34 ./Middlewares/Third_Party/FreeRTOS/Source/portable/GCC/ARM_CM4F/port.o
 .ARM.attributes
                0x000000000000041b       0x34 ./Middlewares/Third_Party/FreeRTOS/Source/portable/MemMang/heap_4.o
 .ARM.attributes
                0x000000000000044f       0x34 c:/st/stm32cubeide_1.12.0/stm32cubeide/plugins/com.st.stm32cube.ide.mcu.externaltools.gnu-tools-for-stm32.10.3-2021.10.win32_1.0.200.202301161003/tools/bin/../lib/gcc/arm-none-eabi/10.3.1/../../../../arm-none-eabi/lib/thumb/v7e-m+fp/hard\libc_nano.a(lib_a-findfp.o)
 .ARM.attributes
                0x0000000000000483       0x34 c:/st/stm32cubeide_1.12.0/stm32cubeide/plugins/com.st.stm32cube.ide.mcu.externaltools.gnu-tools-for-stm32.10.3-2021.10.win32_1.0.200.202301161003/tools/bin/../lib/gcc/arm-none-eabi/10.3.1/../../../../arm-none-eabi/lib/thumb/v7e-m+fp/hard\libc_nano.a(lib_a-impure.o)
 .ARM.attributes
                0x00000000000004b7       0x34 c:/st/stm32cubeide_1.12.0/stm32cubeide/plugins/com.st.stm32cube.ide.mcu.externaltools.gnu-tools-for-stm32.10.3-2021.10.win32_1.0.200.202301161003/tools/bin/../lib/gcc/arm-none-eabi/10.3.1/../../../../arm-none-eabi/lib/thumb/v7e-m+fp/hard\libc_nano.a(lib_a-init.o)
 .ARM.attributes
                0x00000000000004eb       0x34 c:/st/stm32cubeide_1.12.0/stm32cubeide/plugins/com.st.stm32cube.ide.mcu.externaltools.gnu-tools-for-stm32.10.3-2021.10.win32_1.0.200.202301161003/tools/bin/../lib/gcc/arm-none-eabi/10.3.1/../../../../arm-none-eabi/lib/thumb/v7e-m+fp/hard\libc_nano.a(lib_a-lock.o)
 .ARM.attributes
                0x000000000000051f       0x34 c:/st/stm32cubeide_1.12.0/stm32cubeide/plugins/com.st.stm32cube.ide.mcu.externaltools.gnu-tools-for-stm32.10.3-2021.10.win32_1.0.200.202301161003/tools/bin/../lib/gcc/arm-none-eabi/10.3.1/../../../../arm-none-eabi/lib/thumb/v7e-m+fp/hard\libc_nano.a(lib_a-memset.o)
 .ARM.attributes
                0x0000000000000553       0x34 c:/st/stm32cubeide_1.12.0/stm32cubeide/plugins/com.st.stm32cube.ide.mcu.externaltools.gnu-tools-for-stm32.10.3-2021.10.win32_1.0.200.202301161003/tools/bin/../lib/gcc/arm-none-eabi/10.3.1/../../../../arm-none-eabi/lib/thumb/v7e-m+fp/hard\libc_nano.a(lib_a-nano-mallocr.o)
 .ARM.attributes
                0x0000000000000587       0x34 c:/st/stm32cubeide_1.12.0/stm32cubeide/plugins/com.st.stm32cube.ide.mcu.externaltools.gnu-tools-for-stm32.10.3-2021.10.win32_1.0.200.202301161003/tools/bin/../lib/gcc/arm-none-eabi/10.3.1/../../../../arm-none-eabi/lib/thumb/v7e-m+fp/hard\libc_nano.a(lib_a-reent.o)
 .ARM.attributes
                0x00000000000005bb       0x34 c:/st/stm32cubeide_1.12.0/stm32cubeide/plugins/com.st.stm32cube.ide.mcu.externaltools.gnu-tools-for-stm32.10.3-2021.10.win32_1.0.200.202301161003/tools/bin/../lib/gcc/arm-none-eabi/10.3.1/../../../../arm-none-eabi/lib/thumb/v7e-m+fp/hard\libc_nano.a(lib_a-mlock.o)
 .ARM.attributes
                0x00000000000005ef       0x34 c:/st/stm32cubeide_1.12.0/stm32cubeide/plugins/com.st.stm32cube.ide.mcu.externaltools.gnu-tools-for-stm32.10.3-2021.10.win32_1.0.200.202301161003/tools/bin/../lib/gcc/arm-none-eabi/10.3.1/../../../../arm-none-eabi/lib/thumb/v7e-m+fp/hard\libc_nano.a(lib_a-nano-freer.o)
 .ARM.attributes
                0x0000000000000623       0x1e c:/st/stm32cubeide_1.12.0/stm32cubeide/plugins/com.st.stm32cube.ide.mcu.externaltools.gnu-tools-for-stm32.10.3-2021.10.win32_1.0.200.202301161003/tools/bin/../lib/gcc/arm-none-eabi/10.3.1/thumb/v7e-m+fp/hard\libgcc.a(_aeabi_uldivmod.o)
 .ARM.attributes
                0x0000000000000641       0x34 c:/st/stm32cubeide_1.12.0/stm32cubeide/plugins/com.st.stm32cube.ide.mcu.externaltools.gnu-tools-for-stm32.10.3-2021.10.win32_1.0.200.202301161003/tools/bin/../lib/gcc/arm-none-eabi/10.3.1/thumb/v7e-m+fp/hard\libgcc.a(_udivmoddi4.o)
 .ARM.attributes
                0x0000000000000675       0x1e c:/st/stm32cubeide_1.12.0/stm32cubeide/plugins/com.st.stm32cube.ide.mcu.externaltools.gnu-tools-for-stm32.10.3-2021.10.win32_1.0.200.202301161003/tools/bin/../lib/gcc/arm-none-eabi/10.3.1/thumb/v7e-m+fp/hard\libgcc.a(_dvmd_tls.o)
 .ARM.attributes
                0x0000000000000693       0x1e c:/st/stm32cubeide_1.12.0/stm32cubeide/plugins/com.st.stm32cube.ide.mcu.externaltools.gnu-tools-for-stm32.10.3-2021.10.win32_1.0.200.202301161003/tools/bin/../lib/gcc/arm-none-eabi/10.3.1/thumb/v7e-m+fp/hard/crtn.o
OUTPUT(FreeRtos_Control_V1.elf elf32-littlearm)
LOAD linker stubs
LOAD c:/st/stm32cubeide_1.12.0/stm32cubeide/plugins/com.st.stm32cube.ide.mcu.externaltools.gnu-tools-for-stm32.10.3-2021.10.win32_1.0.200.202301161003/tools/bin/../lib/gcc/arm-none-eabi/10.3.1/../../../../arm-none-eabi/lib/thumb/v7e-m+fp/hard\libc.a
LOAD c:/st/stm32cubeide_1.12.0/stm32cubeide/plugins/com.st.stm32cube.ide.mcu.externaltools.gnu-tools-for-stm32.10.3-2021.10.win32_1.0.200.202301161003/tools/bin/../lib/gcc/arm-none-eabi/10.3.1/../../../../arm-none-eabi/lib/thumb/v7e-m+fp/hard\libm.a
LOAD c:/st/stm32cubeide_1.12.0/stm32cubeide/plugins/com.st.stm32cube.ide.mcu.externaltools.gnu-tools-for-stm32.10.3-2021.10.win32_1.0.200.202301161003/tools/bin/../lib/gcc/arm-none-eabi/10.3.1/thumb/v7e-m+fp/hard\libgcc.a

.debug_info     0x0000000000000000    0x10b0f
 .debug_info    0x0000000000000000      0x9b6 ./Core/Src/freertos.o
 .debug_info    0x00000000000009b6     0x1f4d ./Core/Src/main.o
 .debug_info    0x0000000000002903      0xf45 ./Core/Src/nrf24l01.o
 .debug_info    0x0000000000003848      0xf32 ./Core/Src/stm32f4xx_hal_msp.o
 .debug_info    0x000000000000477a      0x687 ./Core/Src/stm32f4xx_it.o
 .debug_info    0x0000000000004e01      0x54f ./Core/Src/system_stm32f4xx.o
 .debug_info    0x0000000000005350       0x22 ./Core/Startup/startup_stm32f411ceux.o
 .debug_info    0x0000000000005372      0x90d ./Drivers/STM32F4xx_HAL_Driver/Src/stm32f4xx_hal.o
 .debug_info    0x0000000000005c7f      0xd68 ./Drivers/STM32F4xx_HAL_Driver/Src/stm32f4xx_hal_adc.o
 .debug_info    0x00000000000069e7      0xbd4 ./Drivers/STM32F4xx_HAL_Driver/Src/stm32f4xx_hal_adc_ex.o
 .debug_info    0x00000000000075bb      0xd8b ./Drivers/STM32F4xx_HAL_Driver/Src/stm32f4xx_hal_cortex.o
 .debug_info    0x0000000000008346      0x947 ./Drivers/STM32F4xx_HAL_Driver/Src/stm32f4xx_hal_dma.o
 .debug_info    0x0000000000008c8d      0x78e ./Drivers/STM32F4xx_HAL_Driver/Src/stm32f4xx_hal_gpio.o
 .debug_info    0x000000000000941b      0x98d ./Drivers/STM32F4xx_HAL_Driver/Src/stm32f4xx_hal_rcc.o
 .debug_info    0x0000000000009da8     0x1750 ./Drivers/STM32F4xx_HAL_Driver/Src/stm32f4xx_hal_spi.o
 .debug_info    0x000000000000b4f8     0x2352 ./Middlewares/Third_Party/FreeRTOS/Source/CMSIS_RTOS/cmsis_os.o
 .debug_info    0x000000000000d84a      0x2d1 ./Middlewares/Third_Party/FreeRTOS/Source/list.o
 .debug_info    0x000000000000db1b     0x25e2 ./Middlewares/Third_Party/FreeRTOS/Source/tasks.o
 .debug_info    0x00000000000100fd      0x507 ./Middlewares/Third_Party/FreeRTOS/Source/portable/GCC/ARM_CM4F/port.o
 .debug_info    0x0000000000010604      0x50b ./Middlewares/Third_Party/FreeRTOS/Source/portable/MemMang/heap_4.o

.debug_abbrev   0x0000000000000000     0x2b3b
 .debug_abbrev  0x0000000000000000      0x169 ./Core/Src/freertos.o
 .debug_abbrev  0x0000000000000169      0x339 ./Core/Src/main.o
 .debug_abbrev  0x00000000000004a2      0x2a8 ./Core/Src/nrf24l01.o
 .debug_abbrev  0x000000000000074a      0x1ef ./Core/Src/stm32f4xx_hal_msp.o
 .debug_abbrev  0x0000000000000939      0x145 ./Core/Src/stm32f4xx_it.o
 .debug_abbrev  0x0000000000000a7e      0x116 ./Core/Src/system_stm32f4xx.o
 .debug_abbrev  0x0000000000000b94       0x12 ./Core/Startup/startup_stm32f411ceux.o
 .debug_abbrev  0x0000000000000ba6      0x23e ./Drivers/STM32F4xx_HAL_Driver/Src/stm32f4xx_hal.o
 .debug_abbrev  0x0000000000000de4      0x204 ./Drivers/STM32F4xx_HAL_Driver/Src/stm32f4xx_hal_adc.o
 .debug_abbrev  0x0000000000000fe8      0x21f ./Drivers/STM32F4xx_HAL_Driver/Src/stm32f4xx_hal_adc_ex.o
 .debug_abbrev  0x0000000000001207      0x316 ./Drivers/STM32F4xx_HAL_Driver/Src/stm32f4xx_hal_cortex.o
 .debug_abbrev  0x000000000000151d      0x21b ./Drivers/STM32F4xx_HAL_Driver/Src/stm32f4xx_hal_dma.o
 .debug_abbrev  0x0000000000001738      0x1c4 ./Drivers/STM32F4xx_HAL_Driver/Src/stm32f4xx_hal_gpio.o
 .debug_abbrev  0x00000000000018fc      0x2aa ./Drivers/STM32F4xx_HAL_Driver/Src/stm32f4xx_hal_rcc.o
 .debug_abbrev  0x0000000000001ba6      0x26e ./Drivers/STM32F4xx_HAL_Driver/Src/stm32f4xx_hal_spi.o
 .debug_abbrev  0x0000000000001e14      0x406 ./Middlewares/Third_Party/FreeRTOS/Source/CMSIS_RTOS/cmsis_os.o
 .debug_abbrev  0x000000000000221a       0xf2 ./Middlewares/Third_Party/FreeRTOS/Source/list.o
 .debug_abbrev  0x000000000000230c      0x3c4 ./Middlewares/Third_Party/FreeRTOS/Source/tasks.o
 .debug_abbrev  0x00000000000026d0      0x259 ./Middlewares/Third_Party/FreeRTOS/Source/portable/GCC/ARM_CM4F/port.o
 .debug_abbrev  0x0000000000002929      0x212 ./Middlewares/Third_Party/FreeRTOS/Source/portable/MemMang/heap_4.o

.debug_aranges  0x0000000000000000      0xda8
 .debug_aranges
                0x0000000000000000       0x20 ./Core/Src/freertos.o
 .debug_aranges
                0x0000000000000020       0x68 ./Core/Src/main.o
 .debug_aranges
                0x0000000000000088       0xc8 ./Core/Src/nrf24l01.o
 .debug_aranges
                0x0000000000000150       0x40 ./Core/Src/stm32f4xx_hal_msp.o
 .debug_aranges
                0x0000000000000190       0x60 ./Core/Src/stm32f4xx_it.o
 .debug_aranges
                0x00000000000001f0       0x28 ./Core/Src/system_stm32f4xx.o
 .debug_aranges
                0x0000000000000218       0x28 ./Core/Startup/startup_stm32f411ceux.o
 .debug_aranges
                0x0000000000000240       0xf0 ./Drivers/STM32F4xx_HAL_Driver/Src/stm32f4xx_hal.o
 .debug_aranges
                0x0000000000000330       0xe8 ./Drivers/STM32F4xx_HAL_Driver/Src/stm32f4xx_hal_adc.o
 .debug_aranges
                0x0000000000000418       0x90 ./Drivers/STM32F4xx_HAL_Driver/Src/stm32f4xx_hal_adc_ex.o
 .debug_aranges
                0x00000000000004a8      0x118 ./Drivers/STM32F4xx_HAL_Driver/Src/stm32f4xx_hal_cortex.o
 .debug_aranges
                0x00000000000005c0       0x90 ./Drivers/STM32F4xx_HAL_Driver/Src/stm32f4xx_hal_dma.o
 .debug_aranges
                0x0000000000000650       0x58 ./Drivers/STM32F4xx_HAL_Driver/Src/stm32f4xx_hal_gpio.o
 .debug_aranges
                0x00000000000006a8       0x88 ./Drivers/STM32F4xx_HAL_Driver/Src/stm32f4xx_hal_rcc.o
 .debug_aranges
                0x0000000000000730      0x1d0 ./Drivers/STM32F4xx_HAL_Driver/Src/stm32f4xx_hal_spi.o
 .debug_aranges
                0x0000000000000900      0x1d8 ./Middlewares/Third_Party/FreeRTOS/Source/CMSIS_RTOS/cmsis_os.o
 .debug_aranges
                0x0000000000000ad8       0x40 ./Middlewares/Third_Party/FreeRTOS/Source/list.o
 .debug_aranges
                0x0000000000000b18      0x1b8 ./Middlewares/Third_Party/FreeRTOS/Source/tasks.o
 .debug_aranges
                0x0000000000000cd0       0x80 ./Middlewares/Third_Party/FreeRTOS/Source/portable/GCC/ARM_CM4F/port.o
 .debug_aranges
                0x0000000000000d50       0x58 ./Middlewares/Third_Party/FreeRTOS/Source/portable/MemMang/heap_4.o

.debug_ranges   0x0000000000000000      0xc70
 .debug_ranges  0x0000000000000000       0x10 ./Core/Src/freertos.o
 .debug_ranges  0x0000000000000010       0x58 ./Core/Src/main.o
 .debug_ranges  0x0000000000000068       0xb8 ./Core/Src/nrf24l01.o
 .debug_ranges  0x0000000000000120       0x30 ./Core/Src/stm32f4xx_hal_msp.o
 .debug_ranges  0x0000000000000150       0x50 ./Core/Src/stm32f4xx_it.o
 .debug_ranges  0x00000000000001a0       0x18 ./Core/Src/system_stm32f4xx.o
 .debug_ranges  0x00000000000001b8       0x20 ./Core/Startup/startup_stm32f411ceux.o
 .debug_ranges  0x00000000000001d8       0xe0 ./Drivers/STM32F4xx_HAL_Driver/Src/stm32f4xx_hal.o
 .debug_ranges  0x00000000000002b8       0xd8 ./Drivers/STM32F4xx_HAL_Driver/Src/stm32f4xx_hal_adc.o
 .debug_ranges  0x0000000000000390       0x80 ./Drivers/STM32F4xx_HAL_Driver/Src/stm32f4xx_hal_adc_ex.o
 .debug_ranges  0x0000000000000410      0x108 ./Drivers/STM32F4xx_HAL_Driver/Src/stm32f4xx_hal_cortex.o
 .debug_ranges  0x0000000000000518       0x80 ./Drivers/STM32F4xx_HAL_Driver/Src/stm32f4xx_hal_dma.o
 .debug_ranges  0x0000000000000598       0x48 ./Drivers/STM32F4xx_HAL_Driver/Src/stm32f4xx_hal_gpio.o
 .debug_ranges  0x00000000000005e0       0x78 ./Drivers/STM32F4xx_HAL_Driver/Src/stm32f4xx_hal_rcc.o
 .debug_ranges  0x0000000000000658      0x1c0 ./Drivers/STM32F4xx_HAL_Driver/Src/stm32f4xx_hal_spi.o
 .debug_ranges  0x0000000000000818      0x1c8 ./Middlewares/Third_Party/FreeRTOS/Source/CMSIS_RTOS/cmsis_os.o
 .debug_ranges  0x00000000000009e0       0x30 ./Middlewares/Third_Party/FreeRTOS/Source/list.o
 .debug_ranges  0x0000000000000a10      0x1a8 ./Middlewares/Third_Party/FreeRTOS/Source/tasks.o
 .debug_ranges  0x0000000000000bb8       0x70 ./Middlewares/Third_Party/FreeRTOS/Source/portable/GCC/ARM_CM4F/port.o
 .debug_ranges  0x0000000000000c28       0x48 ./Middlewares/Third_Party/FreeRTOS/Source/portable/MemMang/heap_4.o

.debug_macro    0x0000000000000000    0x18ac8
 .debug_macro   0x0000000000000000      0x2f1 ./Core/Src/freertos.o
 .debug_macro   0x00000000000002f1      0xa78 ./Core/Src/freertos.o
 .debug_macro   0x0000000000000d69      0x174 ./Core/Src/freertos.o
 .debug_macro   0x0000000000000edd       0x22 ./Core/Src/freertos.o
 .debug_macro   0x0000000000000eff       0x8e ./Core/Src/freertos.o
 .debug_macro   0x0000000000000f8d       0x51 ./Core/Src/freertos.o
 .debug_macro   0x0000000000000fde      0x103 ./Core/Src/freertos.o
 .debug_macro   0x00000000000010e1       0x6a ./Core/Src/freertos.o
 .debug_macro   0x000000000000114b      0x1df ./Core/Src/freertos.o
 .debug_macro   0x000000000000132a       0xea ./Core/Src/freertos.o
 .debug_macro   0x0000000000001414      0x15a ./Core/Src/freertos.o
 .debug_macro   0x000000000000156e       0xde ./Core/Src/freertos.o
 .debug_macro   0x000000000000164c       0x1c ./Core/Src/freertos.o
 .debug_macro   0x0000000000001668       0x26 ./Core/Src/freertos.o
 .debug_macro   0x000000000000168e       0x52 ./Core/Src/freertos.o
 .debug_macro   0x00000000000016e0       0x1e ./Core/Src/freertos.o
 .debug_macro   0x00000000000016fe       0x3c ./Core/Src/freertos.o
 .debug_macro   0x000000000000173a       0x34 ./Core/Src/freertos.o
 .debug_macro   0x000000000000176e       0x16 ./Core/Src/freertos.o
 .debug_macro   0x0000000000001784       0x43 ./Core/Src/freertos.o
 .debug_macro   0x00000000000017c7       0x34 ./Core/Src/freertos.o
 .debug_macro   0x00000000000017fb       0x10 ./Core/Src/freertos.o
 .debug_macro   0x000000000000180b       0x58 ./Core/Src/freertos.o
 .debug_macro   0x0000000000001863       0x71 ./Core/Src/freertos.o
 .debug_macro   0x00000000000018d4       0x1c ./Core/Src/freertos.o
 .debug_macro   0x00000000000018f0      0x12a ./Core/Src/freertos.o
 .debug_macro   0x0000000000001a1a       0x10 ./Core/Src/freertos.o
 .debug_macro   0x0000000000001a2a       0x35 ./Core/Src/freertos.o
 .debug_macro   0x0000000000001a5f      0x4fe ./Core/Src/freertos.o
 .debug_macro   0x0000000000001f5d       0xb5 ./Core/Src/freertos.o
 .debug_macro   0x0000000000002012       0xaa ./Core/Src/freertos.o
 .debug_macro   0x00000000000020bc      0x29b ./Core/Src/freertos.o
 .debug_macro   0x0000000000002357       0x2e ./Core/Src/freertos.o
 .debug_macro   0x0000000000002385       0x28 ./Core/Src/freertos.o
 .debug_macro   0x00000000000023ad       0x1c ./Core/Src/freertos.o
 .debug_macro   0x00000000000023c9       0x22 ./Core/Src/freertos.o
 .debug_macro   0x00000000000023eb       0xd9 ./Core/Src/freertos.o
 .debug_macro   0x00000000000024c4     0x102d ./Core/Src/freertos.o
 .debug_macro   0x00000000000034f1      0x11f ./Core/Src/freertos.o
 .debug_macro   0x0000000000003610     0xb953 ./Core/Src/freertos.o
 .debug_macro   0x000000000000ef63       0x6d ./Core/Src/freertos.o
 .debug_macro   0x000000000000efd0     0x367e ./Core/Src/freertos.o
 .debug_macro   0x000000000001264e       0x5c ./Core/Src/freertos.o
 .debug_macro   0x00000000000126aa      0x447 ./Core/Src/freertos.o
 .debug_macro   0x0000000000012af1      0x9fe ./Core/Src/freertos.o
 .debug_macro   0x00000000000134ef      0x115 ./Core/Src/freertos.o
 .debug_macro   0x0000000000013604      0x11b ./Core/Src/freertos.o
 .debug_macro   0x000000000001371f       0xa5 ./Core/Src/freertos.o
 .debug_macro   0x00000000000137c4      0x15f ./Core/Src/freertos.o
 .debug_macro   0x0000000000013923      0x287 ./Core/Src/freertos.o
 .debug_macro   0x0000000000013baa       0x5f ./Core/Src/freertos.o
 .debug_macro   0x0000000000013c09      0x236 ./Core/Src/freertos.o
 .debug_macro   0x0000000000013e3f      0x9e1 ./Core/Src/freertos.o
 .debug_macro   0x0000000000014820      0x38b ./Core/Src/freertos.o
 .debug_macro   0x0000000000014bab      0x17d ./Core/Src/freertos.o
 .debug_macro   0x0000000000014d28       0xf9 ./Core/Src/freertos.o
 .debug_macro   0x0000000000014e21      0x132 ./Core/Src/freertos.o
 .debug_macro   0x0000000000014f53      0x264 ./Core/Src/freertos.o
 .debug_macro   0x00000000000151b7       0x2e ./Core/Src/freertos.o
 .debug_macro   0x00000000000151e5      0x11a ./Core/Src/freertos.o
 .debug_macro   0x00000000000152ff       0x85 ./Core/Src/freertos.o
 .debug_macro   0x0000000000015384       0x89 ./Core/Src/freertos.o
 .debug_macro   0x000000000001540d      0x225 ./Core/Src/freertos.o
 .debug_macro   0x0000000000015632      0x126 ./Core/Src/freertos.o
 .debug_macro   0x0000000000015758      0x423 ./Core/Src/main.o
 .debug_macro   0x0000000000015b7b      0x112 ./Core/Src/main.o
 .debug_macro   0x0000000000015c8d       0x16 ./Core/Src/main.o
 .debug_macro   0x0000000000015ca3      0x341 ./Core/Src/main.o
 .debug_macro   0x0000000000015fe4       0x10 ./Core/Src/main.o
 .debug_macro   0x0000000000015ff4       0x10 ./Core/Src/main.o
 .debug_macro   0x0000000000016004       0x1c ./Core/Src/main.o
 .debug_macro   0x0000000000016020       0x52 ./Core/Src/main.o
 .debug_macro   0x0000000000016072       0x22 ./Core/Src/main.o
 .debug_macro   0x0000000000016094       0x10 ./Core/Src/main.o
 .debug_macro   0x00000000000160a4       0x52 ./Core/Src/main.o
 .debug_macro   0x00000000000160f6       0xd5 ./Core/Src/main.o
 .debug_macro   0x00000000000161cb       0x1c ./Core/Src/main.o
 .debug_macro   0x00000000000161e7       0x3d ./Core/Src/main.o
 .debug_macro   0x0000000000016224       0x16 ./Core/Src/main.o
 .debug_macro   0x000000000001623a      0x145 ./Core/Src/main.o
 .debug_macro   0x000000000001637f       0xea ./Core/Src/main.o
 .debug_macro   0x0000000000016469       0x16 ./Core/Src/main.o
 .debug_macro   0x000000000001647f       0x91 ./Core/Src/main.o
 .debug_macro   0x0000000000016510       0x8d ./Core/Src/main.o
 .debug_macro   0x000000000001659d       0x7e ./Core/Src/main.o
 .debug_macro   0x000000000001661b       0x19 ./Core/Src/main.o
 .debug_macro   0x0000000000016634       0xf2 ./Core/Src/main.o
 .debug_macro   0x0000000000016726      0x1fb ./Core/Src/nrf24l01.o
 .debug_macro   0x0000000000016921      0x1ec ./Core/Src/stm32f4xx_hal_msp.o
 .debug_macro   0x0000000000016b0d      0x2fb ./Core/Src/stm32f4xx_it.o
 .debug_macro   0x0000000000016e08      0x1e2 ./Core/Src/system_stm32f4xx.o
 .debug_macro   0x0000000000016fea      0x242 ./Drivers/STM32F4xx_HAL_Driver/Src/stm32f4xx_hal.o
 .debug_macro   0x000000000001722c      0x1e3 ./Drivers/STM32F4xx_HAL_Driver/Src/stm32f4xx_hal_adc.o
 .debug_macro   0x000000000001740f      0x1e2 ./Drivers/STM32F4xx_HAL_Driver/Src/stm32f4xx_hal_adc_ex.o
 .debug_macro   0x00000000000175f1      0x1e2 ./Drivers/STM32F4xx_HAL_Driver/Src/stm32f4xx_hal_cortex.o
 .debug_macro   0x00000000000177d3      0x1e8 ./Drivers/STM32F4xx_HAL_Driver/Src/stm32f4xx_hal_dma.o
 .debug_macro   0x00000000000179bb      0x1e8 ./Drivers/STM32F4xx_HAL_Driver/Src/stm32f4xx_hal_gpio.o
 .debug_macro   0x0000000000017ba3      0x206 ./Drivers/STM32F4xx_HAL_Driver/Src/stm32f4xx_hal_rcc.o
 .debug_macro   0x0000000000017da9      0x1f1 ./Drivers/STM32F4xx_HAL_Driver/Src/stm32f4xx_hal_spi.o
 .debug_macro   0x0000000000017f9a      0x210 ./Middlewares/Third_Party/FreeRTOS/Source/CMSIS_RTOS/cmsis_os.o
 .debug_macro   0x00000000000181aa       0x10 ./Middlewares/Third_Party/FreeRTOS/Source/CMSIS_RTOS/cmsis_os.o
 .debug_macro   0x00000000000181ba       0x20 ./Middlewares/Third_Party/FreeRTOS/Source/CMSIS_RTOS/cmsis_os.o
 .debug_macro   0x00000000000181da       0xc7 ./Middlewares/Third_Party/FreeRTOS/Source/CMSIS_RTOS/cmsis_os.o
 .debug_macro   0x00000000000182a1      0x199 ./Middlewares/Third_Party/FreeRTOS/Source/list.o
 .debug_macro   0x000000000001843a      0x28b ./Middlewares/Third_Party/FreeRTOS/Source/tasks.o
 .debug_macro   0x00000000000186c5       0x10 ./Middlewares/Third_Party/FreeRTOS/Source/tasks.o
 .debug_macro   0x00000000000186d5      0x233 ./Middlewares/Third_Party/FreeRTOS/Source/portable/GCC/ARM_CM4F/port.o
 .debug_macro   0x0000000000018908      0x1c0 ./Middlewares/Third_Party/FreeRTOS/Source/portable/MemMang/heap_4.o

.debug_line     0x0000000000000000     0xf914
 .debug_line    0x0000000000000000      0x904 ./Core/Src/freertos.o
 .debug_line    0x0000000000000904      0xca1 ./Core/Src/main.o
 .debug_line    0x00000000000015a5      0xc11 ./Core/Src/nrf24l01.o
 .debug_line    0x00000000000021b6      0x798 ./Core/Src/stm32f4xx_hal_msp.o
 .debug_line    0x000000000000294e      0x9de ./Core/Src/stm32f4xx_it.o
 .debug_line    0x000000000000332c      0x75a ./Core/Src/system_stm32f4xx.o
 .debug_line    0x0000000000003a86       0x88 ./Core/Startup/startup_stm32f411ceux.o
 .debug_line    0x0000000000003b0e      0x9c0 ./Drivers/STM32F4xx_HAL_Driver/Src/stm32f4xx_hal.o
 .debug_line    0x00000000000044ce     0x1170 ./Drivers/STM32F4xx_HAL_Driver/Src/stm32f4xx_hal_adc.o
 .debug_line    0x000000000000563e      0xe80 ./Drivers/STM32F4xx_HAL_Driver/Src/stm32f4xx_hal_adc_ex.o
 .debug_line    0x00000000000064be      0xc6f ./Drivers/STM32F4xx_HAL_Driver/Src/stm32f4xx_hal_cortex.o
 .debug_line    0x000000000000712d      0xf24 ./Drivers/STM32F4xx_HAL_Driver/Src/stm32f4xx_hal_dma.o
 .debug_line    0x0000000000008051      0xaf8 ./Drivers/STM32F4xx_HAL_Driver/Src/stm32f4xx_hal_gpio.o
 .debug_line    0x0000000000008b49      0xd3a ./Drivers/STM32F4xx_HAL_Driver/Src/stm32f4xx_hal_rcc.o
 .debug_line    0x0000000000009883     0x1c4a ./Drivers/STM32F4xx_HAL_Driver/Src/stm32f4xx_hal_spi.o
 .debug_line    0x000000000000b4cd     0x11d7 ./Middlewares/Third_Party/FreeRTOS/Source/CMSIS_RTOS/cmsis_os.o
 .debug_line    0x000000000000c6a4      0x712 ./Middlewares/Third_Party/FreeRTOS/Source/list.o
 .debug_line    0x000000000000cdb6     0x1949 ./Middlewares/Third_Party/FreeRTOS/Source/tasks.o
 .debug_line    0x000000000000e6ff      0x8d9 ./Middlewares/Third_Party/FreeRTOS/Source/portable/GCC/ARM_CM4F/port.o
 .debug_line    0x000000000000efd8      0x93c ./Middlewares/Third_Party/FreeRTOS/Source/portable/MemMang/heap_4.o

.debug_str      0x0000000000000000    0x9a276
 .debug_str     0x0000000000000000    0x901a3 ./Core/Src/freertos.o
                                      0x904a7 (size before relaxing)
 .debug_str     0x00000000000901a3     0x5900 ./Core/Src/main.o
                                      0x95e13 (size before relaxing)
 .debug_str     0x0000000000095aa3      0x1ef ./Core/Src/nrf24l01.o
                                      0x8b31b (size before relaxing)
 .debug_str     0x0000000000095c92       0xb5 ./Core/Src/stm32f4xx_hal_msp.o
                                      0x8b48f (size before relaxing)
 .debug_str     0x0000000000095d47      0x117 ./Core/Src/stm32f4xx_it.o
                                      0x904ed (size before relaxing)
 .debug_str     0x0000000000095e5e       0xdb ./Core/Src/system_stm32f4xx.o
                                      0x8aa4f (size before relaxing)
 .debug_str     0x0000000000095f39       0x36 ./Core/Startup/startup_stm32f411ceux.o
                                         0x85 (size before relaxing)
 .debug_str     0x0000000000095f6f      0x603 ./Drivers/STM32F4xx_HAL_Driver/Src/stm32f4xx_hal.o
                                      0x8b47b (size before relaxing)
 .debug_str     0x0000000000096572      0x281 ./Drivers/STM32F4xx_HAL_Driver/Src/stm32f4xx_hal_adc.o
                                      0x8b02a (size before relaxing)
 .debug_str     0x00000000000967f3      0x2df ./Drivers/STM32F4xx_HAL_Driver/Src/stm32f4xx_hal_adc_ex.o
                                      0x8b07e (size before relaxing)
 .debug_str     0x0000000000096ad2      0x31d ./Drivers/STM32F4xx_HAL_Driver/Src/stm32f4xx_hal_cortex.o
                                      0x8b19c (size before relaxing)
 .debug_str     0x0000000000096def      0x2c7 ./Drivers/STM32F4xx_HAL_Driver/Src/stm32f4xx_hal_dma.o
                                      0x8ae57 (size before relaxing)
 .debug_str     0x00000000000970b6      0x121 ./Drivers/STM32F4xx_HAL_Driver/Src/stm32f4xx_hal_gpio.o
                                      0x8abca (size before relaxing)
 .debug_str     0x00000000000971d7      0x233 ./Drivers/STM32F4xx_HAL_Driver/Src/stm32f4xx_hal_rcc.o
                                      0x8ae83 (size before relaxing)
 .debug_str     0x000000000009740a      0x535 ./Drivers/STM32F4xx_HAL_Driver/Src/stm32f4xx_hal_spi.o
                                      0x8b301 (size before relaxing)
 .debug_str     0x000000000009793f      0xaf6 ./Middlewares/Third_Party/FreeRTOS/Source/CMSIS_RTOS/cmsis_os.o
                                       0xe701 (size before relaxing)
 .debug_str     0x0000000000098435      0x20f ./Middlewares/Third_Party/FreeRTOS/Source/list.o
                                       0xa6a2 (size before relaxing)
 .debug_str     0x0000000000098644     0x1182 ./Middlewares/Third_Party/FreeRTOS/Source/tasks.o
                                       0xcdda (size before relaxing)
 .debug_str     0x00000000000997c6      0x783 ./Middlewares/Third_Party/FreeRTOS/Source/portable/GCC/ARM_CM4F/port.o
                                       0x9fc0 (size before relaxing)
 .debug_str     0x0000000000099f49      0x32d ./Middlewares/Third_Party/FreeRTOS/Source/portable/MemMang/heap_4.o
                                       0xafe4 (size before relaxing)

.comment        0x0000000000000000       0x50
 .comment       0x0000000000000000       0x50 ./Core/Src/freertos.o
                                         0x51 (size before relaxing)
 .comment       0x0000000000000050       0x51 ./Core/Src/main.o
 .comment       0x0000000000000050       0x51 ./Core/Src/nrf24l01.o
 .comment       0x0000000000000050       0x51 ./Core/Src/stm32f4xx_hal_msp.o
 .comment       0x0000000000000050       0x51 ./Core/Src/stm32f4xx_it.o
 .comment       0x0000000000000050       0x51 ./Core/Src/system_stm32f4xx.o
 .comment       0x0000000000000050       0x51 ./Drivers/STM32F4xx_HAL_Driver/Src/stm32f4xx_hal.o
 .comment       0x0000000000000050       0x51 ./Drivers/STM32F4xx_HAL_Driver/Src/stm32f4xx_hal_adc.o
 .comment       0x0000000000000050       0x51 ./Drivers/STM32F4xx_HAL_Driver/Src/stm32f4xx_hal_adc_ex.o
 .comment       0x0000000000000050       0x51 ./Drivers/STM32F4xx_HAL_Driver/Src/stm32f4xx_hal_cortex.o
 .comment       0x0000000000000050       0x51 ./Drivers/STM32F4xx_HAL_Driver/Src/stm32f4xx_hal_dma.o
 .comment       0x0000000000000050       0x51 ./Drivers/STM32F4xx_HAL_Driver/Src/stm32f4xx_hal_gpio.o
 .comment       0x0000000000000050       0x51 ./Drivers/STM32F4xx_HAL_Driver/Src/stm32f4xx_hal_rcc.o
 .comment       0x0000000000000050       0x51 ./Drivers/STM32F4xx_HAL_Driver/Src/stm32f4xx_hal_spi.o
 .comment       0x0000000000000050       0x51 ./Middlewares/Third_Party/FreeRTOS/Source/CMSIS_RTOS/cmsis_os.o
 .comment       0x0000000000000050       0x51 ./Middlewares/Third_Party/FreeRTOS/Source/list.o
 .comment       0x0000000000000050       0x51 ./Middlewares/Third_Party/FreeRTOS/Source/tasks.o
 .comment       0x0000000000000050       0x51 ./Middlewares/Third_Party/FreeRTOS/Source/portable/GCC/ARM_CM4F/port.o
 .comment       0x0000000000000050       0x51 ./Middlewares/Third_Party/FreeRTOS/Source/portable/MemMang/heap_4.o

.debug_frame    0x0000000000000000     0x39d4
 .debug_frame   0x0000000000000000       0x38 ./Core/Src/freertos.o
 .debug_frame   0x0000000000000038      0x160 ./Core/Src/main.o
 .debug_frame   0x0000000000000198      0x32c ./Core/Src/nrf24l01.o
 .debug_frame   0x00000000000004c4       0xc4 ./Core/Src/stm32f4xx_hal_msp.o
 .debug_frame   0x0000000000000588       0xfc ./Core/Src/stm32f4xx_it.o
 .debug_frame   0x0000000000000684       0x58 ./Core/Src/system_stm32f4xx.o
 .debug_frame   0x00000000000006dc      0x374 ./Drivers/STM32F4xx_HAL_Driver/Src/stm32f4xx_hal.o
 .debug_frame   0x0000000000000a50      0x3fc ./Drivers/STM32F4xx_HAL_Driver/Src/stm32f4xx_hal_adc.o
 .debug_frame   0x0000000000000e4c      0x250 ./Drivers/STM32F4xx_HAL_Driver/Src/stm32f4xx_hal_adc_ex.o
 .debug_frame   0x000000000000109c      0x498 ./Drivers/STM32F4xx_HAL_Driver/Src/stm32f4xx_hal_cortex.o
 .debug_frame   0x0000000000001534      0x250 ./Drivers/STM32F4xx_HAL_Driver/Src/stm32f4xx_hal_dma.o
 .debug_frame   0x0000000000001784      0x14c ./Drivers/STM32F4xx_HAL_Driver/Src/stm32f4xx_hal_gpio.o
 .debug_frame   0x00000000000018d0      0x1f4 ./Drivers/STM32F4xx_HAL_Driver/Src/stm32f4xx_hal_rcc.o
 .debug_frame   0x0000000000001ac4      0x824 ./Drivers/STM32F4xx_HAL_Driver/Src/stm32f4xx_hal_spi.o
 .debug_frame   0x00000000000022e8      0x80c ./Middlewares/Third_Party/FreeRTOS/Source/CMSIS_RTOS/cmsis_os.o
 .debug_frame   0x0000000000002af4       0xd8 ./Middlewares/Third_Party/FreeRTOS/Source/list.o
 .debug_frame   0x0000000000002bcc      0x77c ./Middlewares/Third_Party/FreeRTOS/Source/tasks.o
 .debug_frame   0x0000000000003348      0x1a8 ./Middlewares/Third_Party/FreeRTOS/Source/portable/GCC/ARM_CM4F/port.o
 .debug_frame   0x00000000000034f0      0x12c ./Middlewares/Third_Party/FreeRTOS/Source/portable/MemMang/heap_4.o
 .debug_frame   0x000000000000361c      0x14c c:/st/stm32cubeide_1.12.0/stm32cubeide/plugins/com.st.stm32cube.ide.mcu.externaltools.gnu-tools-for-stm32.10.3-2021.10.win32_1.0.200.202301161003/tools/bin/../lib/gcc/arm-none-eabi/10.3.1/../../../../arm-none-eabi/lib/thumb/v7e-m+fp/hard\libc_nano.a(lib_a-findfp.o)
 .debug_frame   0x0000000000003768       0x2c c:/st/stm32cubeide_1.12.0/stm32cubeide/plugins/com.st.stm32cube.ide.mcu.externaltools.gnu-tools-for-stm32.10.3-2021.10.win32_1.0.200.202301161003/tools/bin/../lib/gcc/arm-none-eabi/10.3.1/../../../../arm-none-eabi/lib/thumb/v7e-m+fp/hard\libc_nano.a(lib_a-init.o)
 .debug_frame   0x0000000000003794       0xb0 c:/st/stm32cubeide_1.12.0/stm32cubeide/plugins/com.st.stm32cube.ide.mcu.externaltools.gnu-tools-for-stm32.10.3-2021.10.win32_1.0.200.202301161003/tools/bin/../lib/gcc/arm-none-eabi/10.3.1/../../../../arm-none-eabi/lib/thumb/v7e-m+fp/hard\libc_nano.a(lib_a-lock.o)
 .debug_frame   0x0000000000003844       0x20 c:/st/stm32cubeide_1.12.0/stm32cubeide/plugins/com.st.stm32cube.ide.mcu.externaltools.gnu-tools-for-stm32.10.3-2021.10.win32_1.0.200.202301161003/tools/bin/../lib/gcc/arm-none-eabi/10.3.1/../../../../arm-none-eabi/lib/thumb/v7e-m+fp/hard\libc_nano.a(lib_a-memset.o)
 .debug_frame   0x0000000000003864       0x4c c:/st/stm32cubeide_1.12.0/stm32cubeide/plugins/com.st.stm32cube.ide.mcu.externaltools.gnu-tools-for-stm32.10.3-2021.10.win32_1.0.200.202301161003/tools/bin/../lib/gcc/arm-none-eabi/10.3.1/../../../../arm-none-eabi/lib/thumb/v7e-m+fp/hard\libc_nano.a(lib_a-nano-mallocr.o)
 .debug_frame   0x00000000000038b0       0x5c c:/st/stm32cubeide_1.12.0/stm32cubeide/plugins/com.st.stm32cube.ide.mcu.externaltools.gnu-tools-for-stm32.10.3-2021.10.win32_1.0.200.202301161003/tools/bin/../lib/gcc/arm-none-eabi/10.3.1/../../../../arm-none-eabi/lib/thumb/v7e-m+fp/hard\libc_nano.a(lib_a-reent.o)
 .debug_frame   0x000000000000390c       0x30 c:/st/stm32cubeide_1.12.0/stm32cubeide/plugins/com.st.stm32cube.ide.mcu.externaltools.gnu-tools-for-stm32.10.3-2021.10.win32_1.0.200.202301161003/tools/bin/../lib/gcc/arm-none-eabi/10.3.1/../../../../arm-none-eabi/lib/thumb/v7e-m+fp/hard\libc_nano.a(lib_a-mlock.o)
 .debug_frame   0x000000000000393c       0x38 c:/st/stm32cubeide_1.12.0/stm32cubeide/plugins/com.st.stm32cube.ide.mcu.externaltools.gnu-tools-for-stm32.10.3-2021.10.win32_1.0.200.202301161003/tools/bin/../lib/gcc/arm-none-eabi/10.3.1/../../../../arm-none-eabi/lib/thumb/v7e-m+fp/hard\libc_nano.a(lib_a-nano-freer.o)
 .debug_frame   0x0000000000003974       0x2c c:/st/stm32cubeide_1.12.0/stm32cubeide/plugins/com.st.stm32cube.ide.mcu.externaltools.gnu-tools-for-stm32.10.3-2021.10.win32_1.0.200.202301161003/tools/bin/../lib/gcc/arm-none-eabi/10.3.1/thumb/v7e-m+fp/hard\libgcc.a(_aeabi_uldivmod.o)
 .debug_frame   0x00000000000039a0       0x34 c:/st/stm32cubeide_1.12.0/stm32cubeide/plugins/com.st.stm32cube.ide.mcu.externaltools.gnu-tools-for-stm32.10.3-2021.10.win32_1.0.200.202301161003/tools/bin/../lib/gcc/arm-none-eabi/10.3.1/thumb/v7e-m+fp/hard\libgcc.a(_udivmoddi4.o)
