Archive member included to satisfy reference by file (symbol)

c:/st/stm32cubeide_1.9.0/stm32cubeide/plugins/com.st.stm32cube.ide.mcu.externaltools.gnu-tools-for-stm32.10.3-2021.10.win32_1.0.0.202111181127/tools/bin/../lib/gcc/arm-none-eabi/10.3.1/../../../../arm-none-eabi/lib/thumb/v7e-m+fp/hard\libc_nano.a(lib_a-errno.o)
                              ./Core/Src/syscalls.o (__errno)
c:/st/stm32cubeide_1.9.0/stm32cubeide/plugins/com.st.stm32cube.ide.mcu.externaltools.gnu-tools-for-stm32.10.3-2021.10.win32_1.0.0.202111181127/tools/bin/../lib/gcc/arm-none-eabi/10.3.1/../../../../arm-none-eabi/lib/thumb/v7e-m+fp/hard\libc_nano.a(lib_a-exit.o)
                              c:/st/stm32cubeide_1.9.0/stm32cubeide/plugins/com.st.stm32cube.ide.mcu.externaltools.gnu-tools-for-stm32.10.3-2021.10.win32_1.0.0.202111181127/tools/bin/../lib/gcc/arm-none-eabi/10.3.1/../../../../arm-none-eabi/lib/thumb/v7e-m+fp/hard/crt0.o (exit)
c:/st/stm32cubeide_1.9.0/stm32cubeide/plugins/com.st.stm32cube.ide.mcu.externaltools.gnu-tools-for-stm32.10.3-2021.10.win32_1.0.0.202111181127/tools/bin/../lib/gcc/arm-none-eabi/10.3.1/../../../../arm-none-eabi/lib/thumb/v7e-m+fp/hard\libc_nano.a(lib_a-impure.o)
                              c:/st/stm32cubeide_1.9.0/stm32cubeide/plugins/com.st.stm32cube.ide.mcu.externaltools.gnu-tools-for-stm32.10.3-2021.10.win32_1.0.0.202111181127/tools/bin/../lib/gcc/arm-none-eabi/10.3.1/../../../../arm-none-eabi/lib/thumb/v7e-m+fp/hard\libc_nano.a(lib_a-exit.o) (_global_impure_ptr)
c:/st/stm32cubeide_1.9.0/stm32cubeide/plugins/com.st.stm32cube.ide.mcu.externaltools.gnu-tools-for-stm32.10.3-2021.10.win32_1.0.0.202111181127/tools/bin/../lib/gcc/arm-none-eabi/10.3.1/../../../../arm-none-eabi/lib/thumb/v7e-m+fp/hard\libc_nano.a(lib_a-init.o)
                              c:/st/stm32cubeide_1.9.0/stm32cubeide/plugins/com.st.stm32cube.ide.mcu.externaltools.gnu-tools-for-stm32.10.3-2021.10.win32_1.0.0.202111181127/tools/bin/../lib/gcc/arm-none-eabi/10.3.1/../../../../arm-none-eabi/lib/thumb/v7e-m+fp/hard/crt0.o (__libc_init_array)
c:/st/stm32cubeide_1.9.0/stm32cubeide/plugins/com.st.stm32cube.ide.mcu.externaltools.gnu-tools-for-stm32.10.3-2021.10.win32_1.0.0.202111181127/tools/bin/../lib/gcc/arm-none-eabi/10.3.1/../../../../arm-none-eabi/lib/thumb/v7e-m+fp/hard\libc_nano.a(lib_a-memset.o)
                              c:/st/stm32cubeide_1.9.0/stm32cubeide/plugins/com.st.stm32cube.ide.mcu.externaltools.gnu-tools-for-stm32.10.3-2021.10.win32_1.0.0.202111181127/tools/bin/../lib/gcc/arm-none-eabi/10.3.1/../../../../arm-none-eabi/lib/thumb/v7e-m+fp/hard/crt0.o (memset)
c:/st/stm32cubeide_1.9.0/stm32cubeide/plugins/com.st.stm32cube.ide.mcu.externaltools.gnu-tools-for-stm32.10.3-2021.10.win32_1.0.0.202111181127/tools/bin/../lib/gcc/arm-none-eabi/10.3.1/thumb/v7e-m+fp/hard\libgcc.a(_aeabi_uldivmod.o)
                              ./Drivers/STM32F4xx_HAL_Driver/Src/stm32f4xx_hal_rcc.o (__aeabi_uldivmod)
c:/st/stm32cubeide_1.9.0/stm32cubeide/plugins/com.st.stm32cube.ide.mcu.externaltools.gnu-tools-for-stm32.10.3-2021.10.win32_1.0.0.202111181127/tools/bin/../lib/gcc/arm-none-eabi/10.3.1/thumb/v7e-m+fp/hard\libgcc.a(_udivmoddi4.o)
                              c:/st/stm32cubeide_1.9.0/stm32cubeide/plugins/com.st.stm32cube.ide.mcu.externaltools.gnu-tools-for-stm32.10.3-2021.10.win32_1.0.0.202111181127/tools/bin/../lib/gcc/arm-none-eabi/10.3.1/thumb/v7e-m+fp/hard\libgcc.a(_aeabi_uldivmod.o) (__udivmoddi4)
c:/st/stm32cubeide_1.9.0/stm32cubeide/plugins/com.st.stm32cube.ide.mcu.externaltools.gnu-tools-for-stm32.10.3-2021.10.win32_1.0.0.202111181127/tools/bin/../lib/gcc/arm-none-eabi/10.3.1/thumb/v7e-m+fp/hard\libgcc.a(_dvmd_tls.o)
                              c:/st/stm32cubeide_1.9.0/stm32cubeide/plugins/com.st.stm32cube.ide.mcu.externaltools.gnu-tools-for-stm32.10.3-2021.10.win32_1.0.0.202111181127/tools/bin/../lib/gcc/arm-none-eabi/10.3.1/thumb/v7e-m+fp/hard\libgcc.a(_aeabi_uldivmod.o) (__aeabi_ldiv0)

Discarded input sections

 .text          0x0000000000000000        0x0 c:/st/stm32cubeide_1.9.0/stm32cubeide/plugins/com.st.stm32cube.ide.mcu.externaltools.gnu-tools-for-stm32.10.3-2021.10.win32_1.0.0.202111181127/tools/bin/../lib/gcc/arm-none-eabi/10.3.1/thumb/v7e-m+fp/hard/crti.o
 .data          0x0000000000000000        0x0 c:/st/stm32cubeide_1.9.0/stm32cubeide/plugins/com.st.stm32cube.ide.mcu.externaltools.gnu-tools-for-stm32.10.3-2021.10.win32_1.0.0.202111181127/tools/bin/../lib/gcc/arm-none-eabi/10.3.1/thumb/v7e-m+fp/hard/crti.o
 .bss           0x0000000000000000        0x0 c:/st/stm32cubeide_1.9.0/stm32cubeide/plugins/com.st.stm32cube.ide.mcu.externaltools.gnu-tools-for-stm32.10.3-2021.10.win32_1.0.0.202111181127/tools/bin/../lib/gcc/arm-none-eabi/10.3.1/thumb/v7e-m+fp/hard/crti.o
[...]
Memory Configuration

Name             Origin             Length             Attributes
RAM              0x0000000020000000 0x0000000000020000 xrw
FLASH            0x0000000008000000 0x0000000000080000 xr
*default*        0x0000000000000000 0xffffffffffffffff

Linker script and memory map

LOAD c:/st/stm32cubeide_1.9.0/stm32cubeide/plugins/com.st.stm32cube.ide.mcu.externaltools.gnu-tools-for-stm32.10.3-2021.10.win32_1.0.0.202111181127/tools/bin/../lib/gcc/arm-none-eabi/10.3.1/thumb/v7e-m+fp/hard/crti.o
LOAD c:/st/stm32cubeide_1.9.0/stm32cubeide/plugins/com.st.stm32cube.ide.mcu.externaltools.gnu-tools-for-stm32.10.3-2021.10.win32_1.0.0.202111181127/tools/bin/../lib/gcc/arm-none-eabi/10.3.1/thumb/v7e-m+fp/hard/crtbegin.o
LOAD c:/st/stm32cubeide_1.9.0/stm32cubeide/plugins/com.st.stm32cube.ide.mcu.externaltools.gnu-tools-for-stm32.10.3-2021.10.win32_1.0.0.202111181127/tools/bin/../lib/gcc/arm-none-eabi/10.3.1/../../../../arm-none-eabi/lib/thumb/v7e-m+fp/hard/crt0.o
LOAD ./Core/Src/main.o
LOAD ./Core/Src/nrf24l01.o
LOAD ./Core/Src/stm32f4xx_hal_msp.o
LOAD ./Core/Src/stm32f4xx_it.o
LOAD ./Core/Src/syscalls.o
LOAD ./Core/Src/sysmem.o
LOAD ./Core/Src/system_stm32f4xx.o
LOAD ./Core/Startup/startup_stm32f411ceux.o
LOAD ./Drivers/STM32F4xx_HAL_Driver/Src/stm32f4xx_hal.o
LOAD ./Drivers/STM32F4xx_HAL_Driver/Src/stm32f4xx_hal_adc.o
LOAD ./Drivers/STM32F4xx_HAL_Driver/Src/stm32f4xx_hal_adc_ex.o
LOAD ./Drivers/STM32F4xx_HAL_Driver/Src/stm32f4xx_hal_cortex.o
LOAD ./Drivers/STM32F4xx_HAL_Driver/Src/stm32f4xx_hal_dma.o
LOAD ./Drivers/STM32F4xx_HAL_Driver/Src/stm32f4xx_hal_dma_ex.o
LOAD ./Drivers/STM32F4xx_HAL_Driver/Src/stm32f4xx_hal_exti.o
LOAD ./Drivers/STM32F4xx_HAL_Driver/Src/stm32f4xx_hal_flash.o
LOAD ./Drivers/STM32F4xx_HAL_Driver/Src/stm32f4xx_hal_flash_ex.o
LOAD ./Drivers/STM32F4xx_HAL_Driver/Src/stm32f4xx_hal_flash_ramfunc.o
LOAD ./Drivers/STM32F4xx_HAL_Driver/Src/stm32f4xx_hal_gpio.o
LOAD ./Drivers/STM32F4xx_HAL_Driver/Src/stm32f4xx_hal_pwr.o
LOAD ./Drivers/STM32F4xx_HAL_Driver/Src/stm32f4xx_hal_pwr_ex.o
LOAD ./Drivers/STM32F4xx_HAL_Driver/Src/stm32f4xx_hal_rcc.o
LOAD ./Drivers/STM32F4xx_HAL_Driver/Src/stm32f4xx_hal_rcc_ex.o
LOAD ./Drivers/STM32F4xx_HAL_Driver/Src/stm32f4xx_hal_spi.o
LOAD ./Drivers/STM32F4xx_HAL_Driver/Src/stm32f4xx_hal_tim.o
LOAD ./Drivers/STM32F4xx_HAL_Driver/Src/stm32f4xx_hal_tim_ex.o
LOAD ./Drivers/STM32F4xx_HAL_Driver/Src/stm32f4xx_ll_adc.o
START GROUP
LOAD c:/st/stm32cubeide_1.9.0/stm32cubeide/plugins/com.st.stm32cube.ide.mcu.externaltools.gnu-tools-for-stm32.10.3-2021.10.win32_1.0.0.202111181127/tools/bin/../lib/gcc/arm-none-eabi/10.3.1/../../../../arm-none-eabi/lib/thumb/v7e-m+fp/hard\libc_nano.a
LOAD c:/st/stm32cubeide_1.9.0/stm32cubeide/plugins/com.st.stm32cube.ide.mcu.externaltools.gnu-tools-for-stm32.10.3-2021.10.win32_1.0.0.202111181127/tools/bin/../lib/gcc/arm-none-eabi/10.3.1/../../../../arm-none-eabi/lib/thumb/v7e-m+fp/hard\libm.a
END GROUP
START GROUP
LOAD c:/st/stm32cubeide_1.9.0/stm32cubeide/plugins/com.st.stm32cube.ide.mcu.externaltools.gnu-tools-for-stm32.10.3-2021.10.win32_1.0.0.202111181127/tools/bin/../lib/gcc/arm-none-eabi/10.3.1/thumb/v7e-m+fp/hard\libgcc.a
LOAD c:/st/stm32cubeide_1.9.0/stm32cubeide/plugins/com.st.stm32cube.ide.mcu.externaltools.gnu-tools-for-stm32.10.3-2021.10.win32_1.0.0.202111181127/tools/bin/../lib/gcc/arm-none-eabi/10.3.1/../../../../arm-none-eabi/lib/thumb/v7e-m+fp/hard\libc_nano.a
END GROUP
START GROUP
LOAD c:/st/stm32cubeide_1.9.0/stm32cubeide/plugins/com.st.stm32cube.ide.mcu.externaltools.gnu-tools-for-stm32.10.3-2021.10.win32_1.0.0.202111181127/tools/bin/../lib/gcc/arm-none-eabi/10.3.1/thumb/v7e-m+fp/hard\libgcc.a
LOAD c:/st/stm32cubeide_1.9.0/stm32cubeide/plugins/com.st.stm32cube.ide.mcu.externaltools.gnu-tools-for-stm32.10.3-2021.10.win32_1.0.0.202111181127/tools/bin/../lib/gcc/arm-none-eabi/10.3.1/../../../../arm-none-eabi/lib/thumb/v7e-m+fp/hard\libc_nano.a
LOAD c:/st/stm32cubeide_1.9.0/stm32cubeide/plugins/com.st.stm32cube.ide.mcu.externaltools.gnu-tools-for-stm32.10.3-2021.10.win32_1.0.0.202111181127/tools/bin/../lib/gcc/arm-none-eabi/10.3.1/../../../../arm-none-eabi/lib/thumb/v7e-m+fp/hard\libnosys.a
END GROUP
START GROUP
LOAD c:/st/stm32cubeide_1.9.0/stm32cubeide/plugins/com.st.stm32cube.ide.mcu.externaltools.gnu-tools-for-stm32.10.3-2021.10.win32_1.0.0.202111181127/tools/bin/../lib/gcc/arm-none-eabi/10.3.1/thumb/v7e-m+fp/hard\libgcc.a
LOAD c:/st/stm32cubeide_1.9.0/stm32cubeide/plugins/com.st.stm32cube.ide.mcu.externaltools.gnu-tools-for-stm32.10.3-2021.10.win32_1.0.0.202111181127/tools/bin/../lib/gcc/arm-none-eabi/10.3.1/../../../../arm-none-eabi/lib/thumb/v7e-m+fp/hard\libc_nano.a
LOAD c:/st/stm32cubeide_1.9.0/stm32cubeide/plugins/com.st.stm32cube.ide.mcu.externaltools.gnu-tools-for-stm32.10.3-2021.10.win32_1.0.0.202111181127/tools/bin/../lib/gcc/arm-none-eabi/10.3.1/../../../../arm-none-eabi/lib/thumb/v7e-m+fp/hard\libnosys.a
END GROUP
LOAD c:/st/stm32cubeide_1.9.0/stm32cubeide/plugins/com.st.stm32cube.ide.mcu.externaltools.gnu-tools-for-stm32.10.3-2021.10.win32_1.0.0.202111181127/tools/bin/../lib/gcc/arm-none-eabi/10.3.1/thumb/v7e-m+fp/hard/crtend.o
LOAD c:/st/stm32cubeide_1.9.0/stm32cubeide/plugins/com.st.stm32cube.ide.mcu.externaltools.gnu-tools-for-stm32.10.3-2021.10.win32_1.0.0.202111181127/tools/bin/../lib/gcc/arm-none-eabi/10.3.1/thumb/v7e-m+fp/hard/crtn.o
                0x0000000020020000                _estack = (ORIGIN (RAM) + LENGTH (RAM))
                0x0000000000000200                _Min_Heap_Size = 0x200
                0x0000000000000400                _Min_Stack_Size = 0x400

.isr_vector     0x0000000008000000      0x198
                0x0000000008000000                . = ALIGN (0x4)
 *(.isr_vector)
 .isr_vector    0x0000000008000000      0x198 ./Core/Startup/startup_stm32f411ceux.o
                0x0000000008000000                g_pfnVectors
                0x0000000008000198                . = ALIGN (0x4)

.text           0x0000000008000198     0x3aa0
                0x0000000008000198                . = ALIGN (0x4)
 *(.text)
 .text          0x0000000008000198       0x40 c:/st/stm32cubeide_1.9.0/stm32cubeide/plugins/com.st.stm32cube.ide.mcu.externaltools.gnu-tools-for-stm32.10.3-2021.10.win32_1.0.0.202111181127/tools/bin/../lib/gcc/arm-none-eabi/10.3.1/thumb/v7e-m+fp/hard/crtbegin.o
 .text          0x00000000080001d8       0x30 c:/st/stm32cubeide_1.9.0/stm32cubeide/plugins/com.st.stm32cube.ide.mcu.externaltools.gnu-tools-for-stm32.10.3-2021.10.win32_1.0.0.202111181127/tools/bin/../lib/gcc/arm-none-eabi/10.3.1/thumb/v7e-m+fp/hard\libgcc.a(_aeabi_uldivmod.o)
                0x00000000080001d8                __aeabi_uldivmod
 .text          0x0000000008000208      0x2d0 c:/st/stm32cubeide_1.9.0/stm32cubeide/plugins/com.st.stm32cube.ide.mcu.externaltools.gnu-tools-for-stm32.10.3-2021.10.win32_1.0.0.202111181127/tools/bin/../lib/gcc/arm-none-eabi/10.3.1/thumb/v7e-m+fp/hard\libgcc.a(_udivmoddi4.o)
                0x0000000008000208                __udivmoddi4
 .text          0x00000000080004d8        0x4 c:/st/stm32cubeide_1.9.0/stm32cubeide/plugins/com.st.stm32cube.ide.mcu.externaltools.gnu-tools-for-stm32.10.3-2021.10.win32_1.0.0.202111181127/tools/bin/../lib/gcc/arm-none-eabi/10.3.1/thumb/v7e-m+fp/hard\libgcc.a(_dvmd_tls.o)
                0x00000000080004d8                __aeabi_idiv0
                0x00000000080004d8                __aeabi_ldiv0
 *(.text*)
 .text.main     0x00000000080004dc       0xe8 ./Core/Src/main.o
                0x00000000080004dc                main
 .text.SystemClock_Config
                0x00000000080005c4       0xbc ./Core/Src/main.o
                0x00000000080005c4                SystemClock_Config
 .text.MX_TIM2_Init
                0x0000000008000680       0xb0 ./Core/Src/main.o
 .text.PWM_1    0x0000000008000730       0xf8 ./Core/Src/main.o
                0x0000000008000730                PWM_1
 .text.PWM_2    0x0000000008000828       0xf8 ./Core/Src/main.o
                0x0000000008000828                PWM_2
 .text.MX_SPI1_Init
                0x0000000008000920       0x6c ./Core/Src/main.o
 .text.MX_GPIO_Init
                0x000000000800098c       0x5c ./Core/Src/main.o
 .text.readData
                0x00000000080009e8       0x58 ./Core/Src/main.o
                0x00000000080009e8                readData
 .text.Avanza_A
                0x0000000008000a40       0x24 ./Core/Src/main.o
                0x0000000008000a40                Avanza_A
 .text.Avanza_B
                0x0000000008000a64       0x20 ./Core/Src/main.o
                0x0000000008000a64                Avanza_B
 .text.Avanza   0x0000000008000a84       0x10 ./Core/Src/main.o
                0x0000000008000a84                Avanza
 .text.Giro_I_A
                0x0000000008000a94       0x24 ./Core/Src/main.o
                0x0000000008000a94                Giro_I_A
 .text.Giro_I_B
                0x0000000008000ab8       0x20 ./Core/Src/main.o
                0x0000000008000ab8                Giro_I_B
 .text.Giro_I   0x0000000008000ad8       0x10 ./Core/Src/main.o
                0x0000000008000ad8                Giro_I
 .text.Giro_D_A
                0x0000000008000ae8       0x24 ./Core/Src/main.o
                0x0000000008000ae8                Giro_D_A
 .text.Giro_D_B
                0x0000000008000b0c       0x20 ./Core/Src/main.o
                0x0000000008000b0c                Giro_D_B
 .text.Giro_D   0x0000000008000b2c       0x10 ./Core/Src/main.o
                0x0000000008000b2c                Giro_D
 .text.Retroceso_A
                0x0000000008000b3c       0x24 ./Core/Src/main.o
                0x0000000008000b3c                Retroceso_A
 .text.Retroceso_B
                0x0000000008000b60       0x20 ./Core/Src/main.o
                0x0000000008000b60                Retroceso_B
 .text.Retroceso
                0x0000000008000b80       0x10 ./Core/Src/main.o
                0x0000000008000b80                Retroceso
 .text.Alto_A   0x0000000008000b90       0x24 ./Core/Src/main.o
                0x0000000008000b90                Alto_A
 .text.Alto_B   0x0000000008000bb4       0x20 ./Core/Src/main.o
                0x0000000008000bb4                Alto_B
 .text.Alto     0x0000000008000bd4       0x10 ./Core/Src/main.o
                0x0000000008000bd4                Alto
 .text.Error_Handler
                0x0000000008000be4        0xa ./Core/Src/main.o
                0x0000000008000be4                Error_Handler
 .text.nrf24_init
                0x0000000008000bee       0x74 ./Core/Src/nrf24l01.o
                0x0000000008000bee                nrf24_init
 .text.nrf24_setDataRate
                0x0000000008000c62       0x96 ./Core/Src/nrf24l01.o
                0x0000000008000c62                nrf24_setDataRate
 .text.nrf24_setPALevel
                0x0000000008000cf8       0xb0 ./Core/Src/nrf24l01.o
                0x0000000008000cf8                nrf24_setPALevel
 .text.nrf24_setChannel
                0x0000000008000da8       0x2c ./Core/Src/nrf24l01.o
                0x0000000008000da8                nrf24_setChannel
 .text.nrf24_setMode
                0x0000000008000dd4       0xa4 ./Core/Src/nrf24l01.o
                0x0000000008000dd4                nrf24_setMode
 .text.nrf24_setRxPipe
                0x0000000008000e78      0x128 ./Core/Src/nrf24l01.o
                0x0000000008000e78                nrf24_setRxPipe
 .text.isDataAvailable
                0x0000000008000fa0       0x60 ./Core/Src/nrf24l01.o
                0x0000000008000fa0                isDataAvailable
 .text.nrf24_Receive
                0x0000000008001000       0x84 ./Core/Src/nrf24l01.o
                0x0000000008001000                nrf24_Receive
 .text.nrf24_CE_enable
                0x0000000008001084       0x20 ./Core/Src/nrf24l01.o
 .text.nrf24_CE_disable
                0x00000000080010a4       0x20 ./Core/Src/nrf24l01.o
 .text.nrf24_CSN_enable
                0x00000000080010c4       0x20 ./Core/Src/nrf24l01.o
 .text.nrf24_CSN_disable
                0x00000000080010e4       0x20 ./Core/Src/nrf24l01.o
 .text.nrf24_writeReg
                0x0000000008001104       0x56 ./Core/Src/nrf24l01.o
 .text.nrf24_writeRegMulti
                0x000000000800115a       0x78 ./Core/Src/nrf24l01.o
 .text.nrf24_readReg
                0x00000000080011d2       0x5a ./Core/Src/nrf24l01.o
 .text.nrf_sendCmd
                0x000000000800122c       0x42 ./Core/Src/nrf24l01.o
 *fill*         0x000000000800126e        0x2 
 .text.nrf24_reset
                0x0000000008001270      0x180 ./Core/Src/nrf24l01.o
 .text.HAL_MspInit
                0x00000000080013f0       0x50 ./Core/Src/stm32f4xx_hal_msp.o
                0x00000000080013f0                HAL_MspInit
 .text.HAL_SPI_MspInit
                0x0000000008001440       0xa0 ./Core/Src/stm32f4xx_hal_msp.o
                0x0000000008001440                HAL_SPI_MspInit
 .text.HAL_TIM_MspPostInit
                0x00000000080014e0       0x70 ./Core/Src/stm32f4xx_hal_msp.o
                0x00000000080014e0                HAL_TIM_MspPostInit
 .text.NMI_Handler
                0x0000000008001550        0x6 ./Core/Src/stm32f4xx_it.o
                0x0000000008001550                NMI_Handler
 .text.HardFault_Handler
                0x0000000008001556        0x6 ./Core/Src/stm32f4xx_it.o
                0x0000000008001556                HardFault_Handler
 .text.MemManage_Handler
                0x000000000800155c        0x6 ./Core/Src/stm32f4xx_it.o
                0x000000000800155c                MemManage_Handler
 .text.BusFault_Handler
                0x0000000008001562        0x6 ./Core/Src/stm32f4xx_it.o
                0x0000000008001562                BusFault_Handler
 .text.UsageFault_Handler
                0x0000000008001568        0x6 ./Core/Src/stm32f4xx_it.o
                0x0000000008001568                UsageFault_Handler
 .text.SVC_Handler
                0x000000000800156e        0xe ./Core/Src/stm32f4xx_it.o
                0x000000000800156e                SVC_Handler
 .text.DebugMon_Handler
                0x000000000800157c        0xe ./Core/Src/stm32f4xx_it.o
                0x000000000800157c                DebugMon_Handler
 .text.PendSV_Handler
                0x000000000800158a        0xe ./Core/Src/stm32f4xx_it.o
                0x000000000800158a                PendSV_Handler
 .text.SysTick_Handler
                0x0000000008001598        0xc ./Core/Src/stm32f4xx_it.o
                0x0000000008001598                SysTick_Handler
 .text.SPI2_IRQHandler
                0x00000000080015a4       0x14 ./Core/Src/stm32f4xx_it.o
                0x00000000080015a4                SPI2_IRQHandler
 .text.SystemInit
                0x00000000080015b8       0x24 ./Core/Src/system_stm32f4xx.o
                0x00000000080015b8                SystemInit
 .text.Reset_Handler
                0x00000000080015dc       0x50 ./Core/Startup/startup_stm32f411ceux.o
                0x00000000080015dc                Reset_Handler
 .text.Default_Handler
                0x000000000800162c        0x2 ./Core/Startup/startup_stm32f411ceux.o
                0x000000000800162c                RTC_Alarm_IRQHandler
                0x000000000800162c                EXTI2_IRQHandler
                0x000000000800162c                SPI4_IRQHandler
                0x000000000800162c                TIM1_CC_IRQHandler
                0x000000000800162c                DMA2_Stream5_IRQHandler
                0x000000000800162c                DMA1_Stream5_IRQHandler
                0x000000000800162c                PVD_IRQHandler
                0x000000000800162c                SDIO_IRQHandler
                0x000000000800162c                TAMP_STAMP_IRQHandler
                0x000000000800162c                EXTI3_IRQHandler
                0x000000000800162c                TIM1_UP_TIM10_IRQHandler
                0x000000000800162c                I2C3_ER_IRQHandler
                0x000000000800162c                EXTI0_IRQHandler
                0x000000000800162c                I2C2_EV_IRQHandler
                0x000000000800162c                DMA1_Stream2_IRQHandler
                0x000000000800162c                FPU_IRQHandler
                0x000000000800162c                DMA2_Stream2_IRQHandler
                0x000000000800162c                SPI1_IRQHandler
                0x000000000800162c                TIM1_BRK_TIM9_IRQHandler
                0x000000000800162c                DMA2_Stream3_IRQHandler
                0x000000000800162c                USART6_IRQHandler
                0x000000000800162c                DMA2_Stream0_IRQHandler
                0x000000000800162c                TIM4_IRQHandler
                0x000000000800162c                I2C1_EV_IRQHandler
                0x000000000800162c                DMA1_Stream6_IRQHandler
                0x000000000800162c                DMA1_Stream1_IRQHandler
                0x000000000800162c                TIM3_IRQHandler
                0x000000000800162c                RCC_IRQHandler
                0x000000000800162c                Default_Handler
                0x000000000800162c                EXTI15_10_IRQHandler
                0x000000000800162c                ADC_IRQHandler
                0x000000000800162c                DMA1_Stream7_IRQHandler
                0x000000000800162c                SPI5_IRQHandler
                0x000000000800162c                TIM5_IRQHandler
                0x000000000800162c                DMA2_Stream7_IRQHandler
                0x000000000800162c                I2C3_EV_IRQHandler
                0x000000000800162c                EXTI9_5_IRQHandler
                0x000000000800162c                RTC_WKUP_IRQHandler
                0x000000000800162c                DMA1_Stream0_IRQHandler
                0x000000000800162c                EXTI4_IRQHandler
                0x000000000800162c                WWDG_IRQHandler
                0x000000000800162c                TIM2_IRQHandler
                0x000000000800162c                OTG_FS_WKUP_IRQHandler
                0x000000000800162c                TIM1_TRG_COM_TIM11_IRQHandler
                0x000000000800162c                EXTI1_IRQHandler
                0x000000000800162c                USART2_IRQHandler
                0x000000000800162c                I2C2_ER_IRQHandler
                0x000000000800162c                DMA2_Stream1_IRQHandler
                0x000000000800162c                FLASH_IRQHandler
                0x000000000800162c                DMA2_Stream4_IRQHandler
                0x000000000800162c                USART1_IRQHandler
                0x000000000800162c                OTG_FS_IRQHandler
                0x000000000800162c                SPI3_IRQHandler
                0x000000000800162c                DMA1_Stream4_IRQHandler
                0x000000000800162c                I2C1_ER_IRQHandler
                0x000000000800162c                DMA2_Stream6_IRQHandler
                0x000000000800162c                DMA1_Stream3_IRQHandler
 *fill*         0x000000000800162e        0x2 
 .text.HAL_Init
                0x0000000008001630       0x44 ./Drivers/STM32F4xx_HAL_Driver/Src/stm32f4xx_hal.o
                0x0000000008001630                HAL_Init
 .text.HAL_InitTick
                0x0000000008001674       0x60 ./Drivers/STM32F4xx_HAL_Driver/Src/stm32f4xx_hal.o
                0x0000000008001674                HAL_InitTick
 .text.HAL_IncTick
                0x00000000080016d4       0x28 ./Drivers/STM32F4xx_HAL_Driver/Src/stm32f4xx_hal.o
                0x00000000080016d4                HAL_IncTick
 .text.HAL_GetTick
                0x00000000080016fc       0x18 ./Drivers/STM32F4xx_HAL_Driver/Src/stm32f4xx_hal.o
                0x00000000080016fc                HAL_GetTick
 .text.HAL_Delay
                0x0000000008001714       0x48 ./Drivers/STM32F4xx_HAL_Driver/Src/stm32f4xx_hal.o
                0x0000000008001714                HAL_Delay
 .text.__NVIC_SetPriorityGrouping
                0x000000000800175c       0x48 ./Drivers/STM32F4xx_HAL_Driver/Src/stm32f4xx_hal_cortex.o
 .text.__NVIC_GetPriorityGrouping
                0x00000000080017a4       0x1c ./Drivers/STM32F4xx_HAL_Driver/Src/stm32f4xx_hal_cortex.o
 .text.__NVIC_EnableIRQ
                0x00000000080017c0       0x3c ./Drivers/STM32F4xx_HAL_Driver/Src/stm32f4xx_hal_cortex.o
 .text.__NVIC_SetPriority
                0x00000000080017fc       0x54 ./Drivers/STM32F4xx_HAL_Driver/Src/stm32f4xx_hal_cortex.o
 .text.NVIC_EncodePriority
                0x0000000008001850       0x66 ./Drivers/STM32F4xx_HAL_Driver/Src/stm32f4xx_hal_cortex.o
 *fill*         0x00000000080018b6        0x2 
 .text.SysTick_Config
                0x00000000080018b8       0x44 ./Drivers/STM32F4xx_HAL_Driver/Src/stm32f4xx_hal_cortex.o
 .text.HAL_NVIC_SetPriorityGrouping
                0x00000000080018fc       0x16 ./Drivers/STM32F4xx_HAL_Driver/Src/stm32f4xx_hal_cortex.o
                0x00000000080018fc                HAL_NVIC_SetPriorityGrouping
 .text.HAL_NVIC_SetPriority
                0x0000000008001912       0x38 ./Drivers/STM32F4xx_HAL_Driver/Src/stm32f4xx_hal_cortex.o
                0x0000000008001912                HAL_NVIC_SetPriority
 .text.HAL_NVIC_EnableIRQ
                0x000000000800194a       0x1c ./Drivers/STM32F4xx_HAL_Driver/Src/stm32f4xx_hal_cortex.o
                0x000000000800194a                HAL_NVIC_EnableIRQ
 .text.HAL_SYSTICK_Config
                0x0000000008001966       0x18 ./Drivers/STM32F4xx_HAL_Driver/Src/stm32f4xx_hal_cortex.o
                0x0000000008001966                HAL_SYSTICK_Config
 .text.HAL_DMA_Abort_IT
                0x000000000800197e       0x44 ./Drivers/STM32F4xx_HAL_Driver/Src/stm32f4xx_hal_dma.o
                0x000000000800197e                HAL_DMA_Abort_IT
 *fill*         0x00000000080019c2        0x2 
 .text.HAL_GPIO_Init
                0x00000000080019c4      0x308 ./Drivers/STM32F4xx_HAL_Driver/Src/stm32f4xx_hal_gpio.o
                0x00000000080019c4                HAL_GPIO_Init
 .text.HAL_GPIO_WritePin
                0x0000000008001ccc       0x32 ./Drivers/STM32F4xx_HAL_Driver/Src/stm32f4xx_hal_gpio.o
                0x0000000008001ccc                HAL_GPIO_WritePin
 *fill*         0x0000000008001cfe        0x2 
 .text.HAL_RCC_OscConfig
                0x0000000008001d00      0x4f0 ./Drivers/STM32F4xx_HAL_Driver/Src/stm32f4xx_hal_rcc.o
                0x0000000008001d00                HAL_RCC_OscConfig
 .text.HAL_RCC_ClockConfig
                0x00000000080021f0      0x1cc ./Drivers/STM32F4xx_HAL_Driver/Src/stm32f4xx_hal_rcc.o
                0x00000000080021f0                HAL_RCC_ClockConfig
 .text.HAL_RCC_GetSysClockFreq
                0x00000000080023bc      0x18c ./Drivers/STM32F4xx_HAL_Driver/Src/stm32f4xx_hal_rcc.o
                0x00000000080023bc                HAL_RCC_GetSysClockFreq
 .text.HAL_SPI_Init
                0x0000000008002548      0x112 ./Drivers/STM32F4xx_HAL_Driver/Src/stm32f4xx_hal_spi.o
                0x0000000008002548                HAL_SPI_Init
 .text.HAL_SPI_Transmit
                0x000000000800265a      0x278 ./Drivers/STM32F4xx_HAL_Driver/Src/stm32f4xx_hal_spi.o
                0x000000000800265a                HAL_SPI_Transmit
 .text.HAL_SPI_Receive
                0x00000000080028d2      0x222 ./Drivers/STM32F4xx_HAL_Driver/Src/stm32f4xx_hal_spi.o
                0x00000000080028d2                HAL_SPI_Receive
 .text.HAL_SPI_TransmitReceive
                0x0000000008002af4      0x344 ./Drivers/STM32F4xx_HAL_Driver/Src/stm32f4xx_hal_spi.o
                0x0000000008002af4                HAL_SPI_TransmitReceive
 .text.HAL_SPI_IRQHandler
                0x0000000008002e38      0x200 ./Drivers/STM32F4xx_HAL_Driver/Src/stm32f4xx_hal_spi.o
                0x0000000008002e38                HAL_SPI_IRQHandler
 .text.HAL_SPI_ErrorCallback
                0x0000000008003038       0x14 ./Drivers/STM32F4xx_HAL_Driver/Src/stm32f4xx_hal_spi.o
                0x0000000008003038                HAL_SPI_ErrorCallback
 .text.HAL_SPI_GetState
                0x000000000800304c       0x1c ./Drivers/STM32F4xx_HAL_Driver/Src/stm32f4xx_hal_spi.o
                0x000000000800304c                HAL_SPI_GetState
 .text.SPI_DMAAbortOnError
                0x0000000008003068       0x28 ./Drivers/STM32F4xx_HAL_Driver/Src/stm32f4xx_hal_spi.o
 .text.SPI_WaitFlagStateUntilTimeout
                0x0000000008003090      0x110 ./Drivers/STM32F4xx_HAL_Driver/Src/stm32f4xx_hal_spi.o
 .text.SPI_EndRxTransaction
                0x00000000080031a0       0xca ./Drivers/STM32F4xx_HAL_Driver/Src/stm32f4xx_hal_spi.o
 *fill*         0x000000000800326a        0x2 
 .text.SPI_EndRxTxTransaction
                0x000000000800326c       0x84 ./Drivers/STM32F4xx_HAL_Driver/Src/stm32f4xx_hal_spi.o
 .text.HAL_TIM_PWM_Init
                0x00000000080032f0       0x9e ./Drivers/STM32F4xx_HAL_Driver/Src/stm32f4xx_hal_tim.o
                0x00000000080032f0                HAL_TIM_PWM_Init
 .text.HAL_TIM_PWM_MspInit
                0x000000000800338e       0x14 ./Drivers/STM32F4xx_HAL_Driver/Src/stm32f4xx_hal_tim.o
                0x000000000800338e                HAL_TIM_PWM_MspInit
 *fill*         0x00000000080033a2        0x2 
 .text.HAL_TIM_PWM_Start
                0x00000000080033a4      0x160 ./Drivers/STM32F4xx_HAL_Driver/Src/stm32f4xx_hal_tim.o
                0x00000000080033a4                HAL_TIM_PWM_Start
 .text.HAL_TIM_PWM_ConfigChannel
                0x0000000008003504      0x184 ./Drivers/STM32F4xx_HAL_Driver/Src/stm32f4xx_hal_tim.o
                0x0000000008003504                HAL_TIM_PWM_ConfigChannel
 .text.TIM_Base_SetConfig
                0x0000000008003688      0x100 ./Drivers/STM32F4xx_HAL_Driver/Src/stm32f4xx_hal_tim.o
                0x0000000008003688                TIM_Base_SetConfig
 .text.TIM_OC1_SetConfig
                0x0000000008003788       0xcc ./Drivers/STM32F4xx_HAL_Driver/Src/stm32f4xx_hal_tim.o
 .text.TIM_OC2_SetConfig
                0x0000000008003854       0xd8 ./Drivers/STM32F4xx_HAL_Driver/Src/stm32f4xx_hal_tim.o
                0x0000000008003854                TIM_OC2_SetConfig
 .text.TIM_OC3_SetConfig
                0x000000000800392c       0xd4 ./Drivers/STM32F4xx_HAL_Driver/Src/stm32f4xx_hal_tim.o
 .text.TIM_OC4_SetConfig
                0x0000000008003a00       0xa0 ./Drivers/STM32F4xx_HAL_Driver/Src/stm32f4xx_hal_tim.o
 .text.TIM_CCxChannelCmd
                0x0000000008003aa0       0x4a ./Drivers/STM32F4xx_HAL_Driver/Src/stm32f4xx_hal_tim.o
                0x0000000008003aa0                TIM_CCxChannelCmd
 *fill*         0x0000000008003aea        0x2 
 .text.HAL_TIMEx_MasterConfigSynchronization
                0x0000000008003aec       0xdc ./Drivers/STM32F4xx_HAL_Driver/Src/stm32f4xx_hal_tim_ex.o
                0x0000000008003aec                HAL_TIMEx_MasterConfigSynchronization
 .text.__libc_init_array
                0x0000000008003bc8       0x48 c:/st/stm32cubeide_1.9.0/stm32cubeide/plugins/com.st.stm32cube.ide.mcu.externaltools.gnu-tools-for-stm32.10.3-2021.10.win32_1.0.0.202111181127/tools/bin/../lib/gcc/arm-none-eabi/10.3.1/../../../../arm-none-eabi/lib/thumb/v7e-m+fp/hard\libc_nano.a(lib_a-init.o)
                0x0000000008003bc8                __libc_init_array
 .text.memset   0x0000000008003c10       0x10 c:/st/stm32cubeide_1.9.0/stm32cubeide/plugins/com.st.stm32cube.ide.mcu.externaltools.gnu-tools-for-stm32.10.3-2021.10.win32_1.0.0.202111181127/tools/bin/../lib/gcc/arm-none-eabi/10.3.1/../../../../arm-none-eabi/lib/thumb/v7e-m+fp/hard\libc_nano.a(lib_a-memset.o)
                0x0000000008003c10                memset
 *(.glue_7)
 .glue_7        0x0000000008003c20        0x0 linker stubs
 *(.glue_7t)
 .glue_7t       0x0000000008003c20        0x0 linker stubs
 *(.eh_frame)
 .eh_frame      0x0000000008003c20        0x0 c:/st/stm32cubeide_1.9.0/stm32cubeide/plugins/com.st.stm32cube.ide.mcu.externaltools.gnu-tools-for-stm32.10.3-2021.10.win32_1.0.0.202111181127/tools/bin/../lib/gcc/arm-none-eabi/10.3.1/thumb/v7e-m+fp/hard/crtbegin.o
 *(.init)
 .init          0x0000000008003c20        0x4 c:/st/stm32cubeide_1.9.0/stm32cubeide/plugins/com.st.stm32cube.ide.mcu.externaltools.gnu-tools-for-stm32.10.3-2021.10.win32_1.0.0.202111181127/tools/bin/../lib/gcc/arm-none-eabi/10.3.1/thumb/v7e-m+fp/hard/crti.o
                0x0000000008003c20                _init
 .init          0x0000000008003c24        0x8 c:/st/stm32cubeide_1.9.0/stm32cubeide/plugins/com.st.stm32cube.ide.mcu.externaltools.gnu-tools-for-stm32.10.3-2021.10.win32_1.0.0.202111181127/tools/bin/../lib/gcc/arm-none-eabi/10.3.1/thumb/v7e-m+fp/hard/crtn.o
 *(.fini)
 .fini          0x0000000008003c2c        0x4 c:/st/stm32cubeide_1.9.0/stm32cubeide/plugins/com.st.stm32cube.ide.mcu.externaltools.gnu-tools-for-stm32.10.3-2021.10.win32_1.0.0.202111181127/tools/bin/../lib/gcc/arm-none-eabi/10.3.1/thumb/v7e-m+fp/hard/crti.o
                0x0000000008003c2c                _fini
 .fini          0x0000000008003c30        0x8 c:/st/stm32cubeide_1.9.0/stm32cubeide/plugins/com.st.stm32cube.ide.mcu.externaltools.gnu-tools-for-stm32.10.3-2021.10.win32_1.0.0.202111181127/tools/bin/../lib/gcc/arm-none-eabi/10.3.1/thumb/v7e-m+fp/hard/crtn.o
                0x0000000008003c38                . = ALIGN (0x4)
                0x0000000008003c38                _etext = .

.vfp11_veneer   0x0000000008003c38        0x0
 .vfp11_veneer  0x0000000008003c38        0x0 linker stubs

.v4_bx          0x0000000008003c38        0x0
 .v4_bx         0x0000000008003c38        0x0 linker stubs

.iplt           0x0000000008003c38        0x0
 .iplt          0x0000000008003c38        0x0 c:/st/stm32cubeide_1.9.0/stm32cubeide/plugins/com.st.stm32cube.ide.mcu.externaltools.gnu-tools-for-stm32.10.3-2021.10.win32_1.0.0.202111181127/tools/bin/../lib/gcc/arm-none-eabi/10.3.1/thumb/v7e-m+fp/hard/crtbegin.o

.rodata         0x0000000008003c38       0x20
                0x0000000008003c38                . = ALIGN (0x4)
 *(.rodata)
 .rodata        0x0000000008003c38        0xd ./Core/Src/nrf24l01.o
 *(.rodata*)
 *fill*         0x0000000008003c45        0x3 
 .rodata.AHBPrescTable
                0x0000000008003c48       0x10 ./Core/Src/system_stm32f4xx.o
                0x0000000008003c48                AHBPrescTable
                0x0000000008003c58                . = ALIGN (0x4)

.ARM.extab      0x0000000008003c58        0x0
                0x0000000008003c58                . = ALIGN (0x4)
 *(.ARM.extab* .gnu.linkonce.armextab.*)
                0x0000000008003c58                . = ALIGN (0x4)

.ARM            0x0000000008003c58        0x8
                0x0000000008003c58                . = ALIGN (0x4)
                0x0000000008003c58                __exidx_start = .
 *(.ARM.exidx*)
 .ARM.exidx     0x0000000008003c58        0x8 c:/st/stm32cubeide_1.9.0/stm32cubeide/plugins/com.st.stm32cube.ide.mcu.externaltools.gnu-tools-for-stm32.10.3-2021.10.win32_1.0.0.202111181127/tools/bin/../lib/gcc/arm-none-eabi/10.3.1/thumb/v7e-m+fp/hard\libgcc.a(_udivmoddi4.o)
                0x0000000008003c60                __exidx_end = .
                0x0000000008003c60                . = ALIGN (0x4)

.rel.dyn        0x0000000008003c60        0x0
 .rel.iplt      0x0000000008003c60        0x0 c:/st/stm32cubeide_1.9.0/stm32cubeide/plugins/com.st.stm32cube.ide.mcu.externaltools.gnu-tools-for-stm32.10.3-2021.10.win32_1.0.0.202111181127/tools/bin/../lib/gcc/arm-none-eabi/10.3.1/thumb/v7e-m+fp/hard/crtbegin.o

.preinit_array  0x0000000008003c60        0x0
                0x0000000008003c60                . = ALIGN (0x4)
                0x0000000008003c60                PROVIDE (__preinit_array_start = .)
 *(.preinit_array*)
                0x0000000008003c60                PROVIDE (__preinit_array_end = .)
                0x0000000008003c60                . = ALIGN (0x4)

.init_array     0x0000000008003c60        0x4
                0x0000000008003c60                . = ALIGN (0x4)
                0x0000000008003c60                PROVIDE (__init_array_start = .)
 *(SORT_BY_NAME(.init_array.*))
 *(.init_array*)
 .init_array    0x0000000008003c60        0x4 c:/st/stm32cubeide_1.9.0/stm32cubeide/plugins/com.st.stm32cube.ide.mcu.externaltools.gnu-tools-for-stm32.10.3-2021.10.win32_1.0.0.202111181127/tools/bin/../lib/gcc/arm-none-eabi/10.3.1/thumb/v7e-m+fp/hard/crtbegin.o
                0x0000000008003c64                PROVIDE (__init_array_end = .)
                0x0000000008003c64                . = ALIGN (0x4)

.fini_array     0x0000000008003c64        0x4
                0x0000000008003c64                . = ALIGN (0x4)
                [!provide]                        PROVIDE (__fini_array_start = .)
 *(SORT_BY_NAME(.fini_array.*))
 *(.fini_array*)
 .fini_array    0x0000000008003c64        0x4 c:/st/stm32cubeide_1.9.0/stm32cubeide/plugins/com.st.stm32cube.ide.mcu.externaltools.gnu-tools-for-stm32.10.3-2021.10.win32_1.0.0.202111181127/tools/bin/../lib/gcc/arm-none-eabi/10.3.1/thumb/v7e-m+fp/hard/crtbegin.o
                [!provide]                        PROVIDE (__fini_array_end = .)
                0x0000000008003c68                . = ALIGN (0x4)
                0x0000000008003c68                _sidata = LOADADDR (.data)

.data           0x0000000020000000       0x2c load address 0x0000000008003c68
                0x0000000020000000                . = ALIGN (0x4)
                0x0000000020000000                _sdata = .
 *(.data)
 *(.data*)
 .data.rxAddr1  0x0000000020000000        0x5 ./Core/Src/main.o
                0x0000000020000000                rxAddr1
 *fill*         0x0000000020000005        0x3 
 .data.rxAddr2  0x0000000020000008        0x5 ./Core/Src/main.o
                0x0000000020000008                rxAddr2
 *fill*         0x000000002000000d        0x3 
 .data.rxAddr3  0x0000000020000010        0x5 ./Core/Src/main.o
                0x0000000020000010                rxAddr3
 *fill*         0x0000000020000015        0x3 
 .data.rxAddr4  0x0000000020000018        0x5 ./Core/Src/main.o
                0x0000000020000018                rxAddr4
 *fill*         0x000000002000001d        0x3 
 .data.SystemCoreClock
                0x0000000020000020        0x4 ./Core/Src/system_stm32f4xx.o
                0x0000000020000020                SystemCoreClock
 .data.uwTickPrio
                0x0000000020000024        0x4 ./Drivers/STM32F4xx_HAL_Driver/Src/stm32f4xx_hal.o
                0x0000000020000024                uwTickPrio
 .data.uwTickFreq
                0x0000000020000028        0x1 ./Drivers/STM32F4xx_HAL_Driver/Src/stm32f4xx_hal.o
                0x0000000020000028                uwTickFreq
 *(.RamFunc)
 *(.RamFunc*)
                0x000000002000002c                . = ALIGN (0x4)
 *fill*         0x0000000020000029        0x3 
                0x000000002000002c                _edata = .

.igot.plt       0x000000002000002c        0x0 load address 0x0000000008003c94
 .igot.plt      0x000000002000002c        0x0 c:/st/stm32cubeide_1.9.0/stm32cubeide/plugins/com.st.stm32cube.ide.mcu.externaltools.gnu-tools-for-stm32.10.3-2021.10.win32_1.0.0.202111181127/tools/bin/../lib/gcc/arm-none-eabi/10.3.1/thumb/v7e-m+fp/hard/crtbegin.o
                0x000000002000002c                . = ALIGN (0x4)

.bss            0x000000002000002c      0x15c load address 0x0000000008003c94
                0x000000002000002c                _sbss = .
                0x000000002000002c                __bss_start__ = _sbss
 *(.bss)
 .bss           0x000000002000002c       0x1c c:/st/stm32cubeide_1.9.0/stm32cubeide/plugins/com.st.stm32cube.ide.mcu.externaltools.gnu-tools-for-stm32.10.3-2021.10.win32_1.0.0.202111181127/tools/bin/../lib/gcc/arm-none-eabi/10.3.1/thumb/v7e-m+fp/hard/crtbegin.o
 *(.bss*)
 .bss.hspi2     0x0000000020000048       0x58 ./Core/Src/main.o
                0x0000000020000048                hspi2
 .bss.htim2     0x00000000200000a0       0x48 ./Core/Src/main.o
                0x00000000200000a0                htim2
 .bss.htim9     0x00000000200000e8       0x48 ./Core/Src/main.o
                0x00000000200000e8                htim9
 .bss.sConfigOC
                0x0000000020000130       0x1c ./Core/Src/main.o
                0x0000000020000130                sConfigOC
 .bss.nrfRx     0x000000002000014c       0x20 ./Core/Src/main.o
                0x000000002000014c                nrfRx
 .bss.rxData    0x000000002000016c       0x16 ./Core/Src/main.o
                0x000000002000016c                rxData
 *fill*         0x0000000020000182        0x2 
 .bss.uwTick    0x0000000020000184        0x4 ./Drivers/STM32F4xx_HAL_Driver/Src/stm32f4xx_hal.o
                0x0000000020000184                uwTick
 *(COMMON)
                0x0000000020000188                . = ALIGN (0x4)
                0x0000000020000188                _ebss = .
                0x0000000020000188                __bss_end__ = _ebss

._user_heap_stack
                0x0000000020000188      0x600 load address 0x0000000008003c94
                0x0000000020000188                . = ALIGN (0x8)
                [!provide]                        PROVIDE (end = .)
                0x0000000020000188                PROVIDE (_end = .)
                0x0000000020000388                . = (. + _Min_Heap_Size)
 *fill*         0x0000000020000188      0x200 
                0x0000000020000788                . = (. + _Min_Stack_Size)
 *fill*         0x0000000020000388      0x400 
                0x0000000020000788                . = ALIGN (0x8)

/DISCARD/
 libc.a(*)
 libm.a(*)
 libgcc.a(*)

.ARM.attributes
                0x0000000000000000       0x30
 *(.ARM.attributes)
 .ARM.attributes
                0x0000000000000000       0x1e c:/st/stm32cubeide_1.9.0/stm32cubeide/plugins/com.st.stm32cube.ide.mcu.externaltools.gnu-tools-for-stm32.10.3-2021.10.win32_1.0.0.202111181127/tools/bin/../lib/gcc/arm-none-eabi/10.3.1/thumb/v7e-m+fp/hard/crti.o
 .ARM.attributes
                0x000000000000001e       0x34 c:/st/stm32cubeide_1.9.0/stm32cubeide/plugins/com.st.stm32cube.ide.mcu.externaltools.gnu-tools-for-stm32.10.3-2021.10.win32_1.0.0.202111181127/tools/bin/../lib/gcc/arm-none-eabi/10.3.1/thumb/v7e-m+fp/hard/crtbegin.o
 .ARM.attributes
                0x0000000000000052       0x34 ./Core/Src/main.o
 .ARM.attributes
                0x0000000000000086       0x34 ./Core/Src/nrf24l01.o
 .ARM.attributes
                0x00000000000000ba       0x34 ./Core/Src/stm32f4xx_hal_msp.o
 .ARM.attributes
                0x00000000000000ee       0x34 ./Core/Src/stm32f4xx_it.o
 .ARM.attributes
                0x0000000000000122       0x34 ./Core/Src/system_stm32f4xx.o
 .ARM.attributes
                0x0000000000000156       0x21 ./Core/Startup/startup_stm32f411ceux.o
 .ARM.attributes
                0x0000000000000177       0x34 ./Drivers/STM32F4xx_HAL_Driver/Src/stm32f4xx_hal.o
 .ARM.attributes
                0x00000000000001ab       0x34 ./Drivers/STM32F4xx_HAL_Driver/Src/stm32f4xx_hal_cortex.o
 .ARM.attributes
                0x00000000000001df       0x34 ./Drivers/STM32F4xx_HAL_Driver/Src/stm32f4xx_hal_dma.o
 .ARM.attributes
                0x0000000000000213       0x34 ./Drivers/STM32F4xx_HAL_Driver/Src/stm32f4xx_hal_gpio.o
 .ARM.attributes
                0x0000000000000247       0x34 ./Drivers/STM32F4xx_HAL_Driver/Src/stm32f4xx_hal_rcc.o
 .ARM.attributes
                0x000000000000027b       0x34 ./Drivers/STM32F4xx_HAL_Driver/Src/stm32f4xx_hal_spi.o
 .ARM.attributes
                0x00000000000002af       0x34 ./Drivers/STM32F4xx_HAL_Driver/Src/stm32f4xx_hal_tim.o
 .ARM.attributes
                0x00000000000002e3       0x34 ./Drivers/STM32F4xx_HAL_Driver/Src/stm32f4xx_hal_tim_ex.o
 .ARM.attributes
                0x0000000000000317       0x34 c:/st/stm32cubeide_1.9.0/stm32cubeide/plugins/com.st.stm32cube.ide.mcu.externaltools.gnu-tools-for-stm32.10.3-2021.10.win32_1.0.0.202111181127/tools/bin/../lib/gcc/arm-none-eabi/10.3.1/../../../../arm-none-eabi/lib/thumb/v7e-m+fp/hard\libc_nano.a(lib_a-init.o)
 .ARM.attributes
                0x000000000000034b       0x34 c:/st/stm32cubeide_1.9.0/stm32cubeide/plugins/com.st.stm32cube.ide.mcu.externaltools.gnu-tools-for-stm32.10.3-2021.10.win32_1.0.0.202111181127/tools/bin/../lib/gcc/arm-none-eabi/10.3.1/../../../../arm-none-eabi/lib/thumb/v7e-m+fp/hard\libc_nano.a(lib_a-memset.o)
 .ARM.attributes
                0x000000000000037f       0x1e c:/st/stm32cubeide_1.9.0/stm32cubeide/plugins/com.st.stm32cube.ide.mcu.externaltools.gnu-tools-for-stm32.10.3-2021.10.win32_1.0.0.202111181127/tools/bin/../lib/gcc/arm-none-eabi/10.3.1/thumb/v7e-m+fp/hard\libgcc.a(_aeabi_uldivmod.o)
 .ARM.attributes
                0x000000000000039d       0x34 c:/st/stm32cubeide_1.9.0/stm32cubeide/plugins/com.st.stm32cube.ide.mcu.externaltools.gnu-tools-for-stm32.10.3-2021.10.win32_1.0.0.202111181127/tools/bin/../lib/gcc/arm-none-eabi/10.3.1/thumb/v7e-m+fp/hard\libgcc.a(_udivmoddi4.o)
 .ARM.attributes
                0x00000000000003d1       0x1e c:/st/stm32cubeide_1.9.0/stm32cubeide/plugins/com.st.stm32cube.ide.mcu.externaltools.gnu-tools-for-stm32.10.3-2021.10.win32_1.0.0.202111181127/tools/bin/../lib/gcc/arm-none-eabi/10.3.1/thumb/v7e-m+fp/hard\libgcc.a(_dvmd_tls.o)
 .ARM.attributes
                0x00000000000003ef       0x1e c:/st/stm32cubeide_1.9.0/stm32cubeide/plugins/com.st.stm32cube.ide.mcu.externaltools.gnu-tools-for-stm32.10.3-2021.10.win32_1.0.0.202111181127/tools/bin/../lib/gcc/arm-none-eabi/10.3.1/thumb/v7e-m+fp/hard/crtn.o
OUTPUT(Carrito_V5.elf elf32-littlearm)
LOAD linker stubs
LOAD c:/st/stm32cubeide_1.9.0/stm32cubeide/plugins/com.st.stm32cube.ide.mcu.externaltools.gnu-tools-for-stm32.10.3-2021.10.win32_1.0.0.202111181127/tools/bin/../lib/gcc/arm-none-eabi/10.3.1/../../../../arm-none-eabi/lib/thumb/v7e-m+fp/hard\libc.a
LOAD c:/st/stm32cubeide_1.9.0/stm32cubeide/plugins/com.st.stm32cube.ide.mcu.externaltools.gnu-tools-for-stm32.10.3-2021.10.win32_1.0.0.202111181127/tools/bin/../lib/gcc/arm-none-eabi/10.3.1/../../../../arm-none-eabi/lib/thumb/v7e-m+fp/hard\libm.a
LOAD c:/st/stm32cubeide_1.9.0/stm32cubeide/plugins/com.st.stm32cube.ide.mcu.externaltools.gnu-tools-for-stm32.10.3-2021.10.win32_1.0.0.202111181127/tools/bin/../lib/gcc/arm-none-eabi/10.3.1/thumb/v7e-m+fp/hard\libgcc.a

.debug_info     0x0000000000000000     0xce77
 .debug_info    0x0000000000000000     0x160b ./Core/Src/main.o
 .debug_info    0x000000000000160b      0xf45 ./Core/Src/nrf24l01.o
 .debug_info    0x0000000000002550     0x1336 ./Core/Src/stm32f4xx_hal_msp.o
 .debug_info    0x0000000000003886      0x6a8 ./Core/Src/stm32f4xx_it.o
 .debug_info    0x0000000000003f2e      0x54f ./Core/Src/system_stm32f4xx.o
 .debug_info    0x000000000000447d       0x22 ./Core/Startup/startup_stm32f411ceux.o
 .debug_info    0x000000000000449f      0x90d ./Drivers/STM32F4xx_HAL_Driver/Src/stm32f4xx_hal.o
 .debug_info    0x0000000000004dac      0xd8b ./Drivers/STM32F4xx_HAL_Driver/Src/stm32f4xx_hal_cortex.o
 .debug_info    0x0000000000005b37      0x947 ./Drivers/STM32F4xx_HAL_Driver/Src/stm32f4xx_hal_dma.o
 .debug_info    0x000000000000647e      0x78e ./Drivers/STM32F4xx_HAL_Driver/Src/stm32f4xx_hal_gpio.o
 .debug_info    0x0000000000006c0c      0x98d ./Drivers/STM32F4xx_HAL_Driver/Src/stm32f4xx_hal_rcc.o
 .debug_info    0x0000000000007599     0x1750 ./Drivers/STM32F4xx_HAL_Driver/Src/stm32f4xx_hal_spi.o
 .debug_info    0x0000000000008ce9     0x2bb6 ./Drivers/STM32F4xx_HAL_Driver/Src/stm32f4xx_hal_tim.o
 .debug_info    0x000000000000b89f     0x15d8 ./Drivers/STM32F4xx_HAL_Driver/Src/stm32f4xx_hal_tim_ex.o

.debug_abbrev   0x0000000000000000     0x1dc2
 .debug_abbrev  0x0000000000000000      0x2db ./Core/Src/main.o
 .debug_abbrev  0x00000000000002db      0x2a8 ./Core/Src/nrf24l01.o
 .debug_abbrev  0x0000000000000583      0x278 ./Core/Src/stm32f4xx_hal_msp.o
 .debug_abbrev  0x00000000000007fb      0x170 ./Core/Src/stm32f4xx_it.o
 .debug_abbrev  0x000000000000096b      0x116 ./Core/Src/system_stm32f4xx.o
 .debug_abbrev  0x0000000000000a81       0x12 ./Core/Startup/startup_stm32f411ceux.o
 .debug_abbrev  0x0000000000000a93      0x23e ./Drivers/STM32F4xx_HAL_Driver/Src/stm32f4xx_hal.o
 .debug_abbrev  0x0000000000000cd1      0x316 ./Drivers/STM32F4xx_HAL_Driver/Src/stm32f4xx_hal_cortex.o
 .debug_abbrev  0x0000000000000fe7      0x21b ./Drivers/STM32F4xx_HAL_Driver/Src/stm32f4xx_hal_dma.o
 .debug_abbrev  0x0000000000001202      0x1c4 ./Drivers/STM32F4xx_HAL_Driver/Src/stm32f4xx_hal_gpio.o
 .debug_abbrev  0x00000000000013c6      0x2aa ./Drivers/STM32F4xx_HAL_Driver/Src/stm32f4xx_hal_rcc.o
 .debug_abbrev  0x0000000000001670      0x26e ./Drivers/STM32F4xx_HAL_Driver/Src/stm32f4xx_hal_spi.o
 .debug_abbrev  0x00000000000018de      0x26e ./Drivers/STM32F4xx_HAL_Driver/Src/stm32f4xx_hal_tim.o
 .debug_abbrev  0x0000000000001b4c      0x276 ./Drivers/STM32F4xx_HAL_Driver/Src/stm32f4xx_hal_tim_ex.o

.debug_aranges  0x0000000000000000      0xd30
 .debug_aranges
                0x0000000000000000       0xd8 ./Core/Src/main.o
 .debug_aranges
                0x00000000000000d8       0xc8 ./Core/Src/nrf24l01.o
 .debug_aranges
                0x00000000000001a0       0x58 ./Core/Src/stm32f4xx_hal_msp.o
 .debug_aranges
                0x00000000000001f8       0x68 ./Core/Src/stm32f4xx_it.o
 .debug_aranges
                0x0000000000000260       0x28 ./Core/Src/system_stm32f4xx.o
 .debug_aranges
                0x0000000000000288       0x28 ./Core/Startup/startup_stm32f411ceux.o
 .debug_aranges
                0x00000000000002b0       0xf0 ./Drivers/STM32F4xx_HAL_Driver/Src/stm32f4xx_hal.o
 .debug_aranges
                0x00000000000003a0      0x118 ./Drivers/STM32F4xx_HAL_Driver/Src/stm32f4xx_hal_cortex.o
 .debug_aranges
                0x00000000000004b8       0x90 ./Drivers/STM32F4xx_HAL_Driver/Src/stm32f4xx_hal_dma.o
 .debug_aranges
                0x0000000000000548       0x58 ./Drivers/STM32F4xx_HAL_Driver/Src/stm32f4xx_hal_gpio.o
 .debug_aranges
                0x00000000000005a0       0x88 ./Drivers/STM32F4xx_HAL_Driver/Src/stm32f4xx_hal_rcc.o
 .debug_aranges
                0x0000000000000628      0x1d0 ./Drivers/STM32F4xx_HAL_Driver/Src/stm32f4xx_hal_spi.o
 .debug_aranges
                0x00000000000007f8      0x3d0 ./Drivers/STM32F4xx_HAL_Driver/Src/stm32f4xx_hal_tim.o
 .debug_aranges
                0x0000000000000bc8      0x168 ./Drivers/STM32F4xx_HAL_Driver/Src/stm32f4xx_hal_tim_ex.o

.debug_ranges   0x0000000000000000      0xc58
 .debug_ranges  0x0000000000000000       0xc8 ./Core/Src/main.o
 .debug_ranges  0x00000000000000c8       0xb8 ./Core/Src/nrf24l01.o
 .debug_ranges  0x0000000000000180       0x48 ./Core/Src/stm32f4xx_hal_msp.o
 .debug_ranges  0x00000000000001c8       0x58 ./Core/Src/stm32f4xx_it.o
 .debug_ranges  0x0000000000000220       0x18 ./Core/Src/system_stm32f4xx.o
 .debug_ranges  0x0000000000000238       0x20 ./Core/Startup/startup_stm32f411ceux.o
 .debug_ranges  0x0000000000000258       0xe0 ./Drivers/STM32F4xx_HAL_Driver/Src/stm32f4xx_hal.o
 .debug_ranges  0x0000000000000338      0x108 ./Drivers/STM32F4xx_HAL_Driver/Src/stm32f4xx_hal_cortex.o
 .debug_ranges  0x0000000000000440       0x80 ./Drivers/STM32F4xx_HAL_Driver/Src/stm32f4xx_hal_dma.o
 .debug_ranges  0x00000000000004c0       0x48 ./Drivers/STM32F4xx_HAL_Driver/Src/stm32f4xx_hal_gpio.o
 .debug_ranges  0x0000000000000508       0x78 ./Drivers/STM32F4xx_HAL_Driver/Src/stm32f4xx_hal_rcc.o
 .debug_ranges  0x0000000000000580      0x1c0 ./Drivers/STM32F4xx_HAL_Driver/Src/stm32f4xx_hal_spi.o
 .debug_ranges  0x0000000000000740      0x3c0 ./Drivers/STM32F4xx_HAL_Driver/Src/stm32f4xx_hal_tim.o
 .debug_ranges  0x0000000000000b00      0x158 ./Drivers/STM32F4xx_HAL_Driver/Src/stm32f4xx_hal_tim_ex.o

.debug_macro    0x0000000000000000    0x173a4
 .debug_macro   0x0000000000000000      0x2f9 ./Core/Src/main.o
 .debug_macro   0x00000000000002f9      0xa78 ./Core/Src/main.o
 .debug_macro   0x0000000000000d71      0x2a1 ./Core/Src/main.o
 .debug_macro   0x0000000000001012       0x2e ./Core/Src/main.o
 .debug_macro   0x0000000000001040       0x28 ./Core/Src/main.o
 .debug_macro   0x0000000000001068       0x22 ./Core/Src/main.o
 .debug_macro   0x000000000000108a       0x8e ./Core/Src/main.o
 .debug_macro   0x0000000000001118       0x51 ./Core/Src/main.o
 .debug_macro   0x0000000000001169      0x103 ./Core/Src/main.o
 .debug_macro   0x000000000000126c       0x6a ./Core/Src/main.o
 .debug_macro   0x00000000000012d6      0x1df ./Core/Src/main.o
 .debug_macro   0x00000000000014b5       0x1c ./Core/Src/main.o
 .debug_macro   0x00000000000014d1       0x22 ./Core/Src/main.o
 .debug_macro   0x00000000000014f3       0xd9 ./Core/Src/main.o
 .debug_macro   0x00000000000015cc     0x102d ./Core/Src/main.o
 .debug_macro   0x00000000000025f9      0x11f ./Core/Src/main.o
 .debug_macro   0x0000000000002718     0xb953 ./Core/Src/main.o
 .debug_macro   0x000000000000e06b       0x6d ./Core/Src/main.o
 .debug_macro   0x000000000000e0d8     0x367e ./Core/Src/main.o
 .debug_macro   0x0000000000011756      0x174 ./Core/Src/main.o
 .debug_macro   0x00000000000118ca       0x5c ./Core/Src/main.o
 .debug_macro   0x0000000000011926      0x447 ./Core/Src/main.o
 .debug_macro   0x0000000000011d6d      0x9fe ./Core/Src/main.o
 .debug_macro   0x000000000001276b      0x115 ./Core/Src/main.o
 .debug_macro   0x0000000000012880      0x11b ./Core/Src/main.o
 .debug_macro   0x000000000001299b       0xa5 ./Core/Src/main.o
 .debug_macro   0x0000000000012a40      0x15f ./Core/Src/main.o
 .debug_macro   0x0000000000012b9f      0x287 ./Core/Src/main.o
 .debug_macro   0x0000000000012e26       0x5f ./Core/Src/main.o
 .debug_macro   0x0000000000012e85      0x236 ./Core/Src/main.o
 .debug_macro   0x00000000000130bb      0x9e1 ./Core/Src/main.o
 .debug_macro   0x0000000000013a9c      0x38b ./Core/Src/main.o
 .debug_macro   0x0000000000013e27      0x17d ./Core/Src/main.o
 .debug_macro   0x0000000000013fa4       0xf9 ./Core/Src/main.o
 .debug_macro   0x000000000001409d      0x132 ./Core/Src/main.o
 .debug_macro   0x00000000000141cf      0x264 ./Core/Src/main.o
 .debug_macro   0x0000000000014433       0x2e ./Core/Src/main.o
 .debug_macro   0x0000000000014461      0x11a ./Core/Src/main.o
 .debug_macro   0x000000000001457b       0x85 ./Core/Src/main.o
 .debug_macro   0x0000000000014600       0x89 ./Core/Src/main.o
 .debug_macro   0x0000000000014689      0x225 ./Core/Src/main.o
 .debug_macro   0x00000000000148ae      0x8e6 ./Core/Src/main.o
 .debug_macro   0x0000000000015194       0x47 ./Core/Src/main.o
 .debug_macro   0x00000000000151db      0x126 ./Core/Src/main.o
 .debug_macro   0x0000000000015301      0x112 ./Core/Src/main.o
 .debug_macro   0x0000000000015413       0x52 ./Core/Src/main.o
 .debug_macro   0x0000000000015465       0x1e ./Core/Src/main.o
 .debug_macro   0x0000000000015483       0x3c ./Core/Src/main.o
 .debug_macro   0x00000000000154bf       0x34 ./Core/Src/main.o
 .debug_macro   0x00000000000154f3       0x16 ./Core/Src/main.o
 .debug_macro   0x0000000000015509       0x43 ./Core/Src/main.o
 .debug_macro   0x000000000001554c       0x34 ./Core/Src/main.o
 .debug_macro   0x0000000000015580       0x10 ./Core/Src/main.o
 .debug_macro   0x0000000000015590       0x58 ./Core/Src/main.o
 .debug_macro   0x00000000000155e8       0x71 ./Core/Src/main.o
 .debug_macro   0x0000000000015659       0x1c ./Core/Src/main.o
 .debug_macro   0x0000000000015675      0x12a ./Core/Src/main.o
 .debug_macro   0x000000000001579f      0x341 ./Core/Src/main.o
 .debug_macro   0x0000000000015ae0       0x10 ./Core/Src/main.o
 .debug_macro   0x0000000000015af0       0x35 ./Core/Src/main.o
 .debug_macro   0x0000000000015b25       0x20 ./Core/Src/main.o
 .debug_macro   0x0000000000015b45      0x20f ./Core/Src/nrf24l01.o
 .debug_macro   0x0000000000015d54      0x200 ./Core/Src/stm32f4xx_hal_msp.o
 .debug_macro   0x0000000000015f54      0x20a ./Core/Src/stm32f4xx_it.o
 .debug_macro   0x000000000001615e      0x1f6 ./Core/Src/system_stm32f4xx.o
 .debug_macro   0x0000000000016354      0x256 ./Drivers/STM32F4xx_HAL_Driver/Src/stm32f4xx_hal.o
 .debug_macro   0x00000000000165aa      0x1f6 ./Drivers/STM32F4xx_HAL_Driver/Src/stm32f4xx_hal_cortex.o
 .debug_macro   0x00000000000167a0      0x1fc ./Drivers/STM32F4xx_HAL_Driver/Src/stm32f4xx_hal_dma.o
 .debug_macro   0x000000000001699c      0x1fc ./Drivers/STM32F4xx_HAL_Driver/Src/stm32f4xx_hal_gpio.o
 .debug_macro   0x0000000000016b98      0x21a ./Drivers/STM32F4xx_HAL_Driver/Src/stm32f4xx_hal_rcc.o
 .debug_macro   0x0000000000016db2      0x205 ./Drivers/STM32F4xx_HAL_Driver/Src/stm32f4xx_hal_spi.o
 .debug_macro   0x0000000000016fb7      0x1f7 ./Drivers/STM32F4xx_HAL_Driver/Src/stm32f4xx_hal_tim.o
 .debug_macro   0x00000000000171ae      0x1f6 ./Drivers/STM32F4xx_HAL_Driver/Src/stm32f4xx_hal_tim_ex.o

.debug_line     0x0000000000000000     0xd96f
 .debug_line    0x0000000000000000      0xc57 ./Core/Src/main.o
 .debug_line    0x0000000000000c57      0xc36 ./Core/Src/nrf24l01.o
 .debug_line    0x000000000000188d      0x826 ./Core/Src/stm32f4xx_hal_msp.o
 .debug_line    0x00000000000020b3      0x7d8 ./Core/Src/stm32f4xx_it.o
 .debug_line    0x000000000000288b      0x77f ./Core/Src/system_stm32f4xx.o
 .debug_line    0x000000000000300a       0x88 ./Core/Startup/startup_stm32f411ceux.o
 .debug_line    0x0000000000003092      0x9e5 ./Drivers/STM32F4xx_HAL_Driver/Src/stm32f4xx_hal.o
 .debug_line    0x0000000000003a77      0xc94 ./Drivers/STM32F4xx_HAL_Driver/Src/stm32f4xx_hal_cortex.o
 .debug_line    0x000000000000470b      0xf49 ./Drivers/STM32F4xx_HAL_Driver/Src/stm32f4xx_hal_dma.o
 .debug_line    0x0000000000005654      0xb1d ./Drivers/STM32F4xx_HAL_Driver/Src/stm32f4xx_hal_gpio.o
 .debug_line    0x0000000000006171      0xd5f ./Drivers/STM32F4xx_HAL_Driver/Src/stm32f4xx_hal_rcc.o
 .debug_line    0x0000000000006ed0     0x1c6f ./Drivers/STM32F4xx_HAL_Driver/Src/stm32f4xx_hal_spi.o
 .debug_line    0x0000000000008b3f     0x34b3 ./Drivers/STM32F4xx_HAL_Driver/Src/stm32f4xx_hal_tim.o
 .debug_line    0x000000000000bff2     0x197d ./Drivers/STM32F4xx_HAL_Driver/Src/stm32f4xx_hal_tim_ex.o

.debug_str      0x0000000000000000    0x9852a
 .debug_str     0x0000000000000000    0x95443 ./Core/Src/main.o
                                      0x957b6 (size before relaxing)
 .debug_str     0x0000000000095443      0x1e5 ./Core/Src/nrf24l01.o
                                      0x922ff (size before relaxing)
 .debug_str     0x0000000000095628      0x611 ./Core/Src/stm32f4xx_hal_msp.o
                                      0x92797 (size before relaxing)
 .debug_str     0x0000000000095c39       0xec ./Core/Src/stm32f4xx_it.o
                                      0x91d82 (size before relaxing)
 .debug_str     0x0000000000095d25       0xdb ./Core/Src/system_stm32f4xx.o
                                      0x91a33 (size before relaxing)
 .debug_str     0x0000000000095e00       0x36 ./Core/Startup/startup_stm32f411ceux.o
                                         0x6b (size before relaxing)
 .debug_str     0x0000000000095e36      0x603 ./Drivers/STM32F4xx_HAL_Driver/Src/stm32f4xx_hal.o
                                      0x9245f (size before relaxing)
 .debug_str     0x0000000000096439      0x32d ./Drivers/STM32F4xx_HAL_Driver/Src/stm32f4xx_hal_cortex.o
                                      0x92180 (size before relaxing)
 .debug_str     0x0000000000096766      0x2f9 ./Drivers/STM32F4xx_HAL_Driver/Src/stm32f4xx_hal_dma.o
                                      0x91e3b (size before relaxing)
 .debug_str     0x0000000000096a5f      0x121 ./Drivers/STM32F4xx_HAL_Driver/Src/stm32f4xx_hal_gpio.o
                                      0x91bae (size before relaxing)
 .debug_str     0x0000000000096b80      0x233 ./Drivers/STM32F4xx_HAL_Driver/Src/stm32f4xx_hal_rcc.o
                                      0x91e67 (size before relaxing)
 .debug_str     0x0000000000096db3      0x528 ./Drivers/STM32F4xx_HAL_Driver/Src/stm32f4xx_hal_spi.o
                                      0x922e5 (size before relaxing)
 .debug_str     0x00000000000972db      0xdbc ./Drivers/STM32F4xx_HAL_Driver/Src/stm32f4xx_hal_tim.o
                                      0x92d9b (size before relaxing)
 .debug_str     0x0000000000098097      0x493 ./Drivers/STM32F4xx_HAL_Driver/Src/stm32f4xx_hal_tim_ex.o
                                      0x925b7 (size before relaxing)

.comment        0x0000000000000000       0x50
 .comment       0x0000000000000000       0x50 ./Core/Src/main.o
                                         0x51 (size before relaxing)
 .comment       0x0000000000000050       0x51 ./Core/Src/nrf24l01.o
 .comment       0x0000000000000050       0x51 ./Core/Src/stm32f4xx_hal_msp.o
 .comment       0x0000000000000050       0x51 ./Core/Src/stm32f4xx_it.o
 .comment       0x0000000000000050       0x51 ./Core/Src/system_stm32f4xx.o
 .comment       0x0000000000000050       0x51 ./Drivers/STM32F4xx_HAL_Driver/Src/stm32f4xx_hal.o
 .comment       0x0000000000000050       0x51 ./Drivers/STM32F4xx_HAL_Driver/Src/stm32f4xx_hal_cortex.o
 .comment       0x0000000000000050       0x51 ./Drivers/STM32F4xx_HAL_Driver/Src/stm32f4xx_hal_dma.o
 .comment       0x0000000000000050       0x51 ./Drivers/STM32F4xx_HAL_Driver/Src/stm32f4xx_hal_gpio.o
 .comment       0x0000000000000050       0x51 ./Drivers/STM32F4xx_HAL_Driver/Src/stm32f4xx_hal_rcc.o
 .comment       0x0000000000000050       0x51 ./Drivers/STM32F4xx_HAL_Driver/Src/stm32f4xx_hal_spi.o
 .comment       0x0000000000000050       0x51 ./Drivers/STM32F4xx_HAL_Driver/Src/stm32f4xx_hal_tim.o
 .comment       0x0000000000000050       0x51 ./Drivers/STM32F4xx_HAL_Driver/Src/stm32f4xx_hal_tim_ex.o

.debug_frame    0x0000000000000000     0x3718
 .debug_frame   0x0000000000000000      0x2d8 ./Core/Src/main.o
 .debug_frame   0x00000000000002d8      0x32c ./Core/Src/nrf24l01.o
 .debug_frame   0x0000000000000604      0x13c ./Core/Src/stm32f4xx_hal_msp.o
 .debug_frame   0x0000000000000740      0x120 ./Core/Src/stm32f4xx_it.o
 .debug_frame   0x0000000000000860       0x58 ./Core/Src/system_stm32f4xx.o
 .debug_frame   0x00000000000008b8      0x374 ./Drivers/STM32F4xx_HAL_Driver/Src/stm32f4xx_hal.o
 .debug_frame   0x0000000000000c2c      0x498 ./Drivers/STM32F4xx_HAL_Driver/Src/stm32f4xx_hal_cortex.o
 .debug_frame   0x00000000000010c4      0x250 ./Drivers/STM32F4xx_HAL_Driver/Src/stm32f4xx_hal_dma.o
 .debug_frame   0x0000000000001314      0x14c ./Drivers/STM32F4xx_HAL_Driver/Src/stm32f4xx_hal_gpio.o
 .debug_frame   0x0000000000001460      0x1f4 ./Drivers/STM32F4xx_HAL_Driver/Src/stm32f4xx_hal_rcc.o
 .debug_frame   0x0000000000001654      0x824 ./Drivers/STM32F4xx_HAL_Driver/Src/stm32f4xx_hal_spi.o
 .debug_frame   0x0000000000001e78     0x11bc ./Drivers/STM32F4xx_HAL_Driver/Src/stm32f4xx_hal_tim.o
 .debug_frame   0x0000000000003034      0x638 ./Drivers/STM32F4xx_HAL_Driver/Src/stm32f4xx_hal_tim_ex.o
 .debug_frame   0x000000000000366c       0x2c c:/st/stm32cubeide_1.9.0/stm32cubeide/plugins/com.st.stm32cube.ide.mcu.externaltools.gnu-tools-for-stm32.10.3-2021.10.win32_1.0.0.202111181127/tools/bin/../lib/gcc/arm-none-eabi/10.3.1/../../../../arm-none-eabi/lib/thumb/v7e-m+fp/hard\libc_nano.a(lib_a-init.o)
 .debug_frame   0x0000000000003698       0x20 c:/st/stm32cubeide_1.9.0/stm32cubeide/plugins/com.st.stm32cube.ide.mcu.externaltools.gnu-tools-for-stm32.10.3-2021.10.win32_1.0.0.202111181127/tools/bin/../lib/gcc/arm-none-eabi/10.3.1/../../../../arm-none-eabi/lib/thumb/v7e-m+fp/hard\libc_nano.a(lib_a-memset.o)
 .debug_frame   0x00000000000036b8       0x2c c:/st/stm32cubeide_1.9.0/stm32cubeide/plugins/com.st.stm32cube.ide.mcu.externaltools.gnu-tools-for-stm32.10.3-2021.10.win32_1.0.0.202111181127/tools/bin/../lib/gcc/arm-none-eabi/10.3.1/thumb/v7e-m+fp/hard\libgcc.a(_aeabi_uldivmod.o)
 .debug_frame   0x00000000000036e4       0x34 c:/st/stm32cubeide_1.9.0/stm32cubeide/plugins/com.st.stm32cube.ide.mcu.externaltools.gnu-tools-for-stm32.10.3-2021.10.win32_1.0.0.202111181127/tools/bin/../lib/gcc/arm-none-eabi/10.3.1/thumb/v7e-m+fp/hard\libgcc.a(_udivmoddi4.o)
