../Core/Src/main.c:87:5:main	72	static
../Core/Src/main.c:140:6:SystemClock_Config	88	static
../Core/Src/main.c:182:13:MX_ADC1_Init	24	static
../Core/Src/main.c:234:13:MX_SPI2_Init	8	static
../Core/Src/main.c:291:6:StartDefaultTask	16	static
../Core/Src/main.c:340:6:StartTask02	16	static
../Core/Src/main.c:388:6:HAL_ADC_ConvCpltCallback	16	static
../Core/Src/main.c:402:13:MX_DMA_Init	16	static
../Core/Src/main.c:420:13:MX_GPIO_Init	32	static
../Core/Src/main.c:449:6:Error_Handler	4	static,ignoring_inline_asm
