../Core/Src/main.c:81:5:main	16	static
../Core/Src/main.c:150:6:SystemClock_Config	88	static
../Core/Src/main.c:192:13:MX_TIM2_Init	48	static
../Core/Src/main.c:236:6:PWM_1	40	static
../Core/Src/main.c:276:6:PWM_2	40	static
../Core/Src/main.c:324:13:MX_SPI1_Init	8	static
../Core/Src/main.c:358:13:MX_GPIO_Init	32	static
../Core/Src/main.c:380:6:readData	8	static
../Core/Src/main.c:408:6:Avanza_A	8	static
../Core/Src/main.c:414:6:Avanza_B	8	static
../Core/Src/main.c:420:6:Avanza	8	static
../Core/Src/main.c:427:6:Giro_I_A	8	static
../Core/Src/main.c:435:6:Giro_I_B	8	static
../Core/Src/main.c:442:6:Giro_I	8	static
../Core/Src/main.c:449:6:Giro_D_A	8	static
../Core/Src/main.c:455:6:Giro_D_B	8	static
../Core/Src/main.c:461:6:Giro_D	8	static
../Core/Src/main.c:467:6:Retroceso_A	8	static
../Core/Src/main.c:473:6:Retroceso_B	8	static
../Core/Src/main.c:479:6:Retroceso	8	static
../Core/Src/main.c:485:6:Alto_A	8	static
../Core/Src/main.c:490:6:Alto_B	8	static
../Core/Src/main.c:497:6:Alto	8	static
../Core/Src/main.c:512:6:Error_Handler	4	static,ignoring_inline_asm
